2026-02-23 01:07:21,339 INFO sqlalchemy.engine.Engine BEGIN (implicit)
2026-02-23 01:07:21,346 INFO sqlalchemy.engine.Engine SELECT stops.id AS stops_id, stops.stop_id AS stops_stop_id, stops.code AS stops_code, stops.name AS stops_name, stops.city AS stops_city, stops.state AS stops_state, stops.latitude AS stops_latitude, stops.longitude AS stops_longitude, stops.geom AS stops_geom, stops.location_type AS stops_location_type, stops.parent_station_id AS stops_parent_station_id, stops.safety_score AS stops_safety_score, stops.is_major_junction AS stops_is_major_junction, stops.facilities_json AS stops_facilities_json, stops.wheelchair_accessible AS stops_wheelchair_accessible, stops.platform_count AS stops_platform_count, stops.distance_to_city_center_km AS stops_distance_to_city_center_km 
FROM stops 
WHERE stops.is_major_junction = 1 OR stops.code IN (?, ?, ?, ?, ?, ?, ?, ?, ?)
2026-02-23 01:07:21,347 INFO sqlalchemy.engine.Engine [generated in 0.00058s] ('NDLS', 'CSMT', 'MAS', 'HWH', 'SBC', 'PNBE', 'LKO', 'ADI', 'BCT')
python : Could not query hubs during initialization (may be running 
against an unprepared test database): (sqlite3.OperationalError) no 
such column: stops.city
At line:1 char:66
+ ... startupV2"; python -m pytest 
backend/tests/test_integration_audit.py: ...
+                 
~~~~~~~~~~~~~~~~~~~~~~~~~~~~~~~~~~~~~~~~~~~~~~~~~~~~~~~~~
    + CategoryInfo          : NotSpecified: (Could not query...umn: sto 
   ps.city:String) [], RemoteException
    + FullyQualifiedErrorId : NativeCommandError
 
[SQL: SELECT stops.id AS stops_id, stops.stop_id AS stops_stop_id, 
stops.code AS stops_code, stops.name AS stops_name, stops.city AS 
stops_city, stops.state AS stops_state, stops.latitude AS 
stops_latitude, stops.longitude AS stops_longitude, stops.geom AS 
stops_geom, stops.location_type AS stops_location_type, 
stops.parent_station_id AS stops_parent_station_id, stops.safety_score 
AS stops_safety_score, stops.is_major_junction AS 
stops_is_major_junction, stops.facilities_json AS 
stops_facilities_json, stops.wheelchair_accessible AS 
stops_wheelchair_accessible, stops.platform_count AS 
stops_platform_count, stops.distance_to_city_center_km AS 
stops_distance_to_city_center_km 
FROM stops 
WHERE stops.is_major_junction = 1 OR stops.code IN (?, ?, ?, ?, ?, ?, 
?, ?, ?)]
[parameters: ('NDLS', 'CSMT', 'MAS', 'HWH', 'SBC', 'PNBE', 'LKO', 
'ADI', 'BCT')]
(Background on this error at: https://sqlalche.me/e/20/e3q8)
2026-02-23 01:07:21,348 INFO sqlalchemy.engine.Engine ROLLBACK
\u26a0\ufe0f RAPIDAPI_KEY not found in config. Booking layer disabled.
============================= test session starts =============================
platform win32 -- Python 3.11.3, pytest-7.4.3, pluggy-1.6.0 -- C:\Users\Gaurav Nagar\AppData\Local\Programs\Python\Python311\python.exe
cachedir: .pytest_cache
metadata: {'Python': '3.11.3', 'Platform': 'Windows-10-10.0.26200-SP0', 'Packages': {'pytest': '7.4.3', 'pluggy': '1.6.0'}, 'Plugins': {'anyio': '3.7.1', 'Faker': '20.1.0', 'locust': '2.43.2', 'asyncio': '0.21.1', 'cov': '4.1.0', 'html': '4.1.1', 'json-report': '1.5.0', 'metadata': '3.1.1', 'mock': '3.15.1', 'xdist': '3.5.0'}}
rootdir: C:\Users\Gaurav Nagar\OneDrive\Desktop\startupV2
plugins: anyio-3.7.1, Faker-20.1.0, locust-2.43.2, asyncio-0.21.1, cov-4.1.0, html-4.1.1, json-report-1.5.0, metadata-3.1.1, mock-3.15.1, xdist-3.5.0
asyncio: mode=Mode.STRICT
collecting ... {"event": "Prometheus Instrumentator mounted at /metrics", "level": "info", "timestamp": "2026-02-22T19:37:22.461307Z"}
{"event": "CORS configured for origins: ['http://localhost:5173', 'http://127.0.0.1:5173', 'http://localhost:3000', 'http://frontend:5173']", "level": "info", "timestamp": "2026-02-22T19:37:22.461824Z"}
collected 1 item

backend/tests/test_integration_audit.py::test_full_user_flow_and_ws 2026-02-23 01:07:23,062 INFO sqlalchemy.engine.Engine BEGIN (implicit)
2026-02-23 01:07:23,062 INFO sqlalchemy.engine.Engine PRAGMA main.table_info("users")
2026-02-23 01:07:23,062 INFO sqlalchemy.engine.Engine [raw sql] ()
2026-02-23 01:07:23,063 INFO sqlalchemy.engine.Engine PRAGMA temp.table_info("users")
2026-02-23 01:07:23,063 INFO sqlalchemy.engine.Engine [raw sql] ()
2026-02-23 01:07:23,064 INFO sqlalchemy.engine.Engine PRAGMA main.table_info("agency")
2026-02-23 01:07:23,064 INFO sqlalchemy.engine.Engine [raw sql] ()
2026-02-23 01:07:23,065 INFO sqlalchemy.engine.Engine PRAGMA temp.table_info("agency")
2026-02-23 01:07:23,065 INFO sqlalchemy.engine.Engine [raw sql] ()
2026-02-23 01:07:23,065 INFO sqlalchemy.engine.Engine PRAGMA main.table_info("stops")
2026-02-23 01:07:23,066 INFO sqlalchemy.engine.Engine [raw sql] ()
2026-02-23 01:07:23,066 INFO sqlalchemy.engine.Engine PRAGMA main.table_info("gtfs_routes")
2026-02-23 01:07:23,067 INFO sqlalchemy.engine.Engine [raw sql] ()
2026-02-23 01:07:23,067 INFO sqlalchemy.engine.Engine PRAGMA temp.table_info("gtfs_routes")
2026-02-23 01:07:23,067 INFO sqlalchemy.engine.Engine [raw sql] ()
2026-02-23 01:07:23,068 INFO sqlalchemy.engine.Engine PRAGMA main.table_info("calendar")
2026-02-23 01:07:23,068 INFO sqlalchemy.engine.Engine [raw sql] ()
2026-02-23 01:07:23,068 INFO sqlalchemy.engine.Engine PRAGMA temp.table_info("calendar")
2026-02-23 01:07:23,068 INFO sqlalchemy.engine.Engine [raw sql] ()
2026-02-23 01:07:23,069 INFO sqlalchemy.engine.Engine PRAGMA main.table_info("calendar_dates")
2026-02-23 01:07:23,069 INFO sqlalchemy.engine.Engine [raw sql] ()
2026-02-23 01:07:23,069 INFO sqlalchemy.engine.Engine PRAGMA temp.table_info("calendar_dates")
2026-02-23 01:07:23,070 INFO sqlalchemy.engine.Engine [raw sql] ()
2026-02-23 01:07:23,070 INFO sqlalchemy.engine.Engine PRAGMA main.table_info("trips")
2026-02-23 01:07:23,070 INFO sqlalchemy.engine.Engine [raw sql] ()
2026-02-23 01:07:23,070 INFO sqlalchemy.engine.Engine PRAGMA temp.table_info("trips")
2026-02-23 01:07:23,070 INFO sqlalchemy.engine.Engine [raw sql] ()
2026-02-23 01:07:23,071 INFO sqlalchemy.engine.Engine PRAGMA main.table_info("stop_times")
2026-02-23 01:07:23,071 INFO sqlalchemy.engine.Engine [raw sql] ()
2026-02-23 01:07:23,072 INFO sqlalchemy.engine.Engine PRAGMA temp.table_info("stop_times")
2026-02-23 01:07:23,072 INFO sqlalchemy.engine.Engine [raw sql] ()
2026-02-23 01:07:23,072 INFO sqlalchemy.engine.Engine PRAGMA main.table_info("coaches")
2026-02-23 01:07:23,072 INFO sqlalchemy.engine.Engine [raw sql] ()
2026-02-23 01:07:23,073 INFO sqlalchemy.engine.Engine PRAGMA temp.table_info("coaches")
2026-02-23 01:07:23,073 INFO sqlalchemy.engine.Engine [raw sql] ()
2026-02-23 01:07:23,073 INFO sqlalchemy.engine.Engine PRAGMA main.table_info("seats")
2026-02-23 01:07:23,073 INFO sqlalchemy.engine.Engine [raw sql] ()
2026-02-23 01:07:23,074 INFO sqlalchemy.engine.Engine PRAGMA temp.table_info("seats")
2026-02-23 01:07:23,074 INFO sqlalchemy.engine.Engine [raw sql] ()
2026-02-23 01:07:23,075 INFO sqlalchemy.engine.Engine PRAGMA main.table_info("fares")
2026-02-23 01:07:23,075 INFO sqlalchemy.engine.Engine [raw sql] ()
2026-02-23 01:07:23,075 INFO sqlalchemy.engine.Engine PRAGMA temp.table_info("fares")
2026-02-23 01:07:23,075 INFO sqlalchemy.engine.Engine [raw sql] ()
2026-02-23 01:07:23,075 INFO sqlalchemy.engine.Engine PRAGMA main.table_info("transfers")
2026-02-23 01:07:23,075 INFO sqlalchemy.engine.Engine [raw sql] ()
2026-02-23 01:07:23,076 INFO sqlalchemy.engine.Engine PRAGMA temp.table_info("transfers")
2026-02-23 01:07:23,076 INFO sqlalchemy.engine.Engine [raw sql] ()
2026-02-23 01:07:23,076 INFO sqlalchemy.engine.Engine PRAGMA main.table_info("bookings")
2026-02-23 01:07:23,076 INFO sqlalchemy.engine.Engine [raw sql] ()
2026-02-23 01:07:23,077 INFO sqlalchemy.engine.Engine PRAGMA temp.table_info("bookings")
2026-02-23 01:07:23,077 INFO sqlalchemy.engine.Engine [raw sql] ()
2026-02-23 01:07:23,078 INFO sqlalchemy.engine.Engine PRAGMA main.table_info("passenger_details")
2026-02-23 01:07:23,078 INFO sqlalchemy.engine.Engine [raw sql] ()
2026-02-23 01:07:23,078 INFO sqlalchemy.engine.Engine PRAGMA temp.table_info("passenger_details")
2026-02-23 01:07:23,079 INFO sqlalchemy.engine.Engine [raw sql] ()
2026-02-23 01:07:23,079 INFO sqlalchemy.engine.Engine PRAGMA main.table_info("unlocked_routes")
2026-02-23 01:07:23,079 INFO sqlalchemy.engine.Engine [raw sql] ()
2026-02-23 01:07:23,080 INFO sqlalchemy.engine.Engine PRAGMA temp.table_info("unlocked_routes")
2026-02-23 01:07:23,080 INFO sqlalchemy.engine.Engine [raw sql] ()
2026-02-23 01:07:23,080 INFO sqlalchemy.engine.Engine PRAGMA main.table_info("disruptions")
2026-02-23 01:07:23,081 INFO sqlalchemy.engine.Engine [raw sql] ()
2026-02-23 01:07:23,081 INFO sqlalchemy.engine.Engine PRAGMA temp.table_info("disruptions")
2026-02-23 01:07:23,081 INFO sqlalchemy.engine.Engine [raw sql] ()
2026-02-23 01:07:23,082 INFO sqlalchemy.engine.Engine PRAGMA main.table_info("seat_inventory")
2026-02-23 01:07:23,082 INFO sqlalchemy.engine.Engine [raw sql] ()
2026-02-23 01:07:23,083 INFO sqlalchemy.engine.Engine PRAGMA temp.table_info("seat_inventory")
2026-02-23 01:07:23,083 INFO sqlalchemy.engine.Engine [raw sql] ()
2026-02-23 01:07:23,083 INFO sqlalchemy.engine.Engine PRAGMA main.table_info("commission_tracking")
2026-02-23 01:07:23,083 INFO sqlalchemy.engine.Engine [raw sql] ()
2026-02-23 01:07:23,084 INFO sqlalchemy.engine.Engine PRAGMA temp.table_info("commission_tracking")
2026-02-23 01:07:23,084 INFO sqlalchemy.engine.Engine [raw sql] ()
2026-02-23 01:07:23,084 INFO sqlalchemy.engine.Engine PRAGMA main.table_info("reviews")
2026-02-23 01:07:23,084 INFO sqlalchemy.engine.Engine [raw sql] ()
2026-02-23 01:07:23,085 INFO sqlalchemy.engine.Engine PRAGMA temp.table_info("reviews")
2026-02-23 01:07:23,085 INFO sqlalchemy.engine.Engine [raw sql] ()
2026-02-23 01:07:23,086 INFO sqlalchemy.engine.Engine PRAGMA main.table_info("payments")
2026-02-23 01:07:23,086 INFO sqlalchemy.engine.Engine [raw sql] ()
2026-02-23 01:07:23,086 INFO sqlalchemy.engine.Engine PRAGMA temp.table_info("payments")
2026-02-23 01:07:23,086 INFO sqlalchemy.engine.Engine [raw sql] ()
2026-02-23 01:07:23,087 INFO sqlalchemy.engine.Engine PRAGMA main.table_info("realtime_data")
2026-02-23 01:07:23,087 INFO sqlalchemy.engine.Engine [raw sql] ()
2026-02-23 01:07:23,088 INFO sqlalchemy.engine.Engine PRAGMA main.table_info("rl_feedback_logs")
2026-02-23 01:07:23,088 INFO sqlalchemy.engine.Engine [raw sql] ()
2026-02-23 01:07:23,088 INFO sqlalchemy.engine.Engine PRAGMA temp.table_info("rl_feedback_logs")
2026-02-23 01:07:23,089 INFO sqlalchemy.engine.Engine [raw sql] ()
2026-02-23 01:07:23,089 INFO sqlalchemy.engine.Engine PRAGMA main.table_info("route_shapes")
2026-02-23 01:07:23,089 INFO sqlalchemy.engine.Engine [raw sql] ()
2026-02-23 01:07:23,089 INFO sqlalchemy.engine.Engine PRAGMA temp.table_info("route_shapes")
2026-02-23 01:07:23,090 INFO sqlalchemy.engine.Engine [raw sql] ()
2026-02-23 01:07:23,090 INFO sqlalchemy.engine.Engine PRAGMA main.table_info("frequencies")
2026-02-23 01:07:23,091 INFO sqlalchemy.engine.Engine [raw sql] ()
2026-02-23 01:07:23,091 INFO sqlalchemy.engine.Engine PRAGMA temp.table_info("frequencies")
2026-02-23 01:07:23,091 INFO sqlalchemy.engine.Engine [raw sql] ()
2026-02-23 01:07:23,091 INFO sqlalchemy.engine.Engine PRAGMA main.table_info("station_facilities")
2026-02-23 01:07:23,092 INFO sqlalchemy.engine.Engine [raw sql] ()
2026-02-23 01:07:23,092 INFO sqlalchemy.engine.Engine PRAGMA temp.table_info("station_facilities")
2026-02-23 01:07:23,092 INFO sqlalchemy.engine.Engine [raw sql] ()
2026-02-23 01:07:23,092 INFO sqlalchemy.engine.Engine PRAGMA main.table_info("cancellation_rules")
2026-02-23 01:07:23,093 INFO sqlalchemy.engine.Engine [raw sql] ()
2026-02-23 01:07:23,094 INFO sqlalchemy.engine.Engine PRAGMA temp.table_info("cancellation_rules")
2026-02-23 01:07:23,094 INFO sqlalchemy.engine.Engine [raw sql] ()
2026-02-23 01:07:23,094 INFO sqlalchemy.engine.Engine PRAGMA main.table_info("waiting_list")
2026-02-23 01:07:23,094 INFO sqlalchemy.engine.Engine [raw sql] ()
2026-02-23 01:07:23,095 INFO sqlalchemy.engine.Engine PRAGMA temp.table_info("waiting_list")
2026-02-23 01:07:23,095 INFO sqlalchemy.engine.Engine [raw sql] ()
2026-02-23 01:07:23,095 INFO sqlalchemy.engine.Engine PRAGMA main.table_info("precalculated_routes")
2026-02-23 01:07:23,096 INFO sqlalchemy.engine.Engine [raw sql] ()
2026-02-23 01:07:23,097 INFO sqlalchemy.engine.Engine PRAGMA temp.table_info("precalculated_routes")
2026-02-23 01:07:23,097 INFO sqlalchemy.engine.Engine [raw sql] ()
2026-02-23 01:07:23,097 INFO sqlalchemy.engine.Engine PRAGMA main.table_info("vehicles")
2026-02-23 01:07:23,097 INFO sqlalchemy.engine.Engine [raw sql] ()
2026-02-23 01:07:23,099 INFO sqlalchemy.engine.Engine PRAGMA temp.table_info("vehicles")
2026-02-23 01:07:23,099 INFO sqlalchemy.engine.Engine [raw sql] ()
2026-02-23 01:07:23,099 INFO sqlalchemy.engine.Engine PRAGMA main.table_info("stations")
2026-02-23 01:07:23,099 INFO sqlalchemy.engine.Engine [raw sql] ()
2026-02-23 01:07:23,099 INFO sqlalchemy.engine.Engine PRAGMA temp.table_info("stations")
2026-02-23 01:07:23,100 INFO sqlalchemy.engine.Engine [raw sql] ()
2026-02-23 01:07:23,101 INFO sqlalchemy.engine.Engine PRAGMA main.table_info("segments")
2026-02-23 01:07:23,101 INFO sqlalchemy.engine.Engine [raw sql] ()
2026-02-23 01:07:23,101 INFO sqlalchemy.engine.Engine PRAGMA temp.table_info("segments")
2026-02-23 01:07:23,102 INFO sqlalchemy.engine.Engine [raw sql] ()
2026-02-23 01:07:23,102 INFO sqlalchemy.engine.Engine PRAGMA main.table_info("station_departures_indexed")
2026-02-23 01:07:23,102 INFO sqlalchemy.engine.Engine [raw sql] ()
2026-02-23 01:07:23,102 INFO sqlalchemy.engine.Engine PRAGMA temp.table_info("station_departures_indexed")
2026-02-23 01:07:23,103 INFO sqlalchemy.engine.Engine [raw sql] ()
2026-02-23 01:07:23,103 INFO sqlalchemy.engine.Engine PRAGMA main.table_info("time_index_keys")
2026-02-23 01:07:23,104 INFO sqlalchemy.engine.Engine [raw sql] ()
2026-02-23 01:07:23,104 INFO sqlalchemy.engine.Engine PRAGMA temp.table_info("time_index_keys")
2026-02-23 01:07:23,104 INFO sqlalchemy.engine.Engine [raw sql] ()
2026-02-23 01:07:23,105 INFO sqlalchemy.engine.Engine PRAGMA main.table_info("station_departures")
2026-02-23 01:07:23,105 INFO sqlalchemy.engine.Engine [raw sql] ()
2026-02-23 01:07:23,105 INFO sqlalchemy.engine.Engine PRAGMA temp.table_info("station_departures")
2026-02-23 01:07:23,106 INFO sqlalchemy.engine.Engine [raw sql] ()
2026-02-23 01:07:23,106 INFO sqlalchemy.engine.Engine PRAGMA main.table_info("stop_departures")
2026-02-23 01:07:23,107 INFO sqlalchemy.engine.Engine [raw sql] ()
2026-02-23 01:07:23,107 INFO sqlalchemy.engine.Engine PRAGMA temp.table_info("stop_departures")
2026-02-23 01:07:23,107 INFO sqlalchemy.engine.Engine [raw sql] ()
2026-02-23 01:07:23,107 INFO sqlalchemy.engine.Engine PRAGMA main.table_info("stations_master")
2026-02-23 01:07:23,108 INFO sqlalchemy.engine.Engine [raw sql] ()
2026-02-23 01:07:23,108 INFO sqlalchemy.engine.Engine PRAGMA temp.table_info("stations_master")
2026-02-23 01:07:23,108 INFO sqlalchemy.engine.Engine [raw sql] ()
2026-02-23 01:07:23,108 INFO sqlalchemy.engine.Engine PRAGMA main.table_info("route_search_logs")
2026-02-23 01:07:23,108 INFO sqlalchemy.engine.Engine [raw sql] ()
2026-02-23 01:07:23,110 INFO sqlalchemy.engine.Engine PRAGMA temp.table_info("route_search_logs")
2026-02-23 01:07:23,110 INFO sqlalchemy.engine.Engine [raw sql] ()
2026-02-23 01:07:23,110 INFO sqlalchemy.engine.Engine PRAGMA main.table_info("train_states")
2026-02-23 01:07:23,110 INFO sqlalchemy.engine.Engine [raw sql] ()
2026-02-23 01:07:23,111 INFO sqlalchemy.engine.Engine PRAGMA temp.table_info("train_states")
2026-02-23 01:07:23,111 INFO sqlalchemy.engine.Engine [raw sql] ()
2026-02-23 01:07:23,111 INFO sqlalchemy.engine.Engine PRAGMA main.table_info("seat_availability")
2026-02-23 01:07:23,112 INFO sqlalchemy.engine.Engine [raw sql] ()
2026-02-23 01:07:23,112 INFO sqlalchemy.engine.Engine PRAGMA main.table_info("trains_master")
2026-02-23 01:07:23,112 INFO sqlalchemy.engine.Engine [raw sql] ()
2026-02-23 01:07:23,113 INFO sqlalchemy.engine.Engine PRAGMA main.table_info("train_stations")
2026-02-23 01:07:23,113 INFO sqlalchemy.engine.Engine [raw sql] ()
2026-02-23 01:07:23,113 INFO sqlalchemy.engine.Engine PRAGMA main.table_info("train_live_updates")
2026-02-23 01:07:23,113 INFO sqlalchemy.engine.Engine [raw sql] ()
2026-02-23 01:07:23,115 INFO sqlalchemy.engine.Engine 
DROP TABLE train_stations
2026-02-23 01:07:23,115 INFO sqlalchemy.engine.Engine [no key 0.00020s] ()
2026-02-23 01:07:23,125 INFO sqlalchemy.engine.Engine 
DROP TABLE train_live_updates
2026-02-23 01:07:23,125 INFO sqlalchemy.engine.Engine [no key 0.00039s] ()
2026-02-23 01:07:23,134 INFO sqlalchemy.engine.Engine 
DROP TABLE trains_master
2026-02-23 01:07:23,134 INFO sqlalchemy.engine.Engine [no key 0.00029s] ()
2026-02-23 01:07:23,143 INFO sqlalchemy.engine.Engine 
DROP TABLE seat_availability
2026-02-23 01:07:23,144 INFO sqlalchemy.engine.Engine [no key 0.00039s] ()
2026-02-23 01:07:23,152 INFO sqlalchemy.engine.Engine 
DROP TABLE realtime_data
2026-02-23 01:07:23,152 INFO sqlalchemy.engine.Engine [no key 0.00038s] ()
2026-02-23 01:07:23,162 INFO sqlalchemy.engine.Engine 
DROP TABLE stops
2026-02-23 01:07:23,162 INFO sqlalchemy.engine.Engine [no key 0.00049s] ()
2026-02-23 01:07:23,173 INFO sqlalchemy.engine.Engine COMMIT
2026-02-23 01:07:23,173 INFO sqlalchemy.engine.Engine BEGIN (implicit)
2026-02-23 01:07:23,173 INFO sqlalchemy.engine.Engine PRAGMA main.table_info("users")
2026-02-23 01:07:23,174 INFO sqlalchemy.engine.Engine [raw sql] ()
2026-02-23 01:07:23,175 INFO sqlalchemy.engine.Engine PRAGMA temp.table_info("users")
2026-02-23 01:07:23,175 INFO sqlalchemy.engine.Engine [raw sql] ()
2026-02-23 01:07:23,175 INFO sqlalchemy.engine.Engine PRAGMA main.table_info("agency")
2026-02-23 01:07:23,176 INFO sqlalchemy.engine.Engine [raw sql] ()
2026-02-23 01:07:23,176 INFO sqlalchemy.engine.Engine PRAGMA temp.table_info("agency")
2026-02-23 01:07:23,177 INFO sqlalchemy.engine.Engine [raw sql] ()
2026-02-23 01:07:23,177 INFO sqlalchemy.engine.Engine PRAGMA main.table_info("stops")
2026-02-23 01:07:23,177 INFO sqlalchemy.engine.Engine [raw sql] ()
2026-02-23 01:07:23,178 INFO sqlalchemy.engine.Engine PRAGMA temp.table_info("stops")
2026-02-23 01:07:23,179 INFO sqlalchemy.engine.Engine [raw sql] ()
2026-02-23 01:07:23,179 INFO sqlalchemy.engine.Engine PRAGMA main.table_info("gtfs_routes")
2026-02-23 01:07:23,179 INFO sqlalchemy.engine.Engine [raw sql] ()
2026-02-23 01:07:23,180 INFO sqlalchemy.engine.Engine PRAGMA temp.table_info("gtfs_routes")
2026-02-23 01:07:23,181 INFO sqlalchemy.engine.Engine [raw sql] ()
2026-02-23 01:07:23,181 INFO sqlalchemy.engine.Engine PRAGMA main.table_info("calendar")
2026-02-23 01:07:23,181 INFO sqlalchemy.engine.Engine [raw sql] ()
2026-02-23 01:07:23,181 INFO sqlalchemy.engine.Engine PRAGMA temp.table_info("calendar")
2026-02-23 01:07:23,182 INFO sqlalchemy.engine.Engine [raw sql] ()
2026-02-23 01:07:23,182 INFO sqlalchemy.engine.Engine PRAGMA main.table_info("calendar_dates")
2026-02-23 01:07:23,182 INFO sqlalchemy.engine.Engine [raw sql] ()
2026-02-23 01:07:23,182 INFO sqlalchemy.engine.Engine PRAGMA temp.table_info("calendar_dates")
2026-02-23 01:07:23,182 INFO sqlalchemy.engine.Engine [raw sql] ()
2026-02-23 01:07:23,183 INFO sqlalchemy.engine.Engine PRAGMA main.table_info("trips")
2026-02-23 01:07:23,183 INFO sqlalchemy.engine.Engine [raw sql] ()
2026-02-23 01:07:23,184 INFO sqlalchemy.engine.Engine PRAGMA temp.table_info("trips")
2026-02-23 01:07:23,184 INFO sqlalchemy.engine.Engine [raw sql] ()
2026-02-23 01:07:23,184 INFO sqlalchemy.engine.Engine PRAGMA main.table_info("stop_times")
2026-02-23 01:07:23,184 INFO sqlalchemy.engine.Engine [raw sql] ()
2026-02-23 01:07:23,185 INFO sqlalchemy.engine.Engine PRAGMA temp.table_info("stop_times")
2026-02-23 01:07:23,185 INFO sqlalchemy.engine.Engine [raw sql] ()
2026-02-23 01:07:23,185 INFO sqlalchemy.engine.Engine PRAGMA main.table_info("coaches")
2026-02-23 01:07:23,186 INFO sqlalchemy.engine.Engine [raw sql] ()
2026-02-23 01:07:23,186 INFO sqlalchemy.engine.Engine PRAGMA temp.table_info("coaches")
2026-02-23 01:07:23,186 INFO sqlalchemy.engine.Engine [raw sql] ()
2026-02-23 01:07:23,186 INFO sqlalchemy.engine.Engine PRAGMA main.table_info("seats")
2026-02-23 01:07:23,186 INFO sqlalchemy.engine.Engine [raw sql] ()
2026-02-23 01:07:23,187 INFO sqlalchemy.engine.Engine PRAGMA temp.table_info("seats")
2026-02-23 01:07:23,187 INFO sqlalchemy.engine.Engine [raw sql] ()
2026-02-23 01:07:23,188 INFO sqlalchemy.engine.Engine PRAGMA main.table_info("fares")
2026-02-23 01:07:23,188 INFO sqlalchemy.engine.Engine [raw sql] ()
2026-02-23 01:07:23,189 INFO sqlalchemy.engine.Engine PRAGMA temp.table_info("fares")
2026-02-23 01:07:23,189 INFO sqlalchemy.engine.Engine [raw sql] ()
2026-02-23 01:07:23,189 INFO sqlalchemy.engine.Engine PRAGMA main.table_info("transfers")
2026-02-23 01:07:23,189 INFO sqlalchemy.engine.Engine [raw sql] ()
2026-02-23 01:07:23,190 INFO sqlalchemy.engine.Engine PRAGMA temp.table_info("transfers")
2026-02-23 01:07:23,190 INFO sqlalchemy.engine.Engine [raw sql] ()
2026-02-23 01:07:23,191 INFO sqlalchemy.engine.Engine PRAGMA main.table_info("bookings")
2026-02-23 01:07:23,191 INFO sqlalchemy.engine.Engine [raw sql] ()
2026-02-23 01:07:23,191 INFO sqlalchemy.engine.Engine PRAGMA temp.table_info("bookings")
2026-02-23 01:07:23,191 INFO sqlalchemy.engine.Engine [raw sql] ()
2026-02-23 01:07:23,192 INFO sqlalchemy.engine.Engine PRAGMA main.table_info("passenger_details")
2026-02-23 01:07:23,192 INFO sqlalchemy.engine.Engine [raw sql] ()
2026-02-23 01:07:23,192 INFO sqlalchemy.engine.Engine PRAGMA temp.table_info("passenger_details")
2026-02-23 01:07:23,192 INFO sqlalchemy.engine.Engine [raw sql] ()
2026-02-23 01:07:23,192 INFO sqlalchemy.engine.Engine PRAGMA main.table_info("unlocked_routes")
2026-02-23 01:07:23,193 INFO sqlalchemy.engine.Engine [raw sql] ()
2026-02-23 01:07:23,193 INFO sqlalchemy.engine.Engine PRAGMA temp.table_info("unlocked_routes")
2026-02-23 01:07:23,193 INFO sqlalchemy.engine.Engine [raw sql] ()
2026-02-23 01:07:23,194 INFO sqlalchemy.engine.Engine PRAGMA main.table_info("disruptions")
2026-02-23 01:07:23,194 INFO sqlalchemy.engine.Engine [raw sql] ()
2026-02-23 01:07:23,195 INFO sqlalchemy.engine.Engine PRAGMA temp.table_info("disruptions")
2026-02-23 01:07:23,195 INFO sqlalchemy.engine.Engine [raw sql] ()
2026-02-23 01:07:23,195 INFO sqlalchemy.engine.Engine PRAGMA main.table_info("seat_inventory")
2026-02-23 01:07:23,195 INFO sqlalchemy.engine.Engine [raw sql] ()
2026-02-23 01:07:23,196 INFO sqlalchemy.engine.Engine PRAGMA temp.table_info("seat_inventory")
2026-02-23 01:07:23,196 INFO sqlalchemy.engine.Engine [raw sql] ()
2026-02-23 01:07:23,196 INFO sqlalchemy.engine.Engine PRAGMA main.table_info("commission_tracking")
2026-02-23 01:07:23,197 INFO sqlalchemy.engine.Engine [raw sql] ()
2026-02-23 01:07:23,197 INFO sqlalchemy.engine.Engine PRAGMA temp.table_info("commission_tracking")
2026-02-23 01:07:23,197 INFO sqlalchemy.engine.Engine [raw sql] ()
2026-02-23 01:07:23,197 INFO sqlalchemy.engine.Engine PRAGMA main.table_info("reviews")
2026-02-23 01:07:23,197 INFO sqlalchemy.engine.Engine [raw sql] ()
2026-02-23 01:07:23,198 INFO sqlalchemy.engine.Engine PRAGMA temp.table_info("reviews")
2026-02-23 01:07:23,198 INFO sqlalchemy.engine.Engine [raw sql] ()
2026-02-23 01:07:23,198 INFO sqlalchemy.engine.Engine PRAGMA main.table_info("payments")
2026-02-23 01:07:23,198 INFO sqlalchemy.engine.Engine [raw sql] ()
2026-02-23 01:07:23,199 INFO sqlalchemy.engine.Engine PRAGMA temp.table_info("payments")
2026-02-23 01:07:23,199 INFO sqlalchemy.engine.Engine [raw sql] ()
2026-02-23 01:07:23,200 INFO sqlalchemy.engine.Engine PRAGMA main.table_info("realtime_data")
2026-02-23 01:07:23,200 INFO sqlalchemy.engine.Engine [raw sql] ()
2026-02-23 01:07:23,200 INFO sqlalchemy.engine.Engine PRAGMA temp.table_info("realtime_data")
2026-02-23 01:07:23,200 INFO sqlalchemy.engine.Engine [raw sql] ()
2026-02-23 01:07:23,200 INFO sqlalchemy.engine.Engine PRAGMA main.table_info("rl_feedback_logs")
2026-02-23 01:07:23,201 INFO sqlalchemy.engine.Engine [raw sql] ()
2026-02-23 01:07:23,202 INFO sqlalchemy.engine.Engine PRAGMA temp.table_info("rl_feedback_logs")
2026-02-23 01:07:23,202 INFO sqlalchemy.engine.Engine [raw sql] ()
2026-02-23 01:07:23,202 INFO sqlalchemy.engine.Engine PRAGMA main.table_info("route_shapes")
2026-02-23 01:07:23,203 INFO sqlalchemy.engine.Engine [raw sql] ()
2026-02-23 01:07:23,203 INFO sqlalchemy.engine.Engine PRAGMA temp.table_info("route_shapes")
2026-02-23 01:07:23,203 INFO sqlalchemy.engine.Engine [raw sql] ()
2026-02-23 01:07:23,203 INFO sqlalchemy.engine.Engine PRAGMA main.table_info("frequencies")
2026-02-23 01:07:23,204 INFO sqlalchemy.engine.Engine [raw sql] ()
2026-02-23 01:07:23,205 INFO sqlalchemy.engine.Engine PRAGMA temp.table_info("frequencies")
2026-02-23 01:07:23,205 INFO sqlalchemy.engine.Engine [raw sql] ()
2026-02-23 01:07:23,205 INFO sqlalchemy.engine.Engine PRAGMA main.table_info("station_facilities")
2026-02-23 01:07:23,205 INFO sqlalchemy.engine.Engine [raw sql] ()
2026-02-23 01:07:23,206 INFO sqlalchemy.engine.Engine PRAGMA temp.table_info("station_facilities")
2026-02-23 01:07:23,206 INFO sqlalchemy.engine.Engine [raw sql] ()
2026-02-23 01:07:23,206 INFO sqlalchemy.engine.Engine PRAGMA main.table_info("cancellation_rules")
2026-02-23 01:07:23,206 INFO sqlalchemy.engine.Engine [raw sql] ()
2026-02-23 01:07:23,206 INFO sqlalchemy.engine.Engine PRAGMA temp.table_info("cancellation_rules")
2026-02-23 01:07:23,207 INFO sqlalchemy.engine.Engine [raw sql] ()
2026-02-23 01:07:23,207 INFO sqlalchemy.engine.Engine PRAGMA main.table_info("waiting_list")
2026-02-23 01:07:23,207 INFO sqlalchemy.engine.Engine [raw sql] ()
2026-02-23 01:07:23,208 INFO sqlalchemy.engine.Engine PRAGMA temp.table_info("waiting_list")
2026-02-23 01:07:23,208 INFO sqlalchemy.engine.Engine [raw sql] ()
2026-02-23 01:07:23,208 INFO sqlalchemy.engine.Engine PRAGMA main.table_info("precalculated_routes")
2026-02-23 01:07:23,208 INFO sqlalchemy.engine.Engine [raw sql] ()
2026-02-23 01:07:23,209 INFO sqlalchemy.engine.Engine PRAGMA temp.table_info("precalculated_routes")
2026-02-23 01:07:23,209 INFO sqlalchemy.engine.Engine [raw sql] ()
2026-02-23 01:07:23,209 INFO sqlalchemy.engine.Engine PRAGMA main.table_info("vehicles")
2026-02-23 01:07:23,209 INFO sqlalchemy.engine.Engine [raw sql] ()
2026-02-23 01:07:23,210 INFO sqlalchemy.engine.Engine PRAGMA temp.table_info("vehicles")
2026-02-23 01:07:23,210 INFO sqlalchemy.engine.Engine [raw sql] ()
2026-02-23 01:07:23,210 INFO sqlalchemy.engine.Engine PRAGMA main.table_info("stations")
2026-02-23 01:07:23,211 INFO sqlalchemy.engine.Engine [raw sql] ()
2026-02-23 01:07:23,211 INFO sqlalchemy.engine.Engine PRAGMA temp.table_info("stations")
2026-02-23 01:07:23,211 INFO sqlalchemy.engine.Engine [raw sql] ()
2026-02-23 01:07:23,211 INFO sqlalchemy.engine.Engine PRAGMA main.table_info("segments")
2026-02-23 01:07:23,211 INFO sqlalchemy.engine.Engine [raw sql] ()
2026-02-23 01:07:23,212 INFO sqlalchemy.engine.Engine PRAGMA temp.table_info("segments")
2026-02-23 01:07:23,213 INFO sqlalchemy.engine.Engine [raw sql] ()
2026-02-23 01:07:23,213 INFO sqlalchemy.engine.Engine PRAGMA main.table_info("station_departures_indexed")
2026-02-23 01:07:23,213 INFO sqlalchemy.engine.Engine [raw sql] ()
2026-02-23 01:07:23,213 INFO sqlalchemy.engine.Engine PRAGMA temp.table_info("station_departures_indexed")
2026-02-23 01:07:23,213 INFO sqlalchemy.engine.Engine [raw sql] ()
2026-02-23 01:07:23,214 INFO sqlalchemy.engine.Engine PRAGMA main.table_info("time_index_keys")
2026-02-23 01:07:23,214 INFO sqlalchemy.engine.Engine [raw sql] ()
2026-02-23 01:07:23,214 INFO sqlalchemy.engine.Engine PRAGMA temp.table_info("time_index_keys")
2026-02-23 01:07:23,214 INFO sqlalchemy.engine.Engine [raw sql] ()
2026-02-23 01:07:23,215 INFO sqlalchemy.engine.Engine PRAGMA main.table_info("station_departures")
2026-02-23 01:07:23,215 INFO sqlalchemy.engine.Engine [raw sql] ()
2026-02-23 01:07:23,216 INFO sqlalchemy.engine.Engine PRAGMA temp.table_info("station_departures")
2026-02-23 01:07:23,216 INFO sqlalchemy.engine.Engine [raw sql] ()
2026-02-23 01:07:23,216 INFO sqlalchemy.engine.Engine PRAGMA main.table_info("stop_departures")
2026-02-23 01:07:23,216 INFO sqlalchemy.engine.Engine [raw sql] ()
2026-02-23 01:07:23,217 INFO sqlalchemy.engine.Engine PRAGMA temp.table_info("stop_departures")
2026-02-23 01:07:23,217 INFO sqlalchemy.engine.Engine [raw sql] ()
2026-02-23 01:07:23,218 INFO sqlalchemy.engine.Engine PRAGMA main.table_info("stations_master")
2026-02-23 01:07:23,218 INFO sqlalchemy.engine.Engine [raw sql] ()
2026-02-23 01:07:23,218 INFO sqlalchemy.engine.Engine PRAGMA temp.table_info("stations_master")
2026-02-23 01:07:23,218 INFO sqlalchemy.engine.Engine [raw sql] ()
2026-02-23 01:07:23,219 INFO sqlalchemy.engine.Engine PRAGMA main.table_info("route_search_logs")
2026-02-23 01:07:23,219 INFO sqlalchemy.engine.Engine [raw sql] ()
2026-02-23 01:07:23,219 INFO sqlalchemy.engine.Engine PRAGMA temp.table_info("route_search_logs")
2026-02-23 01:07:23,219 INFO sqlalchemy.engine.Engine [raw sql] ()
2026-02-23 01:07:23,219 INFO sqlalchemy.engine.Engine PRAGMA main.table_info("train_states")
2026-02-23 01:07:23,220 INFO sqlalchemy.engine.Engine [raw sql] ()
2026-02-23 01:07:23,220 INFO sqlalchemy.engine.Engine PRAGMA temp.table_info("train_states")
2026-02-23 01:07:23,221 INFO sqlalchemy.engine.Engine [raw sql] ()
2026-02-23 01:07:23,221 INFO sqlalchemy.engine.Engine PRAGMA main.table_info("seat_availability")
2026-02-23 01:07:23,221 INFO sqlalchemy.engine.Engine [raw sql] ()
2026-02-23 01:07:23,221 INFO sqlalchemy.engine.Engine PRAGMA temp.table_info("seat_availability")
2026-02-23 01:07:23,221 INFO sqlalchemy.engine.Engine [raw sql] ()
2026-02-23 01:07:23,222 INFO sqlalchemy.engine.Engine PRAGMA main.table_info("trains_master")
2026-02-23 01:07:23,222 INFO sqlalchemy.engine.Engine [raw sql] ()
2026-02-23 01:07:23,223 INFO sqlalchemy.engine.Engine PRAGMA temp.table_info("trains_master")
2026-02-23 01:07:23,223 INFO sqlalchemy.engine.Engine [raw sql] ()
2026-02-23 01:07:23,224 INFO sqlalchemy.engine.Engine PRAGMA main.table_info("train_stations")
2026-02-23 01:07:23,224 INFO sqlalchemy.engine.Engine [raw sql] ()
2026-02-23 01:07:23,224 INFO sqlalchemy.engine.Engine PRAGMA temp.table_info("train_stations")
2026-02-23 01:07:23,224 INFO sqlalchemy.engine.Engine [raw sql] ()
2026-02-23 01:07:23,225 INFO sqlalchemy.engine.Engine PRAGMA main.table_info("train_live_updates")
2026-02-23 01:07:23,225 INFO sqlalchemy.engine.Engine [raw sql] ()
2026-02-23 01:07:23,226 INFO sqlalchemy.engine.Engine PRAGMA temp.table_info("train_live_updates")
2026-02-23 01:07:23,226 INFO sqlalchemy.engine.Engine [raw sql] ()
2026-02-23 01:07:23,227 INFO sqlalchemy.engine.Engine 
CREATE TABLE users (
	id VARCHAR(36) NOT NULL, 
	email VARCHAR(255), 
	password_hash VARCHAR(255) NOT NULL, 
	phone_number VARCHAR(20), 
	role VARCHAR(50), 
	created_at DATETIME, 
	PRIMARY KEY (id)
)


2026-02-23 01:07:23,228 INFO sqlalchemy.engine.Engine [no key 0.00024s] ()
2026-02-23 01:07:23,235 INFO sqlalchemy.engine.Engine CREATE UNIQUE INDEX ix_users_email ON users (email)
2026-02-23 01:07:23,235 INFO sqlalchemy.engine.Engine [no key 0.00030s] ()
2026-02-23 01:07:23,242 INFO sqlalchemy.engine.Engine CREATE INDEX ix_users_role ON users (role)
2026-02-23 01:07:23,243 INFO sqlalchemy.engine.Engine [no key 0.00036s] ()
2026-02-23 01:07:23,249 INFO sqlalchemy.engine.Engine 
CREATE TABLE agency (
	id INTEGER NOT NULL, 
	agency_id VARCHAR(100) NOT NULL, 
	name VARCHAR(255) NOT NULL, 
	url VARCHAR(255) NOT NULL, 
	timezone VARCHAR(50) NOT NULL, 
	language VARCHAR(10), 
	PRIMARY KEY (id)
)


2026-02-23 01:07:23,251 INFO sqlalchemy.engine.Engine [no key 0.00032s] ()
2026-02-23 01:07:23,258 INFO sqlalchemy.engine.Engine CREATE UNIQUE INDEX ix_agency_agency_id ON agency (agency_id)
2026-02-23 01:07:23,258 INFO sqlalchemy.engine.Engine [no key 0.00033s] ()
2026-02-23 01:07:23,266 INFO sqlalchemy.engine.Engine 
CREATE TABLE stops (
	id INTEGER NOT NULL, 
	stop_id VARCHAR(100) NOT NULL, 
	code VARCHAR(100), 
	name VARCHAR(255) NOT NULL, 
	city VARCHAR(255), 
	state VARCHAR(255), 
	latitude FLOAT NOT NULL, 
	longitude FLOAT NOT NULL, 
	geom VARCHAR, 
	location_type INTEGER, 
	parent_station_id INTEGER, 
	safety_score FLOAT NOT NULL, 
	is_major_junction BOOLEAN NOT NULL, 
	facilities_json JSON NOT NULL, 
	wheelchair_accessible BOOLEAN NOT NULL, 
	platform_count INTEGER, 
	distance_to_city_center_km FLOAT, 
	PRIMARY KEY (id), 
	FOREIGN KEY(parent_station_id) REFERENCES stops (id)
)


2026-02-23 01:07:23,266 INFO sqlalchemy.engine.Engine [no key 0.00038s] ()
2026-02-23 01:07:23,274 INFO sqlalchemy.engine.Engine CREATE INDEX idx_stops_name_trgm ON stops (name)
2026-02-23 01:07:23,274 INFO sqlalchemy.engine.Engine [no key 0.00033s] ()
2026-02-23 01:07:23,282 INFO sqlalchemy.engine.Engine CREATE INDEX ix_stops_city ON stops (city)
2026-02-23 01:07:23,283 INFO sqlalchemy.engine.Engine [no key 0.00031s] ()
2026-02-23 01:07:23,290 INFO sqlalchemy.engine.Engine CREATE INDEX idx_stops_geom ON stops (geom)
2026-02-23 01:07:23,291 INFO sqlalchemy.engine.Engine [no key 0.00032s] ()
2026-02-23 01:07:23,299 INFO sqlalchemy.engine.Engine CREATE UNIQUE INDEX ix_stops_stop_id ON stops (stop_id)
2026-02-23 01:07:23,300 INFO sqlalchemy.engine.Engine [no key 0.00050s] ()
2026-02-23 01:07:23,308 INFO sqlalchemy.engine.Engine CREATE INDEX ix_stops_code ON stops (code)
2026-02-23 01:07:23,308 INFO sqlalchemy.engine.Engine [no key 0.00038s] ()
2026-02-23 01:07:23,315 INFO sqlalchemy.engine.Engine CREATE INDEX ix_stops_name ON stops (name)
2026-02-23 01:07:23,316 INFO sqlalchemy.engine.Engine [no key 0.00034s] ()
2026-02-23 01:07:23,324 INFO sqlalchemy.engine.Engine 
CREATE TABLE calendar (
	id INTEGER NOT NULL, 
	service_id VARCHAR(100) NOT NULL, 
	monday BOOLEAN NOT NULL, 
	tuesday BOOLEAN NOT NULL, 
	wednesday BOOLEAN NOT NULL, 
	thursday BOOLEAN NOT NULL, 
	friday BOOLEAN NOT NULL, 
	saturday BOOLEAN NOT NULL, 
	sunday BOOLEAN NOT NULL, 
	start_date DATE NOT NULL, 
	end_date DATE NOT NULL, 
	PRIMARY KEY (id)
)


2026-02-23 01:07:23,324 INFO sqlalchemy.engine.Engine [no key 0.00046s] ()
2026-02-23 01:07:23,333 INFO sqlalchemy.engine.Engine CREATE UNIQUE INDEX ix_calendar_service_id ON calendar (service_id)
2026-02-23 01:07:23,333 INFO sqlalchemy.engine.Engine [no key 0.00043s] ()
2026-02-23 01:07:23,342 INFO sqlalchemy.engine.Engine 
CREATE TABLE calendar_dates (
	id INTEGER NOT NULL, 
	service_id VARCHAR(100) NOT NULL, 
	date DATE NOT NULL, 
	exception_type INTEGER NOT NULL, 
	PRIMARY KEY (id), 
	CONSTRAINT uq_service_date UNIQUE (service_id, date)
)


2026-02-23 01:07:23,342 INFO sqlalchemy.engine.Engine [no key 0.00046s] ()
2026-02-23 01:07:23,350 INFO sqlalchemy.engine.Engine CREATE INDEX ix_calendar_dates_date ON calendar_dates (date)
2026-02-23 01:07:23,350 INFO sqlalchemy.engine.Engine [no key 0.00032s] ()
2026-02-23 01:07:23,358 INFO sqlalchemy.engine.Engine CREATE INDEX ix_calendar_dates_service_id ON calendar_dates (service_id)
2026-02-23 01:07:23,358 INFO sqlalchemy.engine.Engine [no key 0.00032s] ()
2026-02-23 01:07:23,366 INFO sqlalchemy.engine.Engine 
CREATE TABLE realtime_data (
	id VARCHAR(36) NOT NULL, 
	event_type VARCHAR(50) NOT NULL, 
	entity_type VARCHAR(50) NOT NULL, 
	entity_id VARCHAR(100) NOT NULL, 
	data JSON NOT NULL, 
	timestamp DATETIME NOT NULL, 
	source VARCHAR(100) NOT NULL, 
	created_at DATETIME, 
	PRIMARY KEY (id)
)


2026-02-23 01:07:23,366 INFO sqlalchemy.engine.Engine [no key 0.00030s] ()
2026-02-23 01:07:23,374 INFO sqlalchemy.engine.Engine CREATE INDEX ix_realtime_data_entity_id ON realtime_data (entity_id)
2026-02-23 01:07:23,374 INFO sqlalchemy.engine.Engine [no key 0.00030s] ()
2026-02-23 01:07:23,382 INFO sqlalchemy.engine.Engine CREATE INDEX ix_realtime_data_timestamp ON realtime_data (timestamp)
2026-02-23 01:07:23,382 INFO sqlalchemy.engine.Engine [no key 0.00039s] ()
2026-02-23 01:07:23,391 INFO sqlalchemy.engine.Engine CREATE INDEX ix_realtime_data_event_type ON realtime_data (event_type)
2026-02-23 01:07:23,391 INFO sqlalchemy.engine.Engine [no key 0.00029s] ()
2026-02-23 01:07:23,399 INFO sqlalchemy.engine.Engine 
CREATE TABLE precalculated_routes (
	id VARCHAR(36) NOT NULL, 
	source VARCHAR(255) NOT NULL, 
	destination VARCHAR(255) NOT NULL, 
	segments JSON NOT NULL, 
	total_duration VARCHAR(50) NOT NULL, 
	total_cost FLOAT NOT NULL, 
	created_at DATETIME, 
	PRIMARY KEY (id)
)


2026-02-23 01:07:23,399 INFO sqlalchemy.engine.Engine [no key 0.00031s] ()
2026-02-23 01:07:23,406 INFO sqlalchemy.engine.Engine CREATE INDEX ix_precalculated_routes_destination ON precalculated_routes (destination)
2026-02-23 01:07:23,407 INFO sqlalchemy.engine.Engine [no key 0.00032s] ()
2026-02-23 01:07:23,413 INFO sqlalchemy.engine.Engine CREATE INDEX ix_precalculated_routes_created_at ON precalculated_routes (created_at)
2026-02-23 01:07:23,413 INFO sqlalchemy.engine.Engine [no key 0.00029s] ()
2026-02-23 01:07:23,421 INFO sqlalchemy.engine.Engine CREATE INDEX ix_precalculated_routes_source ON precalculated_routes (source)
2026-02-23 01:07:23,421 INFO sqlalchemy.engine.Engine [no key 0.00039s] ()
2026-02-23 01:07:23,430 INFO sqlalchemy.engine.Engine 
CREATE TABLE vehicles (
	id VARCHAR(36) NOT NULL, 
	vehicle_number VARCHAR(50) NOT NULL, 
	type VARCHAR(50) NOT NULL, 
	operator VARCHAR(255) NOT NULL, 
	capacity INTEGER, 
	PRIMARY KEY (id), 
	CONSTRAINT vehicle_type_check CHECK (type IN ('train', 'bus', 'flight'))
)


2026-02-23 01:07:23,431 INFO sqlalchemy.engine.Engine [no key 0.00043s] ()
2026-02-23 01:07:23,440 INFO sqlalchemy.engine.Engine 
CREATE TABLE stations (
	id VARCHAR(36) NOT NULL, 
	name VARCHAR(255) NOT NULL, 
	city VARCHAR(255) NOT NULL, 
	latitude FLOAT NOT NULL, 
	longitude FLOAT NOT NULL, 
	geom VARCHAR, 
	created_at DATETIME, 
	PRIMARY KEY (id)
)


2026-02-23 01:07:23,440 INFO sqlalchemy.engine.Engine [no key 0.00041s] ()
2026-02-23 01:07:23,450 INFO sqlalchemy.engine.Engine CREATE INDEX ix_stations_city ON stations (city)
2026-02-23 01:07:23,450 INFO sqlalchemy.engine.Engine [no key 0.00046s] ()
2026-02-23 01:07:23,458 INFO sqlalchemy.engine.Engine CREATE INDEX ix_stations_name ON stations (name)
2026-02-23 01:07:23,458 INFO sqlalchemy.engine.Engine [no key 0.00033s] ()
2026-02-23 01:07:23,466 INFO sqlalchemy.engine.Engine 
CREATE TABLE time_index_keys (
	id INTEGER NOT NULL, 
	entity_type VARCHAR(50) NOT NULL, 
	entity_id VARCHAR(255) NOT NULL, 
	PRIMARY KEY (id), 
	CONSTRAINT uq_time_index_key UNIQUE (entity_type, entity_id)
)


2026-02-23 01:07:23,466 INFO sqlalchemy.engine.Engine [no key 0.00032s] ()
2026-02-23 01:07:23,474 INFO sqlalchemy.engine.Engine CREATE INDEX ix_time_index_keys_entity_type ON time_index_keys (entity_type)
2026-02-23 01:07:23,475 INFO sqlalchemy.engine.Engine [no key 0.00036s] ()
2026-02-23 01:07:23,484 INFO sqlalchemy.engine.Engine CREATE INDEX idx_time_index_entity ON time_index_keys (entity_type, entity_id)
2026-02-23 01:07:23,484 INFO sqlalchemy.engine.Engine [no key 0.00036s] ()
2026-02-23 01:07:23,492 INFO sqlalchemy.engine.Engine CREATE INDEX ix_time_index_keys_entity_id ON time_index_keys (entity_id)
2026-02-23 01:07:23,492 INFO sqlalchemy.engine.Engine [no key 0.00028s] ()
2026-02-23 01:07:23,499 INFO sqlalchemy.engine.Engine 
CREATE TABLE stations_master (
	station_code VARCHAR(10) NOT NULL, 
	station_name VARCHAR(255) NOT NULL, 
	city VARCHAR(255), 
	state VARCHAR(255), 
	latitude FLOAT, 
	longitude FLOAT, 
	is_junction BOOLEAN, 
	PRIMARY KEY (station_code)
)


2026-02-23 01:07:23,500 INFO sqlalchemy.engine.Engine [no key 0.00033s] ()
2026-02-23 01:07:23,507 INFO sqlalchemy.engine.Engine CREATE INDEX ix_stations_master_city ON stations_master (city)
2026-02-23 01:07:23,508 INFO sqlalchemy.engine.Engine [no key 0.00042s] ()
2026-02-23 01:07:23,515 INFO sqlalchemy.engine.Engine CREATE INDEX ix_stations_master_station_name ON stations_master (station_name)
2026-02-23 01:07:23,516 INFO sqlalchemy.engine.Engine [no key 0.00030s] ()
2026-02-23 01:07:23,524 INFO sqlalchemy.engine.Engine 
CREATE TABLE seat_availability (
	id INTEGER NOT NULL, 
	train_number VARCHAR(50) NOT NULL, 
	class_code VARCHAR(10) NOT NULL, 
	quota VARCHAR(10) NOT NULL, 
	availability_status VARCHAR(100) NOT NULL, 
	waiting_list_number INTEGER, 
	fare FLOAT, 
	travel_date DATETIME NOT NULL, 
	check_date DATETIME, 
	PRIMARY KEY (id)
)


2026-02-23 01:07:23,524 INFO sqlalchemy.engine.Engine [no key 0.00039s] ()
2026-02-23 01:07:23,534 INFO sqlalchemy.engine.Engine CREATE INDEX ix_seat_availability_travel_date ON seat_availability (travel_date)
2026-02-23 01:07:23,535 INFO sqlalchemy.engine.Engine [no key 0.00034s] ()
2026-02-23 01:07:23,542 INFO sqlalchemy.engine.Engine CREATE INDEX idx_seat_avail_train_date ON seat_availability (train_number, travel_date)
2026-02-23 01:07:23,542 INFO sqlalchemy.engine.Engine [no key 0.00029s] ()
2026-02-23 01:07:23,549 INFO sqlalchemy.engine.Engine CREATE INDEX ix_seat_availability_train_number ON seat_availability (train_number)
2026-02-23 01:07:23,549 INFO sqlalchemy.engine.Engine [no key 0.00032s] ()
2026-02-23 01:07:23,558 INFO sqlalchemy.engine.Engine CREATE INDEX idx_seat_avail_check_date ON seat_availability (check_date)
2026-02-23 01:07:23,558 INFO sqlalchemy.engine.Engine [no key 0.00029s] ()
2026-02-23 01:07:23,565 INFO sqlalchemy.engine.Engine CREATE INDEX ix_seat_availability_check_date ON seat_availability (check_date)
2026-02-23 01:07:23,565 INFO sqlalchemy.engine.Engine [no key 0.00036s] ()
2026-02-23 01:07:23,574 INFO sqlalchemy.engine.Engine 
CREATE TABLE trains_master (
	train_number VARCHAR(50) NOT NULL, 
	train_name VARCHAR(255), 
	source VARCHAR(100), 
	destination VARCHAR(100), 
	days_of_run JSON, 
	type VARCHAR(100), 
	updated_at DATETIME, 
	PRIMARY KEY (train_number)
)


2026-02-23 01:07:23,574 INFO sqlalchemy.engine.Engine [no key 0.00031s] ()
2026-02-23 01:07:23,582 INFO sqlalchemy.engine.Engine 
CREATE TABLE train_live_updates (
	id INTEGER NOT NULL, 
	train_number VARCHAR(50), 
	station_code VARCHAR(100), 
	station_name VARCHAR(255), 
	sequence INTEGER, 
	distance_km FLOAT, 
	scheduled_arrival DATETIME, 
	scheduled_departure DATETIME, 
	actual_arrival DATETIME, 
	actual_departure DATETIME, 
	delay_minutes INTEGER, 
	platform VARCHAR(20), 
	halt_minutes INTEGER, 
	status VARCHAR(100), 
	is_current_station BOOLEAN, 
	recorded_at DATETIME, 
	source VARCHAR(100), 
	PRIMARY KEY (id), 
	CONSTRAINT uic_train_realtime_snapshot UNIQUE (train_number, station_code, recorded_at)
)


2026-02-23 01:07:23,582 INFO sqlalchemy.engine.Engine [no key 0.00045s] ()
2026-02-23 01:07:23,592 INFO sqlalchemy.engine.Engine CREATE INDEX ix_train_live_updates_station_code ON train_live_updates (station_code)
2026-02-23 01:07:23,592 INFO sqlalchemy.engine.Engine [no key 0.00033s] ()
2026-02-23 01:07:23,601 INFO sqlalchemy.engine.Engine CREATE INDEX ix_train_live_updates_train_number ON train_live_updates (train_number)
2026-02-23 01:07:23,601 INFO sqlalchemy.engine.Engine [no key 0.00037s] ()
2026-02-23 01:07:23,608 INFO sqlalchemy.engine.Engine CREATE INDEX ix_train_live_updates_recorded_at ON train_live_updates (recorded_at)
2026-02-23 01:07:23,609 INFO sqlalchemy.engine.Engine [no key 0.00047s] ()
2026-02-23 01:07:23,618 INFO sqlalchemy.engine.Engine 
CREATE TABLE gtfs_routes (
	id INTEGER NOT NULL, 
	route_id VARCHAR(100) NOT NULL, 
	agency_id INTEGER NOT NULL, 
	short_name VARCHAR(50), 
	long_name VARCHAR(255) NOT NULL, 
	description VARCHAR(512), 
	url VARCHAR(255), 
	route_type INTEGER NOT NULL, 
	PRIMARY KEY (id), 
	FOREIGN KEY(agency_id) REFERENCES agency (id)
)


2026-02-23 01:07:23,618 INFO sqlalchemy.engine.Engine [no key 0.00043s] ()
2026-02-23 01:07:23,627 INFO sqlalchemy.engine.Engine CREATE INDEX ix_gtfs_routes_agency_id ON gtfs_routes (agency_id)
2026-02-23 01:07:23,627 INFO sqlalchemy.engine.Engine [no key 0.00033s] ()
2026-02-23 01:07:23,635 INFO sqlalchemy.engine.Engine CREATE UNIQUE INDEX ix_gtfs_routes_route_id ON gtfs_routes (route_id)
2026-02-23 01:07:23,635 INFO sqlalchemy.engine.Engine [no key 0.00039s] ()
2026-02-23 01:07:23,644 INFO sqlalchemy.engine.Engine CREATE INDEX ix_gtfs_routes_route_type ON gtfs_routes (route_type)
2026-02-23 01:07:23,644 INFO sqlalchemy.engine.Engine [no key 0.00036s] ()
2026-02-23 01:07:23,653 INFO sqlalchemy.engine.Engine 
CREATE TABLE commission_tracking (
	id VARCHAR(36) NOT NULL, 
	user_id VARCHAR(36) NOT NULL, 
	source VARCHAR(255) NOT NULL, 
	destination VARCHAR(255) NOT NULL, 
	travel_date DATE, 
	partner VARCHAR(100) NOT NULL, 
	commission_rate FLOAT NOT NULL, 
	tracking_id VARCHAR(64) NOT NULL, 
	redirect_url TEXT NOT NULL, 
	status VARCHAR(50), 
	redirected_at DATETIME, 
	route_id VARCHAR(36), 
	PRIMARY KEY (id), 
	FOREIGN KEY(user_id) REFERENCES users (id)
)


2026-02-23 01:07:23,653 INFO sqlalchemy.engine.Engine [no key 0.00038s] ()
2026-02-23 01:07:23,662 INFO sqlalchemy.engine.Engine CREATE INDEX ix_commission_tracking_partner ON commission_tracking (partner)
2026-02-23 01:07:23,662 INFO sqlalchemy.engine.Engine [no key 0.00046s] ()
2026-02-23 01:07:23,670 INFO sqlalchemy.engine.Engine CREATE UNIQUE INDEX ix_commission_tracking_tracking_id ON commission_tracking (tracking_id)
2026-02-23 01:07:23,670 INFO sqlalchemy.engine.Engine [no key 0.00034s] ()
2026-02-23 01:07:23,679 INFO sqlalchemy.engine.Engine CREATE INDEX ix_commission_tracking_redirected_at ON commission_tracking (redirected_at)
2026-02-23 01:07:23,679 INFO sqlalchemy.engine.Engine [no key 0.00043s] ()
2026-02-23 01:07:23,687 INFO sqlalchemy.engine.Engine CREATE INDEX ix_commission_tracking_user_id ON commission_tracking (user_id)
2026-02-23 01:07:23,688 INFO sqlalchemy.engine.Engine [no key 0.00042s] ()
2026-02-23 01:07:23,695 INFO sqlalchemy.engine.Engine CREATE INDEX ix_commission_tracking_status ON commission_tracking (status)
2026-02-23 01:07:23,696 INFO sqlalchemy.engine.Engine [no key 0.00040s] ()
2026-02-23 01:07:23,705 INFO sqlalchemy.engine.Engine 
CREATE TABLE rl_feedback_logs (
	id VARCHAR(36) NOT NULL, 
	user_id VARCHAR(36), 
	session_id VARCHAR(36) NOT NULL, 
	action VARCHAR(100) NOT NULL, 
	context JSON NOT NULL, 
	reward FLOAT NOT NULL, 
	timestamp DATETIME NOT NULL, 
	created_at DATETIME, 
	PRIMARY KEY (id), 
	FOREIGN KEY(user_id) REFERENCES users (id)
)


2026-02-23 01:07:23,705 INFO sqlalchemy.engine.Engine [no key 0.00047s] ()
2026-02-23 01:07:23,715 INFO sqlalchemy.engine.Engine CREATE INDEX ix_rl_feedback_logs_user_id ON rl_feedback_logs (user_id)
2026-02-23 01:07:23,715 INFO sqlalchemy.engine.Engine [no key 0.00037s] ()
2026-02-23 01:07:23,723 INFO sqlalchemy.engine.Engine CREATE INDEX ix_rl_feedback_logs_session_id ON rl_feedback_logs (session_id)
2026-02-23 01:07:23,724 INFO sqlalchemy.engine.Engine [no key 0.00047s] ()
2026-02-23 01:07:23,732 INFO sqlalchemy.engine.Engine CREATE INDEX ix_rl_feedback_logs_timestamp ON rl_feedback_logs (timestamp)
2026-02-23 01:07:23,732 INFO sqlalchemy.engine.Engine [no key 0.00053s] ()
2026-02-23 01:07:23,742 INFO sqlalchemy.engine.Engine 
CREATE TABLE station_facilities (
	id VARCHAR(36) NOT NULL, 
	stop_id INTEGER NOT NULL, 
	wifi_available BOOLEAN, 
	lounge_available BOOLEAN, 
	food_available BOOLEAN, 
	wheelchair_accessible BOOLEAN, 
	parking_available BOOLEAN, 
	baby_care BOOLEAN, 
	medical_clinic BOOLEAN, 
	lost_found BOOLEAN, 
	cloakroom BOOLEAN, 
	opening_time TIME, 
	closing_time TIME, 
	cctv_available BOOLEAN, 
	police_presence BOOLEAN, 
	women_waiting_room BOOLEAN, 
	emergency_contact VARCHAR(20), 
	contact_email VARCHAR(255), 
	created_at DATETIME, 
	updated_at DATETIME, 
	PRIMARY KEY (id), 
	FOREIGN KEY(stop_id) REFERENCES stops (id)
)


2026-02-23 01:07:23,742 INFO sqlalchemy.engine.Engine [no key 0.00033s] ()
2026-02-23 01:07:23,751 INFO sqlalchemy.engine.Engine CREATE INDEX idx_station_facilities_stop ON station_facilities (stop_id)
2026-02-23 01:07:23,751 INFO sqlalchemy.engine.Engine [no key 0.00037s] ()
2026-02-23 01:07:23,758 INFO sqlalchemy.engine.Engine CREATE UNIQUE INDEX ix_station_facilities_stop_id ON station_facilities (stop_id)
2026-02-23 01:07:23,759 INFO sqlalchemy.engine.Engine [no key 0.00031s] ()
2026-02-23 01:07:23,766 INFO sqlalchemy.engine.Engine 
CREATE TABLE station_departures (
	id VARCHAR(36) NOT NULL, 
	station_id VARCHAR(36) NOT NULL, 
	bucket_start_minute INTEGER NOT NULL, 
	bitmap BLOB NOT NULL, 
	trips_count INTEGER NOT NULL, 
	created_at DATETIME NOT NULL, 
	PRIMARY KEY (id), 
	CONSTRAINT uq_station_bucket UNIQUE (station_id, bucket_start_minute), 
	FOREIGN KEY(station_id) REFERENCES stations (id)
)


2026-02-23 01:07:23,766 INFO sqlalchemy.engine.Engine [no key 0.00028s] ()
2026-02-23 01:07:23,777 INFO sqlalchemy.engine.Engine CREATE INDEX idx_station_departures_station_bucket ON station_departures (station_id, bucket_start_minute)
2026-02-23 01:07:23,777 INFO sqlalchemy.engine.Engine [no key 0.00042s] ()
2026-02-23 01:07:23,786 INFO sqlalchemy.engine.Engine CREATE INDEX ix_station_departures_station_id ON station_departures (station_id)
2026-02-23 01:07:23,787 INFO sqlalchemy.engine.Engine [no key 0.00068s] ()
2026-02-23 01:07:23,795 INFO sqlalchemy.engine.Engine CREATE INDEX ix_station_departures_bucket_start_minute ON station_departures (bucket_start_minute)
2026-02-23 01:07:23,796 INFO sqlalchemy.engine.Engine [no key 0.00037s] ()
2026-02-23 01:07:23,804 INFO sqlalchemy.engine.Engine 
CREATE TABLE stop_departures (
	id VARCHAR(36) NOT NULL, 
	stop_id INTEGER NOT NULL, 
	bucket_start_minute INTEGER NOT NULL, 
	bitmap BLOB NOT NULL, 
	trips_count INTEGER NOT NULL, 
	created_at DATETIME NOT NULL, 
	PRIMARY KEY (id), 
	CONSTRAINT uq_stop_bucket UNIQUE (stop_id, bucket_start_minute), 
	FOREIGN KEY(stop_id) REFERENCES stops (id)
)


2026-02-23 01:07:23,804 INFO sqlalchemy.engine.Engine [no key 0.00041s] ()
2026-02-23 01:07:23,814 INFO sqlalchemy.engine.Engine CREATE INDEX ix_stop_departures_bucket_start_minute ON stop_departures (bucket_start_minute)
2026-02-23 01:07:23,814 INFO sqlalchemy.engine.Engine [no key 0.00034s] ()
2026-02-23 01:07:23,822 INFO sqlalchemy.engine.Engine CREATE INDEX ix_stop_departures_stop_id ON stop_departures (stop_id)
2026-02-23 01:07:23,823 INFO sqlalchemy.engine.Engine [no key 0.00041s] ()
2026-02-23 01:07:23,830 INFO sqlalchemy.engine.Engine CREATE INDEX idx_stop_departures_stop_bucket ON stop_departures (stop_id, bucket_start_minute)
2026-02-23 01:07:23,830 INFO sqlalchemy.engine.Engine [no key 0.00043s] ()
2026-02-23 01:07:23,840 INFO sqlalchemy.engine.Engine 
CREATE TABLE route_search_logs (
	id VARCHAR(36) NOT NULL, 
	user_id VARCHAR(36), 
	src VARCHAR(255) NOT NULL, 
	dst VARCHAR(255) NOT NULL, 
	date DATE NOT NULL, 
	routes_shown JSON NOT NULL, 
	route_clicked VARCHAR(36), 
	booking_success BOOLEAN, 
	latency_ms FLOAT NOT NULL, 
	created_at DATETIME, 
	PRIMARY KEY (id), 
	FOREIGN KEY(user_id) REFERENCES users (id)
)


2026-02-23 01:07:23,840 INFO sqlalchemy.engine.Engine [no key 0.00035s] ()
2026-02-23 01:07:23,849 INFO sqlalchemy.engine.Engine CREATE INDEX ix_route_search_logs_user_id ON route_search_logs (user_id)
2026-02-23 01:07:23,849 INFO sqlalchemy.engine.Engine [no key 0.00038s] ()
2026-02-23 01:07:23,858 INFO sqlalchemy.engine.Engine CREATE INDEX idx_route_search_logs_src_dst ON route_search_logs (src, dst)
2026-02-23 01:07:23,858 INFO sqlalchemy.engine.Engine [no key 0.00039s] ()
2026-02-23 01:07:23,866 INFO sqlalchemy.engine.Engine CREATE INDEX idx_route_search_logs_user_id ON route_search_logs (user_id)
2026-02-23 01:07:23,866 INFO sqlalchemy.engine.Engine [no key 0.00030s] ()
2026-02-23 01:07:23,874 INFO sqlalchemy.engine.Engine CREATE INDEX idx_route_search_logs_date ON route_search_logs (date)
2026-02-23 01:07:23,874 INFO sqlalchemy.engine.Engine [no key 0.00040s] ()
2026-02-23 01:07:23,883 INFO sqlalchemy.engine.Engine 
CREATE TABLE train_states (
	id VARCHAR(36) NOT NULL, 
	trip_id INTEGER NOT NULL, 
	train_number VARCHAR(50) NOT NULL, 
	current_station_id INTEGER, 
	next_station_id INTEGER, 
	delay_minutes INTEGER NOT NULL, 
	status VARCHAR(20) NOT NULL, 
	platform_number VARCHAR(10), 
	last_updated DATETIME NOT NULL, 
	estimated_arrival DATETIME, 
	estimated_departure DATETIME, 
	occupancy_rate FLOAT NOT NULL, 
	cancelled_stations JSON NOT NULL, 
	created_at DATETIME, 
	updated_at DATETIME, 
	PRIMARY KEY (id), 
	FOREIGN KEY(current_station_id) REFERENCES stops (id), 
	FOREIGN KEY(next_station_id) REFERENCES stops (id)
)


2026-02-23 01:07:23,883 INFO sqlalchemy.engine.Engine [no key 0.00040s] ()
2026-02-23 01:07:23,890 INFO sqlalchemy.engine.Engine CREATE INDEX idx_train_states_trip_id ON train_states (trip_id)
2026-02-23 01:07:23,891 INFO sqlalchemy.engine.Engine [no key 0.00030s] ()
2026-02-23 01:07:23,898 INFO sqlalchemy.engine.Engine CREATE INDEX ix_train_states_train_number ON train_states (train_number)
2026-02-23 01:07:23,898 INFO sqlalchemy.engine.Engine [no key 0.00035s] ()
2026-02-23 01:07:23,906 INFO sqlalchemy.engine.Engine CREATE UNIQUE INDEX ix_train_states_trip_id ON train_states (trip_id)
2026-02-23 01:07:23,907 INFO sqlalchemy.engine.Engine [no key 0.00031s] ()
2026-02-23 01:07:23,914 INFO sqlalchemy.engine.Engine CREATE INDEX ix_train_states_last_updated ON train_states (last_updated)
2026-02-23 01:07:23,915 INFO sqlalchemy.engine.Engine [no key 0.00040s] ()
2026-02-23 01:07:23,923 INFO sqlalchemy.engine.Engine CREATE INDEX idx_train_states_last_updated ON train_states (last_updated)
2026-02-23 01:07:23,924 INFO sqlalchemy.engine.Engine [no key 0.00048s] ()
2026-02-23 01:07:23,933 INFO sqlalchemy.engine.Engine CREATE INDEX idx_train_states_status ON train_states (status)
2026-02-23 01:07:23,934 INFO sqlalchemy.engine.Engine [no key 0.00112s] ()
2026-02-23 01:07:23,943 INFO sqlalchemy.engine.Engine 
CREATE TABLE train_stations (
	id INTEGER NOT NULL, 
	train_number VARCHAR(50), 
	station_code VARCHAR(100), 
	station_name VARCHAR(255), 
	sequence INTEGER, 
	arrival VARCHAR(20), 
	departure VARCHAR(20), 
	halt_minutes INTEGER, 
	distance_km FLOAT, 
	day_count INTEGER, 
	PRIMARY KEY (id), 
	CONSTRAINT uix_train_seq UNIQUE (train_number, sequence), 
	FOREIGN KEY(train_number) REFERENCES trains_master (train_number)
)


2026-02-23 01:07:23,943 INFO sqlalchemy.engine.Engine [no key 0.00040s] ()
2026-02-23 01:07:23,952 INFO sqlalchemy.engine.Engine 
CREATE TABLE trips (
	id INTEGER NOT NULL, 
	trip_id VARCHAR(255) NOT NULL, 
	route_id INTEGER NOT NULL, 
	service_id VARCHAR(100) NOT NULL, 
	headsign VARCHAR(255), 
	direction_id INTEGER, 
	bike_allowed BOOLEAN NOT NULL, 
	wheelchair_accessible BOOLEAN NOT NULL, 
	trip_headsign VARCHAR(255), 
	PRIMARY KEY (id), 
	FOREIGN KEY(route_id) REFERENCES gtfs_routes (id), 
	FOREIGN KEY(service_id) REFERENCES calendar (service_id)
)


2026-02-23 01:07:23,952 INFO sqlalchemy.engine.Engine [no key 0.00036s] ()
2026-02-23 01:07:23,960 INFO sqlalchemy.engine.Engine CREATE UNIQUE INDEX ix_trips_trip_id ON trips (trip_id)
2026-02-23 01:07:23,960 INFO sqlalchemy.engine.Engine [no key 0.00031s] ()
2026-02-23 01:07:23,968 INFO sqlalchemy.engine.Engine CREATE INDEX ix_trips_service_id ON trips (service_id)
2026-02-23 01:07:23,968 INFO sqlalchemy.engine.Engine [no key 0.00032s] ()
2026-02-23 01:07:23,975 INFO sqlalchemy.engine.Engine CREATE INDEX ix_trips_direction_id ON trips (direction_id)
2026-02-23 01:07:23,975 INFO sqlalchemy.engine.Engine [no key 0.00033s] ()
2026-02-23 01:07:23,982 INFO sqlalchemy.engine.Engine CREATE INDEX ix_trips_route_id ON trips (route_id)
2026-02-23 01:07:23,982 INFO sqlalchemy.engine.Engine [no key 0.00030s] ()
2026-02-23 01:07:23,989 INFO sqlalchemy.engine.Engine 
CREATE TABLE transfers (
	id INTEGER NOT NULL, 
	from_stop_id INTEGER NOT NULL, 
	to_stop_id INTEGER NOT NULL, 
	route_id INTEGER, 
	transfer_type INTEGER NOT NULL, 
	min_transfer_time INTEGER NOT NULL, 
	walking_time_minutes INTEGER NOT NULL, 
	PRIMARY KEY (id), 
	CONSTRAINT uq_transfer_route UNIQUE (from_stop_id, to_stop_id, route_id), 
	FOREIGN KEY(from_stop_id) REFERENCES stops (id), 
	FOREIGN KEY(to_stop_id) REFERENCES stops (id), 
	FOREIGN KEY(route_id) REFERENCES gtfs_routes (id)
)


2026-02-23 01:07:23,990 INFO sqlalchemy.engine.Engine [no key 0.00034s] ()
2026-02-23 01:07:23,997 INFO sqlalchemy.engine.Engine 
CREATE TABLE route_shapes (
	id VARCHAR(36) NOT NULL, 
	route_id INTEGER NOT NULL, 
	shape_id VARCHAR(100) NOT NULL, 
	geometry VARCHAR, 
	sequence INTEGER NOT NULL, 
	distance_traveled FLOAT NOT NULL, 
	created_at DATETIME, 
	PRIMARY KEY (id), 
	FOREIGN KEY(route_id) REFERENCES gtfs_routes (id), 
	UNIQUE (shape_id)
)


2026-02-23 01:07:23,997 INFO sqlalchemy.engine.Engine [no key 0.00026s] ()
2026-02-23 01:07:24,005 INFO sqlalchemy.engine.Engine CREATE INDEX ix_route_shapes_route_id ON route_shapes (route_id)
2026-02-23 01:07:24,005 INFO sqlalchemy.engine.Engine [no key 0.00038s] ()
2026-02-23 01:07:24,012 INFO sqlalchemy.engine.Engine CREATE INDEX idx_route_shapes_route ON route_shapes (route_id)
2026-02-23 01:07:24,012 INFO sqlalchemy.engine.Engine [no key 0.00030s] ()
2026-02-23 01:07:24,020 INFO sqlalchemy.engine.Engine 
CREATE TABLE cancellation_rules (
	id VARCHAR(36) NOT NULL, 
	route_id INTEGER, 
	hours_before_departure INTEGER NOT NULL, 
	refund_percentage FLOAT NOT NULL, 
	is_active BOOLEAN, 
	created_at DATETIME, 
	PRIMARY KEY (id), 
	FOREIGN KEY(route_id) REFERENCES gtfs_routes (id)
)


2026-02-23 01:07:24,020 INFO sqlalchemy.engine.Engine [no key 0.00031s] ()
2026-02-23 01:07:24,028 INFO sqlalchemy.engine.Engine 
CREATE TABLE stop_times (
	id INTEGER NOT NULL, 
	trip_id INTEGER NOT NULL, 
	stop_id INTEGER NOT NULL, 
	arrival_time TIME NOT NULL, 
	departure_time TIME NOT NULL, 
	stop_sequence INTEGER NOT NULL, 
	cost FLOAT NOT NULL, 
	pickup_type INTEGER NOT NULL, 
	drop_off_type INTEGER NOT NULL, 
	platform_number VARCHAR(10), 
	PRIMARY KEY (id), 
	CONSTRAINT uq_trip_stop_sequence UNIQUE (trip_id, stop_sequence), 
	CONSTRAINT arrival_before_departure CHECK (arrival_time <= departure_time), 
	FOREIGN KEY(trip_id) REFERENCES trips (id), 
	FOREIGN KEY(stop_id) REFERENCES stops (id)
)


2026-02-23 01:07:24,029 INFO sqlalchemy.engine.Engine [no key 0.00037s] ()
2026-02-23 01:07:24,037 INFO sqlalchemy.engine.Engine CREATE INDEX idx_stop_times_stop_id ON stop_times (stop_id)
2026-02-23 01:07:24,037 INFO sqlalchemy.engine.Engine [no key 0.00034s] ()
2026-02-23 01:07:24,045 INFO sqlalchemy.engine.Engine CREATE INDEX idx_stop_times_trip_id ON stop_times (trip_id)
2026-02-23 01:07:24,045 INFO sqlalchemy.engine.Engine [no key 0.00041s] ()
2026-02-23 01:07:24,053 INFO sqlalchemy.engine.Engine 
CREATE TABLE coaches (
	id INTEGER NOT NULL, 
	trip_id INTEGER NOT NULL, 
	coach_number VARCHAR(10) NOT NULL, 
	class_type VARCHAR(50) NOT NULL, 
	total_seats INTEGER, 
	PRIMARY KEY (id), 
	FOREIGN KEY(trip_id) REFERENCES trips (id)
)


2026-02-23 01:07:24,053 INFO sqlalchemy.engine.Engine [no key 0.00036s] ()
2026-02-23 01:07:24,062 INFO sqlalchemy.engine.Engine 
CREATE TABLE fares (
	id INTEGER NOT NULL, 
	segment_id INTEGER, 
	trip_id INTEGER, 
	class_type VARCHAR(50) NOT NULL, 
	amount FLOAT NOT NULL, 
	PRIMARY KEY (id), 
	FOREIGN KEY(trip_id) REFERENCES trips (id)
)


2026-02-23 01:07:24,062 INFO sqlalchemy.engine.Engine [no key 0.00047s] ()
2026-02-23 01:07:24,070 INFO sqlalchemy.engine.Engine CREATE INDEX ix_fares_segment_id ON fares (segment_id)
2026-02-23 01:07:24,071 INFO sqlalchemy.engine.Engine [no key 0.00047s] ()
2026-02-23 01:07:24,080 INFO sqlalchemy.engine.Engine 
CREATE TABLE bookings (
	id VARCHAR(36) NOT NULL, 
	pnr_number VARCHAR(10) NOT NULL, 
	user_id VARCHAR(36) NOT NULL, 
	travel_date DATE NOT NULL, 
	booking_status VARCHAR(50) NOT NULL, 
	amount_paid FLOAT NOT NULL, 
	booking_details JSON NOT NULL, 
	created_at DATETIME, 
	updated_at DATETIME, 
	route_id VARCHAR(36), 
	trip_id INTEGER, 
	payment_status VARCHAR(50), 
	PRIMARY KEY (id), 
	FOREIGN KEY(user_id) REFERENCES users (id), 
	FOREIGN KEY(route_id) REFERENCES precalculated_routes (id), 
	FOREIGN KEY(trip_id) REFERENCES trips (id)
)


2026-02-23 01:07:24,080 INFO sqlalchemy.engine.Engine [no key 0.00046s] ()
2026-02-23 01:07:24,088 INFO sqlalchemy.engine.Engine CREATE INDEX ix_bookings_created_at ON bookings (created_at)
2026-02-23 01:07:24,088 INFO sqlalchemy.engine.Engine [no key 0.00045s] ()
2026-02-23 01:07:24,096 INFO sqlalchemy.engine.Engine CREATE INDEX ix_bookings_booking_status ON bookings (booking_status)
2026-02-23 01:07:24,096 INFO sqlalchemy.engine.Engine [no key 0.00036s] ()
2026-02-23 01:07:24,103 INFO sqlalchemy.engine.Engine CREATE INDEX idx_bookings_user_travel ON bookings (user_id, travel_date)
2026-02-23 01:07:24,103 INFO sqlalchemy.engine.Engine [no key 0.00032s] ()
2026-02-23 01:07:24,111 INFO sqlalchemy.engine.Engine CREATE INDEX ix_bookings_travel_date ON bookings (travel_date)
2026-02-23 01:07:24,112 INFO sqlalchemy.engine.Engine [no key 0.00040s] ()
2026-02-23 01:07:24,121 INFO sqlalchemy.engine.Engine CREATE INDEX idx_bookings_pnr ON bookings (pnr_number)
2026-02-23 01:07:24,122 INFO sqlalchemy.engine.Engine [no key 0.00031s] ()
2026-02-23 01:07:24,129 INFO sqlalchemy.engine.Engine CREATE INDEX idx_bookings_status ON bookings (booking_status)
2026-02-23 01:07:24,130 INFO sqlalchemy.engine.Engine [no key 0.00034s] ()
2026-02-23 01:07:24,137 INFO sqlalchemy.engine.Engine CREATE UNIQUE INDEX ix_bookings_pnr_number ON bookings (pnr_number)
2026-02-23 01:07:24,137 INFO sqlalchemy.engine.Engine [no key 0.00039s] ()
2026-02-23 01:07:24,145 INFO sqlalchemy.engine.Engine CREATE INDEX ix_bookings_user_id ON bookings (user_id)
2026-02-23 01:07:24,145 INFO sqlalchemy.engine.Engine [no key 0.00035s] ()
2026-02-23 01:07:24,155 INFO sqlalchemy.engine.Engine 
CREATE TABLE disruptions (
	id VARCHAR(36) NOT NULL, 
	disruption_type VARCHAR(50) NOT NULL, 
	description TEXT, 
	start_time DATETIME, 
	end_time DATETIME, 
	status VARCHAR(50), 
	created_by_id VARCHAR(36), 
	created_at DATETIME, 
	gtfs_route_id INTEGER, 
	trip_id INTEGER, 
	stop_id INTEGER, 
	PRIMARY KEY (id), 
	FOREIGN KEY(created_by_id) REFERENCES users (id), 
	FOREIGN KEY(gtfs_route_id) REFERENCES gtfs_routes (id), 
	FOREIGN KEY(trip_id) REFERENCES trips (id), 
	FOREIGN KEY(stop_id) REFERENCES stops (id)
)


2026-02-23 01:07:24,156 INFO sqlalchemy.engine.Engine [no key 0.00040s] ()
2026-02-23 01:07:24,164 INFO sqlalchemy.engine.Engine CREATE INDEX ix_disruptions_stop_id ON disruptions (stop_id)
2026-02-23 01:07:24,165 INFO sqlalchemy.engine.Engine [no key 0.00044s] ()
2026-02-23 01:07:24,173 INFO sqlalchemy.engine.Engine CREATE INDEX ix_disruptions_trip_id ON disruptions (trip_id)
2026-02-23 01:07:24,173 INFO sqlalchemy.engine.Engine [no key 0.00031s] ()
2026-02-23 01:07:24,181 INFO sqlalchemy.engine.Engine CREATE INDEX ix_disruptions_gtfs_route_id ON disruptions (gtfs_route_id)
2026-02-23 01:07:24,181 INFO sqlalchemy.engine.Engine [no key 0.00043s] ()
2026-02-23 01:07:24,189 INFO sqlalchemy.engine.Engine CREATE INDEX ix_disruptions_status ON disruptions (status)
2026-02-23 01:07:24,189 INFO sqlalchemy.engine.Engine [no key 0.00031s] ()
2026-02-23 01:07:24,197 INFO sqlalchemy.engine.Engine 
CREATE TABLE frequencies (
	id VARCHAR(36) NOT NULL, 
	trip_id INTEGER NOT NULL, 
	start_time TIME NOT NULL, 
	end_time TIME NOT NULL, 
	headway_secs INTEGER NOT NULL, 
	exact_times BOOLEAN, 
	created_at DATETIME, 
	PRIMARY KEY (id), 
	CONSTRAINT uq_trip_start_time UNIQUE (trip_id, start_time), 
	FOREIGN KEY(trip_id) REFERENCES trips (id)
)


2026-02-23 01:07:24,198 INFO sqlalchemy.engine.Engine [no key 0.00043s] ()
2026-02-23 01:07:24,205 INFO sqlalchemy.engine.Engine CREATE INDEX ix_frequencies_trip_id ON frequencies (trip_id)
2026-02-23 01:07:24,206 INFO sqlalchemy.engine.Engine [no key 0.00033s] ()
2026-02-23 01:07:24,213 INFO sqlalchemy.engine.Engine CREATE INDEX idx_frequencies_trip ON frequencies (trip_id)
2026-02-23 01:07:24,213 INFO sqlalchemy.engine.Engine [no key 0.00033s] ()
2026-02-23 01:07:24,221 INFO sqlalchemy.engine.Engine 
CREATE TABLE segments (
	id VARCHAR(36) NOT NULL, 
	source_station_id VARCHAR(36) NOT NULL, 
	dest_station_id VARCHAR(36) NOT NULL, 
	vehicle_id VARCHAR(36), 
	trip_id INTEGER, 
	transport_mode VARCHAR(50) NOT NULL, 
	departure_time TIME NOT NULL, 
	arrival_time TIME NOT NULL, 
	arrival_day_offset INTEGER, 
	duration_minutes INTEGER NOT NULL, 
	distance_km FLOAT, 
	cost FLOAT NOT NULL, 
	operating_days VARCHAR(7) NOT NULL, 
	PRIMARY KEY (id), 
	FOREIGN KEY(source_station_id) REFERENCES stations (id), 
	FOREIGN KEY(dest_station_id) REFERENCES stations (id), 
	FOREIGN KEY(vehicle_id) REFERENCES vehicles (id), 
	FOREIGN KEY(trip_id) REFERENCES trips (id)
)


2026-02-23 01:07:24,222 INFO sqlalchemy.engine.Engine [no key 0.00040s] ()
2026-02-23 01:07:24,230 INFO sqlalchemy.engine.Engine CREATE INDEX ix_segments_dest_station_id ON segments (dest_station_id)
2026-02-23 01:07:24,230 INFO sqlalchemy.engine.Engine [no key 0.00043s] ()
2026-02-23 01:07:24,237 INFO sqlalchemy.engine.Engine CREATE INDEX ix_segments_vehicle_id ON segments (vehicle_id)
2026-02-23 01:07:24,238 INFO sqlalchemy.engine.Engine [no key 0.00038s] ()
2026-02-23 01:07:24,249 INFO sqlalchemy.engine.Engine CREATE INDEX ix_segments_trip_id ON segments (trip_id)
2026-02-23 01:07:24,250 INFO sqlalchemy.engine.Engine [no key 0.00038s] ()
2026-02-23 01:07:24,260 INFO sqlalchemy.engine.Engine CREATE INDEX ix_segments_source_station_id ON segments (source_station_id)
2026-02-23 01:07:24,260 INFO sqlalchemy.engine.Engine [no key 0.00036s] ()
2026-02-23 01:07:24,268 INFO sqlalchemy.engine.Engine CREATE INDEX idx_segments_src_dest_dep ON segments (source_station_id, dest_station_id, departure_time)
2026-02-23 01:07:24,268 INFO sqlalchemy.engine.Engine [no key 0.00039s] ()
2026-02-23 01:07:24,278 INFO sqlalchemy.engine.Engine 
CREATE TABLE station_departures_indexed (
	id VARCHAR(36) NOT NULL, 
	station_id INTEGER NOT NULL, 
	trip_id INTEGER NOT NULL, 
	departure_time TIME NOT NULL, 
	arrival_time_at_next TIME, 
	next_station_id INTEGER, 
	operating_days VARCHAR(7) NOT NULL, 
	train_number VARCHAR(50), 
	distance_to_next FLOAT, 
	PRIMARY KEY (id), 
	FOREIGN KEY(station_id) REFERENCES stops (id), 
	FOREIGN KEY(trip_id) REFERENCES trips (id), 
	FOREIGN KEY(next_station_id) REFERENCES stops (id)
)


2026-02-23 01:07:24,278 INFO sqlalchemy.engine.Engine [no key 0.00047s] ()
2026-02-23 01:07:24,286 INFO sqlalchemy.engine.Engine CREATE INDEX ix_station_departures_indexed_trip_id ON station_departures_indexed (trip_id)
2026-02-23 01:07:24,287 INFO sqlalchemy.engine.Engine [no key 0.00040s] ()
2026-02-23 01:07:24,295 INFO sqlalchemy.engine.Engine CREATE INDEX idx_station_dep_time ON station_departures_indexed (station_id, departure_time)
2026-02-23 01:07:24,295 INFO sqlalchemy.engine.Engine [no key 0.00042s] ()
2026-02-23 01:07:24,302 INFO sqlalchemy.engine.Engine CREATE INDEX ix_station_departures_indexed_station_id ON station_departures_indexed (station_id)
2026-02-23 01:07:24,303 INFO sqlalchemy.engine.Engine [no key 0.00038s] ()
2026-02-23 01:07:24,312 INFO sqlalchemy.engine.Engine CREATE INDEX idx_station_dep_day ON station_departures_indexed (station_id, operating_days)
2026-02-23 01:07:24,313 INFO sqlalchemy.engine.Engine [no key 0.00045s] ()
2026-02-23 01:07:24,320 INFO sqlalchemy.engine.Engine CREATE INDEX ix_station_departures_indexed_departure_time ON station_departures_indexed (departure_time)
2026-02-23 01:07:24,320 INFO sqlalchemy.engine.Engine [no key 0.00050s] ()
2026-02-23 01:07:24,330 INFO sqlalchemy.engine.Engine 
CREATE TABLE seats (
	id INTEGER NOT NULL, 
	coach_id INTEGER NOT NULL, 
	seat_number VARCHAR(10) NOT NULL, 
	is_available BOOLEAN, 
	PRIMARY KEY (id), 
	FOREIGN KEY(coach_id) REFERENCES coaches (id)
)


2026-02-23 01:07:24,330 INFO sqlalchemy.engine.Engine [no key 0.00038s] ()
2026-02-23 01:07:24,338 INFO sqlalchemy.engine.Engine 
CREATE TABLE passenger_details (
	id VARCHAR(36) NOT NULL, 
	booking_id VARCHAR(36) NOT NULL, 
	full_name VARCHAR(255) NOT NULL, 
	age INTEGER NOT NULL, 
	gender VARCHAR(10) NOT NULL, 
	phone_number VARCHAR(20), 
	email VARCHAR(255), 
	document_type VARCHAR(50), 
	document_number VARCHAR(50), 
	coach_number VARCHAR(10), 
	seat_number VARCHAR(10), 
	berth_type VARCHAR(20), 
	concession_type VARCHAR(50), 
	concession_discount FLOAT NOT NULL, 
	meal_preference VARCHAR(20), 
	created_at DATETIME, 
	updated_at DATETIME, 
	PRIMARY KEY (id), 
	FOREIGN KEY(booking_id) REFERENCES bookings (id)
)


2026-02-23 01:07:24,338 INFO sqlalchemy.engine.Engine [no key 0.00045s] ()
2026-02-23 01:07:24,348 INFO sqlalchemy.engine.Engine CREATE INDEX ix_passenger_details_booking_id ON passenger_details (booking_id)
2026-02-23 01:07:24,349 INFO sqlalchemy.engine.Engine [no key 0.00040s] ()
2026-02-23 01:07:24,356 INFO sqlalchemy.engine.Engine CREATE INDEX idx_passenger_booking ON passenger_details (booking_id)
2026-02-23 01:07:24,357 INFO sqlalchemy.engine.Engine [no key 0.00039s] ()
2026-02-23 01:07:24,365 INFO sqlalchemy.engine.Engine 
CREATE TABLE seat_inventory (
	id VARCHAR(36) NOT NULL, 
	travel_date DATE NOT NULL, 
	coach_type VARCHAR(50), 
	seats_available INTEGER NOT NULL, 
	last_reconciled_at DATETIME, 
	stop_time_id INTEGER NOT NULL, 
	PRIMARY KEY (id), 
	FOREIGN KEY(stop_time_id) REFERENCES stop_times (id)
)


2026-02-23 01:07:24,366 INFO sqlalchemy.engine.Engine [no key 0.00034s] ()
2026-02-23 01:07:24,374 INFO sqlalchemy.engine.Engine CREATE INDEX ix_seat_inventory_coach_type ON seat_inventory (coach_type)
2026-02-23 01:07:24,374 INFO sqlalchemy.engine.Engine [no key 0.00040s] ()
2026-02-23 01:07:24,382 INFO sqlalchemy.engine.Engine CREATE INDEX ix_seat_inventory_travel_date ON seat_inventory (travel_date)
2026-02-23 01:07:24,383 INFO sqlalchemy.engine.Engine [no key 0.00038s] ()
2026-02-23 01:07:24,390 INFO sqlalchemy.engine.Engine CREATE INDEX ix_seat_inventory_stop_time_id ON seat_inventory (stop_time_id)
2026-02-23 01:07:24,390 INFO sqlalchemy.engine.Engine [no key 0.00043s] ()
2026-02-23 01:07:24,399 INFO sqlalchemy.engine.Engine 
CREATE TABLE reviews (
	id VARCHAR(36) NOT NULL, 
	user_id VARCHAR(36) NOT NULL, 
	booking_id VARCHAR(36) NOT NULL, 
	rating INTEGER NOT NULL, 
	comment TEXT, 
	created_at DATETIME, 
	PRIMARY KEY (id), 
	CONSTRAINT review_rating_check CHECK (rating >= 1 AND rating <= 5), 
	CONSTRAINT uq_user_booking_review UNIQUE (user_id, booking_id), 
	FOREIGN KEY(user_id) REFERENCES users (id), 
	FOREIGN KEY(booking_id) REFERENCES bookings (id)
)


2026-02-23 01:07:24,400 INFO sqlalchemy.engine.Engine [no key 0.00051s] ()
2026-02-23 01:07:24,408 INFO sqlalchemy.engine.Engine CREATE UNIQUE INDEX ix_reviews_booking_id ON reviews (booking_id)
2026-02-23 01:07:24,408 INFO sqlalchemy.engine.Engine [no key 0.00039s] ()
2026-02-23 01:07:24,416 INFO sqlalchemy.engine.Engine CREATE INDEX ix_reviews_user_id ON reviews (user_id)
2026-02-23 01:07:24,416 INFO sqlalchemy.engine.Engine [no key 0.00029s] ()
2026-02-23 01:07:24,425 INFO sqlalchemy.engine.Engine 
CREATE TABLE payments (
	id VARCHAR(36) NOT NULL, 
	booking_id VARCHAR(36), 
	razorpay_order_id VARCHAR(255), 
	razorpay_payment_id VARCHAR(255), 
	status VARCHAR(50), 
	amount FLOAT NOT NULL, 
	created_at DATETIME, 
	updated_at DATETIME, 
	PRIMARY KEY (id), 
	FOREIGN KEY(booking_id) REFERENCES bookings (id)
)


2026-02-23 01:07:24,425 INFO sqlalchemy.engine.Engine [no key 0.00043s] ()
2026-02-23 01:07:24,438 INFO sqlalchemy.engine.Engine CREATE INDEX ix_payments_booking_id ON payments (booking_id)
2026-02-23 01:07:24,438 INFO sqlalchemy.engine.Engine [no key 0.00034s] ()
2026-02-23 01:07:24,446 INFO sqlalchemy.engine.Engine CREATE INDEX ix_payments_razorpay_payment_id ON payments (razorpay_payment_id)
2026-02-23 01:07:24,446 INFO sqlalchemy.engine.Engine [no key 0.00047s] ()
2026-02-23 01:07:24,455 INFO sqlalchemy.engine.Engine CREATE INDEX ix_payments_razorpay_order_id ON payments (razorpay_order_id)
2026-02-23 01:07:24,455 INFO sqlalchemy.engine.Engine [no key 0.00045s] ()
2026-02-23 01:07:24,466 INFO sqlalchemy.engine.Engine 
CREATE TABLE waiting_list (
	id VARCHAR(36) NOT NULL, 
	booking_id VARCHAR(36) NOT NULL, 
	position INTEGER NOT NULL, 
	status VARCHAR(50) NOT NULL, 
	notification_sent BOOLEAN, 
	confirmed_at DATETIME, 
	created_at DATETIME, 
	updated_at DATETIME, 
	PRIMARY KEY (id), 
	UNIQUE (booking_id), 
	FOREIGN KEY(booking_id) REFERENCES bookings (id)
)


2026-02-23 01:07:24,466 INFO sqlalchemy.engine.Engine [no key 0.00050s] ()
2026-02-23 01:07:24,476 INFO sqlalchemy.engine.Engine CREATE INDEX idx_waiting_list_booking ON waiting_list (booking_id)
2026-02-23 01:07:24,477 INFO sqlalchemy.engine.Engine [no key 0.00052s] ()
2026-02-23 01:07:24,485 INFO sqlalchemy.engine.Engine CREATE INDEX idx_waiting_list_status ON waiting_list (status)
2026-02-23 01:07:24,485 INFO sqlalchemy.engine.Engine [no key 0.00044s] ()
2026-02-23 01:07:24,496 INFO sqlalchemy.engine.Engine 
CREATE TABLE unlocked_routes (
	id VARCHAR(36) NOT NULL, 
	user_id VARCHAR(36) NOT NULL, 
	payment_id VARCHAR(36), 
	unlocked_at DATETIME, 
	route_id VARCHAR(36), 
	PRIMARY KEY (id), 
	FOREIGN KEY(user_id) REFERENCES users (id), 
	FOREIGN KEY(payment_id) REFERENCES payments (id), 
	FOREIGN KEY(route_id) REFERENCES precalculated_routes (id)
)


2026-02-23 01:07:24,496 INFO sqlalchemy.engine.Engine [no key 0.00045s] ()
2026-02-23 01:07:24,504 INFO sqlalchemy.engine.Engine CREATE INDEX ix_unlocked_routes_payment_id ON unlocked_routes (payment_id)
2026-02-23 01:07:24,505 INFO sqlalchemy.engine.Engine [no key 0.00040s] ()
2026-02-23 01:07:24,514 INFO sqlalchemy.engine.Engine CREATE INDEX ix_unlocked_routes_route_id ON unlocked_routes (route_id)
2026-02-23 01:07:24,515 INFO sqlalchemy.engine.Engine [no key 0.00044s] ()
2026-02-23 01:07:24,522 INFO sqlalchemy.engine.Engine CREATE INDEX ix_unlocked_routes_user_id ON unlocked_routes (user_id)
2026-02-23 01:07:24,522 INFO sqlalchemy.engine.Engine [no key 0.00043s] ()
2026-02-23 01:07:24,530 INFO sqlalchemy.engine.Engine COMMIT
Simulating OTP sent to +911234567890
2026-02-23 01:07:24,586 INFO sqlalchemy.engine.Engine BEGIN (implicit)
2026-02-23 01:07:24,589 INFO sqlalchemy.engine.Engine SELECT users.id AS users_id, users.email AS users_email, users.password_hash AS users_password_hash, users.phone_number AS users_phone_number, users.role AS users_role, users.created_at AS users_created_at 
FROM users 
WHERE users.phone_number = ?
 LIMIT ? OFFSET ?
2026-02-23 01:07:24,589 INFO sqlalchemy.engine.Engine [generated in 0.00042s] ('+911234567890', 1, 0)
2026-02-23 01:07:24,592 INFO sqlalchemy.engine.Engine INSERT INTO users (id, email, password_hash, phone_number, role, created_at) VALUES (?, ?, ?, ?, ?, ?)
2026-02-23 01:07:24,592 INFO sqlalchemy.engine.Engine [generated in 0.00050s] ('eb2a63cd-30ac-4d5f-8764-08e7ac9677db', '', '', '+911234567890', 'user', '2026-02-22 19:37:24.592103')
2026-02-23 01:07:24,595 INFO sqlalchemy.engine.Engine COMMIT
2026-02-23 01:07:24,601 INFO sqlalchemy.engine.Engine BEGIN (implicit)
2026-02-23 01:07:24,604 INFO sqlalchemy.engine.Engine SELECT users.id, users.email, users.password_hash, users.phone_number, users.role, users.created_at 
FROM users 
WHERE users.id = ?
2026-02-23 01:07:24,604 INFO sqlalchemy.engine.Engine [generated in 0.00052s] ('eb2a63cd-30ac-4d5f-8764-08e7ac9677db',)
2026-02-23 01:07:24,617 INFO sqlalchemy.engine.Engine ROLLBACK
2026-02-23 01:07:24,633 INFO sqlalchemy.engine.Engine BEGIN (implicit)
2026-02-23 01:07:24,634 INFO sqlalchemy.engine.Engine SELECT stops.id AS stops_id, stops.stop_id AS stops_stop_id, stops.code AS stops_code, stops.name AS stops_name, stops.city AS stops_city, stops.state AS stops_state, stops.latitude AS stops_latitude, stops.longitude AS stops_longitude, stops.geom AS stops_geom, stops.location_type AS stops_location_type, stops.parent_station_id AS stops_parent_station_id, stops.safety_score AS stops_safety_score, stops.is_major_junction AS stops_is_major_junction, stops.facilities_json AS stops_facilities_json, stops.wheelchair_accessible AS stops_wheelchair_accessible, stops.platform_count AS stops_platform_count, stops.distance_to_city_center_km AS stops_distance_to_city_center_km 
FROM stops 
WHERE stops.is_major_junction = 1 OR stops.code IN (?, ?, ?, ?, ?, ?, ?, ?, ?)
2026-02-23 01:07:24,634 INFO sqlalchemy.engine.Engine [cached since 3.288s ago] ('NDLS', 'CSMT', 'MAS', 'HWH', 'SBC', 'PNBE', 'LKO', 'ADI', 'BCT')
2026-02-23 01:07:24,636 INFO sqlalchemy.engine.Engine ROLLBACK
2026-02-23 01:07:24,799 INFO sqlalchemy.engine.Engine BEGIN (implicit)
2026-02-23 01:07:24,802 INFO sqlalchemy.engine.Engine SELECT stop_times.id AS stop_times_id, stop_times.trip_id AS stop_times_trip_id, stop_times.stop_id AS stop_times_stop_id, stop_times.arrival_time AS stop_times_arrival_time, stop_times.departure_time AS stop_times_departure_time, stop_times.stop_sequence AS stop_times_stop_sequence, stop_times.cost AS stop_times_cost, stop_times.pickup_type AS stop_times_pickup_type, stop_times.drop_off_type AS stop_times_drop_off_type, stop_times.platform_number AS stop_times_platform_number 
FROM stop_times 
WHERE stop_times.trip_id = ? ORDER BY stop_times.stop_sequence
2026-02-23 01:07:24,803 INFO sqlalchemy.engine.Engine [generated in 0.00053s] (1,)
2026-02-23 01:07:24,804 INFO sqlalchemy.engine.Engine ROLLBACK
2026-02-23 01:07:24,823 INFO sqlalchemy.engine.Engine BEGIN (implicit)
2026-02-23 01:07:24,825 INFO sqlalchemy.engine.Engine SELECT users.id AS users_id, users.email AS users_email, users.password_hash AS users_password_hash, users.phone_number AS users_phone_number, users.role AS users_role, users.created_at AS users_created_at 
FROM users 
WHERE users.email = ?
 LIMIT ? OFFSET ?
2026-02-23 01:07:24,825 INFO sqlalchemy.engine.Engine [generated in 0.00045s] ('+911234567890', 1, 0)
2026-02-23 01:07:24,827 INFO sqlalchemy.engine.Engine ROLLBACK
FAILED2026-02-23 01:07:26,664 INFO sqlalchemy.engine.Engine BEGIN (implicit)
2026-02-23 01:07:26,665 INFO sqlalchemy.engine.Engine PRAGMA main.table_info("users")
2026-02-23 01:07:26,665 INFO sqlalchemy.engine.Engine [raw sql] ()
2026-02-23 01:07:26,666 INFO sqlalchemy.engine.Engine PRAGMA main.table_info("agency")
2026-02-23 01:07:26,666 INFO sqlalchemy.engine.Engine [raw sql] ()
2026-02-23 01:07:26,667 INFO sqlalchemy.engine.Engine PRAGMA main.table_info("stops")
2026-02-23 01:07:26,667 INFO sqlalchemy.engine.Engine [raw sql] ()
2026-02-23 01:07:26,667 INFO sqlalchemy.engine.Engine PRAGMA main.table_info("gtfs_routes")
2026-02-23 01:07:26,668 INFO sqlalchemy.engine.Engine [raw sql] ()
2026-02-23 01:07:26,669 INFO sqlalchemy.engine.Engine PRAGMA main.table_info("calendar")
2026-02-23 01:07:26,669 INFO sqlalchemy.engine.Engine [raw sql] ()
2026-02-23 01:07:26,669 INFO sqlalchemy.engine.Engine PRAGMA main.table_info("calendar_dates")
2026-02-23 01:07:26,670 INFO sqlalchemy.engine.Engine [raw sql] ()
2026-02-23 01:07:26,670 INFO sqlalchemy.engine.Engine PRAGMA main.table_info("trips")
2026-02-23 01:07:26,670 INFO sqlalchemy.engine.Engine [raw sql] ()
2026-02-23 01:07:26,671 INFO sqlalchemy.engine.Engine PRAGMA main.table_info("stop_times")
2026-02-23 01:07:26,671 INFO sqlalchemy.engine.Engine [raw sql] ()
2026-02-23 01:07:26,672 INFO sqlalchemy.engine.Engine PRAGMA main.table_info("coaches")
2026-02-23 01:07:26,672 INFO sqlalchemy.engine.Engine [raw sql] ()
2026-02-23 01:07:26,672 INFO sqlalchemy.engine.Engine PRAGMA main.table_info("seats")
2026-02-23 01:07:26,672 INFO sqlalchemy.engine.Engine [raw sql] ()
2026-02-23 01:07:26,674 INFO sqlalchemy.engine.Engine PRAGMA main.table_info("fares")
2026-02-23 01:07:26,674 INFO sqlalchemy.engine.Engine [raw sql] ()
2026-02-23 01:07:26,674 INFO sqlalchemy.engine.Engine PRAGMA main.table_info("transfers")
2026-02-23 01:07:26,675 INFO sqlalchemy.engine.Engine [raw sql] ()
2026-02-23 01:07:26,676 INFO sqlalchemy.engine.Engine PRAGMA main.table_info("bookings")
2026-02-23 01:07:26,676 INFO sqlalchemy.engine.Engine [raw sql] ()
2026-02-23 01:07:26,677 INFO sqlalchemy.engine.Engine PRAGMA main.table_info("passenger_details")
2026-02-23 01:07:26,677 INFO sqlalchemy.engine.Engine [raw sql] ()
2026-02-23 01:07:26,678 INFO sqlalchemy.engine.Engine PRAGMA main.table_info("unlocked_routes")
2026-02-23 01:07:26,678 INFO sqlalchemy.engine.Engine [raw sql] ()
2026-02-23 01:07:26,679 INFO sqlalchemy.engine.Engine PRAGMA main.table_info("disruptions")
2026-02-23 01:07:26,680 INFO sqlalchemy.engine.Engine [raw sql] ()
2026-02-23 01:07:26,680 INFO sqlalchemy.engine.Engine PRAGMA main.table_info("seat_inventory")
2026-02-23 01:07:26,680 INFO sqlalchemy.engine.Engine [raw sql] ()
2026-02-23 01:07:26,682 INFO sqlalchemy.engine.Engine PRAGMA main.table_info("commission_tracking")
2026-02-23 01:07:26,682 INFO sqlalchemy.engine.Engine [raw sql] ()
2026-02-23 01:07:26,683 INFO sqlalchemy.engine.Engine PRAGMA main.table_info("reviews")
2026-02-23 01:07:26,683 INFO sqlalchemy.engine.Engine [raw sql] ()
2026-02-23 01:07:26,683 INFO sqlalchemy.engine.Engine PRAGMA main.table_info("payments")
2026-02-23 01:07:26,684 INFO sqlalchemy.engine.Engine [raw sql] ()
2026-02-23 01:07:26,685 INFO sqlalchemy.engine.Engine PRAGMA main.table_info("realtime_data")
2026-02-23 01:07:26,685 INFO sqlalchemy.engine.Engine [raw sql] ()
2026-02-23 01:07:26,685 INFO sqlalchemy.engine.Engine PRAGMA main.table_info("rl_feedback_logs")
2026-02-23 01:07:26,686 INFO sqlalchemy.engine.Engine [raw sql] ()
2026-02-23 01:07:26,686 INFO sqlalchemy.engine.Engine PRAGMA main.table_info("route_shapes")
2026-02-23 01:07:26,687 INFO sqlalchemy.engine.Engine [raw sql] ()
2026-02-23 01:07:26,687 INFO sqlalchemy.engine.Engine PRAGMA main.table_info("frequencies")
2026-02-23 01:07:26,687 INFO sqlalchemy.engine.Engine [raw sql] ()
2026-02-23 01:07:26,688 INFO sqlalchemy.engine.Engine PRAGMA main.table_info("station_facilities")
2026-02-23 01:07:26,688 INFO sqlalchemy.engine.Engine [raw sql] ()
2026-02-23 01:07:26,689 INFO sqlalchemy.engine.Engine PRAGMA main.table_info("cancellation_rules")
2026-02-23 01:07:26,689 INFO sqlalchemy.engine.Engine [raw sql] ()
2026-02-23 01:07:26,689 INFO sqlalchemy.engine.Engine PRAGMA main.table_info("waiting_list")
2026-02-23 01:07:26,690 INFO sqlalchemy.engine.Engine [raw sql] ()
2026-02-23 01:07:26,691 INFO sqlalchemy.engine.Engine PRAGMA main.table_info("precalculated_routes")
2026-02-23 01:07:26,691 INFO sqlalchemy.engine.Engine [raw sql] ()
2026-02-23 01:07:26,692 INFO sqlalchemy.engine.Engine PRAGMA main.table_info("vehicles")
2026-02-23 01:07:26,692 INFO sqlalchemy.engine.Engine [raw sql] ()
2026-02-23 01:07:26,692 INFO sqlalchemy.engine.Engine PRAGMA main.table_info("stations")
2026-02-23 01:07:26,692 INFO sqlalchemy.engine.Engine [raw sql] ()
2026-02-23 01:07:26,693 INFO sqlalchemy.engine.Engine PRAGMA main.table_info("segments")
2026-02-23 01:07:26,694 INFO sqlalchemy.engine.Engine [raw sql] ()
2026-02-23 01:07:26,694 INFO sqlalchemy.engine.Engine PRAGMA main.table_info("station_departures_indexed")
2026-02-23 01:07:26,694 INFO sqlalchemy.engine.Engine [raw sql] ()
2026-02-23 01:07:26,695 INFO sqlalchemy.engine.Engine PRAGMA main.table_info("time_index_keys")
2026-02-23 01:07:26,695 INFO sqlalchemy.engine.Engine [raw sql] ()
2026-02-23 01:07:26,696 INFO sqlalchemy.engine.Engine PRAGMA main.table_info("station_departures")
2026-02-23 01:07:26,696 INFO sqlalchemy.engine.Engine [raw sql] ()
2026-02-23 01:07:26,696 INFO sqlalchemy.engine.Engine PRAGMA main.table_info("stop_departures")
2026-02-23 01:07:26,696 INFO sqlalchemy.engine.Engine [raw sql] ()
2026-02-23 01:07:26,697 INFO sqlalchemy.engine.Engine PRAGMA main.table_info("stations_master")
2026-02-23 01:07:26,697 INFO sqlalchemy.engine.Engine [raw sql] ()
2026-02-23 01:07:26,698 INFO sqlalchemy.engine.Engine PRAGMA main.table_info("route_search_logs")
2026-02-23 01:07:26,698 INFO sqlalchemy.engine.Engine [raw sql] ()
2026-02-23 01:07:26,699 INFO sqlalchemy.engine.Engine PRAGMA main.table_info("train_states")
2026-02-23 01:07:26,699 INFO sqlalchemy.engine.Engine [raw sql] ()
2026-02-23 01:07:26,699 INFO sqlalchemy.engine.Engine PRAGMA main.table_info("seat_availability")
2026-02-23 01:07:26,700 INFO sqlalchemy.engine.Engine [raw sql] ()
2026-02-23 01:07:26,701 INFO sqlalchemy.engine.Engine PRAGMA main.table_info("trains_master")
2026-02-23 01:07:26,701 INFO sqlalchemy.engine.Engine [raw sql] ()
2026-02-23 01:07:26,702 INFO sqlalchemy.engine.Engine PRAGMA main.table_info("train_stations")
2026-02-23 01:07:26,702 INFO sqlalchemy.engine.Engine [raw sql] ()
2026-02-23 01:07:26,703 INFO sqlalchemy.engine.Engine PRAGMA main.table_info("train_live_updates")
2026-02-23 01:07:26,703 INFO sqlalchemy.engine.Engine [raw sql] ()
2026-02-23 01:07:26,703 INFO sqlalchemy.engine.Engine PRAGMA main.table_info("quota_inventory")
2026-02-23 01:07:26,703 INFO sqlalchemy.engine.Engine [raw sql] ()
2026-02-23 01:07:26,704 INFO sqlalchemy.engine.Engine PRAGMA temp.table_info("quota_inventory")
2026-02-23 01:07:26,704 INFO sqlalchemy.engine.Engine [raw sql] ()
2026-02-23 01:07:26,705 INFO sqlalchemy.engine.Engine PRAGMA main.table_info("waitlist_queue")
2026-02-23 01:07:26,705 INFO sqlalchemy.engine.Engine [raw sql] ()
2026-02-23 01:07:26,705 INFO sqlalchemy.engine.Engine PRAGMA temp.table_info("waitlist_queue")
2026-02-23 01:07:26,706 INFO sqlalchemy.engine.Engine [raw sql] ()
2026-02-23 01:07:26,707 INFO sqlalchemy.engine.Engine 
DROP TABLE unlocked_routes
2026-02-23 01:07:26,708 INFO sqlalchemy.engine.Engine [no key 0.00024s] ()
2026-02-23 01:07:26,733 INFO sqlalchemy.engine.Engine 
DROP TABLE waiting_list
2026-02-23 01:07:26,733 INFO sqlalchemy.engine.Engine [no key 0.00046s] ()
2026-02-23 01:07:26,743 INFO sqlalchemy.engine.Engine 
DROP TABLE payments
2026-02-23 01:07:26,744 INFO sqlalchemy.engine.Engine [no key 0.00042s] ()
2026-02-23 01:07:26,752 INFO sqlalchemy.engine.Engine 
DROP TABLE reviews
2026-02-23 01:07:26,753 INFO sqlalchemy.engine.Engine [no key 0.00039s] ()
2026-02-23 01:07:26,763 INFO sqlalchemy.engine.Engine 
DROP TABLE seat_inventory
2026-02-23 01:07:26,763 INFO sqlalchemy.engine.Engine [no key 0.00038s] ()
2026-02-23 01:07:26,774 INFO sqlalchemy.engine.Engine 
DROP TABLE passenger_details
2026-02-23 01:07:26,774 INFO sqlalchemy.engine.Engine [no key 0.00046s] ()
2026-02-23 01:07:26,783 INFO sqlalchemy.engine.Engine 
DROP TABLE seats
2026-02-23 01:07:26,783 INFO sqlalchemy.engine.Engine [no key 0.00042s] ()
2026-02-23 01:07:26,792 INFO sqlalchemy.engine.Engine 
DROP TABLE station_departures_indexed
2026-02-23 01:07:26,792 INFO sqlalchemy.engine.Engine [no key 0.00041s] ()
2026-02-23 01:07:26,804 INFO sqlalchemy.engine.Engine 
DROP TABLE segments
2026-02-23 01:07:26,804 INFO sqlalchemy.engine.Engine [no key 0.00081s] ()
2026-02-23 01:07:26,819 INFO sqlalchemy.engine.Engine 
DROP TABLE frequencies
2026-02-23 01:07:26,819 INFO sqlalchemy.engine.Engine [no key 0.00045s] ()
2026-02-23 01:07:26,828 INFO sqlalchemy.engine.Engine 
DROP TABLE disruptions
2026-02-23 01:07:26,829 INFO sqlalchemy.engine.Engine [no key 0.00056s] ()
2026-02-23 01:07:26,839 INFO sqlalchemy.engine.Engine 
DROP TABLE bookings
2026-02-23 01:07:26,839 INFO sqlalchemy.engine.Engine [no key 0.00037s] ()
2026-02-23 01:07:26,851 INFO sqlalchemy.engine.Engine 
DROP TABLE fares
2026-02-23 01:07:26,852 INFO sqlalchemy.engine.Engine [no key 0.00053s] ()
2026-02-23 01:07:26,861 INFO sqlalchemy.engine.Engine 
DROP TABLE coaches
2026-02-23 01:07:26,861 INFO sqlalchemy.engine.Engine [no key 0.00041s] ()
2026-02-23 01:07:26,868 INFO sqlalchemy.engine.Engine 
DROP TABLE stop_times
2026-02-23 01:07:26,868 INFO sqlalchemy.engine.Engine [no key 0.00048s] ()
2026-02-23 01:07:26,879 INFO sqlalchemy.engine.Engine 
DROP TABLE cancellation_rules
2026-02-23 01:07:26,879 INFO sqlalchemy.engine.Engine [no key 0.00040s] ()
2026-02-23 01:07:26,889 INFO sqlalchemy.engine.Engine 
DROP TABLE route_shapes
2026-02-23 01:07:26,889 INFO sqlalchemy.engine.Engine [no key 0.00041s] ()
2026-02-23 01:07:26,902 INFO sqlalchemy.engine.Engine 
DROP TABLE transfers
2026-02-23 01:07:26,902 INFO sqlalchemy.engine.Engine [no key 0.00053s] ()
2026-02-23 01:07:26,915 INFO sqlalchemy.engine.Engine 
DROP TABLE trips
2026-02-23 01:07:26,916 INFO sqlalchemy.engine.Engine [no key 0.00049s] ()
2026-02-23 01:07:26,926 INFO sqlalchemy.engine.Engine 
DROP TABLE train_stations
2026-02-23 01:07:26,926 INFO sqlalchemy.engine.Engine [no key 0.00063s] ()
2026-02-23 01:07:26,936 INFO sqlalchemy.engine.Engine 
DROP TABLE train_states
2026-02-23 01:07:26,936 INFO sqlalchemy.engine.Engine [no key 0.00043s] ()
2026-02-23 01:07:26,946 INFO sqlalchemy.engine.Engine 
DROP TABLE route_search_logs
2026-02-23 01:07:26,946 INFO sqlalchemy.engine.Engine [no key 0.00032s] ()
2026-02-23 01:07:26,955 INFO sqlalchemy.engine.Engine 
DROP TABLE stop_departures
2026-02-23 01:07:26,955 INFO sqlalchemy.engine.Engine [no key 0.00034s] ()
2026-02-23 01:07:26,965 INFO sqlalchemy.engine.Engine 
DROP TABLE station_departures
2026-02-23 01:07:26,965 INFO sqlalchemy.engine.Engine [no key 0.00037s] ()
2026-02-23 01:07:26,975 INFO sqlalchemy.engine.Engine 
DROP TABLE station_facilities
2026-02-23 01:07:26,976 INFO sqlalchemy.engine.Engine [no key 0.00044s] ()
2026-02-23 01:07:26,985 INFO sqlalchemy.engine.Engine 
DROP TABLE rl_feedback_logs
2026-02-23 01:07:26,985 INFO sqlalchemy.engine.Engine [no key 0.00041s] ()
2026-02-23 01:07:26,994 INFO sqlalchemy.engine.Engine 
DROP TABLE commission_tracking
2026-02-23 01:07:26,995 INFO sqlalchemy.engine.Engine [no key 0.00040s] ()
2026-02-23 01:07:27,004 INFO sqlalchemy.engine.Engine 
DROP TABLE gtfs_routes
2026-02-23 01:07:27,005 INFO sqlalchemy.engine.Engine [no key 0.00043s] ()
2026-02-23 01:07:27,014 INFO sqlalchemy.engine.Engine 
DROP TABLE train_live_updates
2026-02-23 01:07:27,015 INFO sqlalchemy.engine.Engine [no key 0.00060s] ()
2026-02-23 01:07:27,030 INFO sqlalchemy.engine.Engine 
DROP TABLE trains_master
2026-02-23 01:07:27,030 INFO sqlalchemy.engine.Engine [no key 0.00038s] ()
2026-02-23 01:07:27,040 INFO sqlalchemy.engine.Engine 
DROP TABLE seat_availability
2026-02-23 01:07:27,041 INFO sqlalchemy.engine.Engine [no key 0.00050s] ()
2026-02-23 01:07:27,051 INFO sqlalchemy.engine.Engine 
DROP TABLE stations_master
2026-02-23 01:07:27,052 INFO sqlalchemy.engine.Engine [no key 0.00050s] ()
2026-02-23 01:07:27,063 INFO sqlalchemy.engine.Engine 
DROP TABLE time_index_keys
2026-02-23 01:07:27,063 INFO sqlalchemy.engine.Engine [no key 0.00042s] ()
2026-02-23 01:07:27,074 INFO sqlalchemy.engine.Engine 
DROP TABLE stations
2026-02-23 01:07:27,074 INFO sqlalchemy.engine.Engine [no key 0.00064s] ()
2026-02-23 01:07:27,089 INFO sqlalchemy.engine.Engine 
DROP TABLE vehicles
2026-02-23 01:07:27,089 INFO sqlalchemy.engine.Engine [no key 0.00054s] ()
2026-02-23 01:07:27,102 INFO sqlalchemy.engine.Engine 
DROP TABLE precalculated_routes
2026-02-23 01:07:27,103 INFO sqlalchemy.engine.Engine [no key 0.00048s] ()
2026-02-23 01:07:27,114 INFO sqlalchemy.engine.Engine 
DROP TABLE realtime_data
2026-02-23 01:07:27,115 INFO sqlalchemy.engine.Engine [no key 0.00067s] ()
2026-02-23 01:07:27,135 INFO sqlalchemy.engine.Engine 
DROP TABLE calendar_dates
2026-02-23 01:07:27,136 INFO sqlalchemy.engine.Engine [no key 0.00056s] ()
2026-02-23 01:07:27,167 INFO sqlalchemy.engine.Engine 
DROP TABLE calendar
2026-02-23 01:07:27,168 INFO sqlalchemy.engine.Engine [no key 0.00066s] ()
2026-02-23 01:07:27,192 INFO sqlalchemy.engine.Engine 
DROP TABLE stops
2026-02-23 01:07:27,193 INFO sqlalchemy.engine.Engine [no key 0.00101s] ()
2026-02-23 01:07:27,224 INFO sqlalchemy.engine.Engine 
DROP TABLE agency
2026-02-23 01:07:27,226 INFO sqlalchemy.engine.Engine [no key 0.00236s] ()
2026-02-23 01:07:27,242 INFO sqlalchemy.engine.Engine 
DROP TABLE users
2026-02-23 01:07:27,242 INFO sqlalchemy.engine.Engine [no key 0.00091s] ()
2026-02-23 01:07:27,261 INFO sqlalchemy.engine.Engine COMMIT


================================== FAILURES ===================================
_________________________ test_full_user_flow_and_ws __________________________

tmp_path = WindowsPath('C:/Users/Gaurav Nagar/AppData/Local/Temp/pytest-of-Gaurav Nagar/pytest-144/test_full_user_flow_and_ws0')
monkeypatch = <_pytest.monkeypatch.MonkeyPatch object at 0x0000017045C11190>
test_db_setup = None

    def test_full_user_flow_and_ws(tmp_path, monkeypatch, test_db_setup):
        # Ensure the database schema is up-to-date (clean slate)
        # Drill 1: passenger searches, checks availability, books, triggers SOS
        token, refresh = login_passenger()
    
        # Monkeypatch search to return a dummy route so the test doesn't require
        # a fully populated transit dataset.
        from backend.services.search_service import SearchService
    
        async def _dummy_search(self, source, destination, travel_date, *args, **kwargs):
            # minimal response structure expected by the endpoint/consumer
            return {
                "source": source,
                "destination": destination,
                "routes": {"direct": [{"route_id": "DUMMY1", "source": source, "destination": destination}]},
                "stations": {},
                "journeys": []
            }
    
        monkeypatch.setattr(SearchService, "search_routes", _dummy_search)
    
        # search route (simple parameters)
        search_resp = client.post(
            "/api/search/",
            json={"source": "PGT", "destination": "KOTA", "date": "2026-03-01"},
            headers=auth_headers(token),
        )
        assert search_resp.status_code == 200
        routes = search_resp.json().get("routes", {}).get("direct", [])
        assert routes, "expected at least one route"
    
        # availability check
        avail_payload = {
            "trip_id": routes[0].get("TripId") or routes[0].get("trip_id") or 1,
            "from_stop_id": 1,
            "to_stop_id": 4,
            "travel_date": "2026-03-01",
            "quota_type": "GENERAL",
            "passengers": 1,
        }
        avail_resp = client.post(
            "/api/v1/booking/availability", json=avail_payload, headers=auth_headers(token)
        )
        assert avail_resp.status_code == 200
        avail_data = avail_resp.json()
        assert avail_data.get("available") in (True, False)
        assert "availability_status" in avail_data
    
        # create a booking via the orchestrator directly (simpler than going through payment)
        booking_payload = {
            "route_id": routes[0].get("RouteId") or routes[0].get("route_id") or str(avail_payload["trip_id"]),
            "travel_date": "2026-03-01",
            "booking_details": {},
            "amount_paid": 0,
            "passenger_details": [{"full_name": "Test User", "age": 30, "gender": "M"}],
        }
        book_resp = client.post(
            "/api/v1/booking/", json=booking_payload, headers=auth_headers(token)
        )
>       assert book_resp.status_code == 200
E       assert 401 == 200
E        +  where 401 = <Response [401 Unauthorized]>.status_code

backend\tests\test_integration_audit.py:93: AssertionError
----------------------------- Captured log setup ------------------------------
INFO     sqlalchemy.engine.Engine:base.py:2689 BEGIN (implicit)
INFO     sqlalchemy.engine.Engine:base.py:1848 PRAGMA main.table_info("users")
INFO     sqlalchemy.engine.Engine:base.py:1848 [raw sql] ()
INFO     sqlalchemy.engine.Engine:base.py:1848 PRAGMA temp.table_info("users")
INFO     sqlalchemy.engine.Engine:base.py:1848 [raw sql] ()
INFO     sqlalchemy.engine.Engine:base.py:1848 PRAGMA main.table_info("agency")
INFO     sqlalchemy.engine.Engine:base.py:1848 [raw sql] ()
INFO     sqlalchemy.engine.Engine:base.py:1848 PRAGMA temp.table_info("agency")
INFO     sqlalchemy.engine.Engine:base.py:1848 [raw sql] ()
INFO     sqlalchemy.engine.Engine:base.py:1848 PRAGMA main.table_info("stops")
INFO     sqlalchemy.engine.Engine:base.py:1848 [raw sql] ()
INFO     sqlalchemy.engine.Engine:base.py:1848 PRAGMA main.table_info("gtfs_routes")
INFO     sqlalchemy.engine.Engine:base.py:1848 [raw sql] ()
INFO     sqlalchemy.engine.Engine:base.py:1848 PRAGMA temp.table_info("gtfs_routes")
INFO     sqlalchemy.engine.Engine:base.py:1848 [raw sql] ()
INFO     sqlalchemy.engine.Engine:base.py:1848 PRAGMA main.table_info("calendar")
INFO     sqlalchemy.engine.Engine:base.py:1848 [raw sql] ()
INFO     sqlalchemy.engine.Engine:base.py:1848 PRAGMA temp.table_info("calendar")
INFO     sqlalchemy.engine.Engine:base.py:1848 [raw sql] ()
INFO     sqlalchemy.engine.Engine:base.py:1848 PRAGMA main.table_info("calendar_dates")
INFO     sqlalchemy.engine.Engine:base.py:1848 [raw sql] ()
INFO     sqlalchemy.engine.Engine:base.py:1848 PRAGMA temp.table_info("calendar_dates")
INFO     sqlalchemy.engine.Engine:base.py:1848 [raw sql] ()
INFO     sqlalchemy.engine.Engine:base.py:1848 PRAGMA main.table_info("trips")
INFO     sqlalchemy.engine.Engine:base.py:1848 [raw sql] ()
INFO     sqlalchemy.engine.Engine:base.py:1848 PRAGMA temp.table_info("trips")
INFO     sqlalchemy.engine.Engine:base.py:1848 [raw sql] ()
INFO     sqlalchemy.engine.Engine:base.py:1848 PRAGMA main.table_info("stop_times")
INFO     sqlalchemy.engine.Engine:base.py:1848 [raw sql] ()
INFO     sqlalchemy.engine.Engine:base.py:1848 PRAGMA temp.table_info("stop_times")
INFO     sqlalchemy.engine.Engine:base.py:1848 [raw sql] ()
INFO     sqlalchemy.engine.Engine:base.py:1848 PRAGMA main.table_info("coaches")
INFO     sqlalchemy.engine.Engine:base.py:1848 [raw sql] ()
INFO     sqlalchemy.engine.Engine:base.py:1848 PRAGMA temp.table_info("coaches")
INFO     sqlalchemy.engine.Engine:base.py:1848 [raw sql] ()
INFO     sqlalchemy.engine.Engine:base.py:1848 PRAGMA main.table_info("seats")
INFO     sqlalchemy.engine.Engine:base.py:1848 [raw sql] ()
INFO     sqlalchemy.engine.Engine:base.py:1848 PRAGMA temp.table_info("seats")
INFO     sqlalchemy.engine.Engine:base.py:1848 [raw sql] ()
INFO     sqlalchemy.engine.Engine:base.py:1848 PRAGMA main.table_info("fares")
INFO     sqlalchemy.engine.Engine:base.py:1848 [raw sql] ()
INFO     sqlalchemy.engine.Engine:base.py:1848 PRAGMA temp.table_info("fares")
INFO     sqlalchemy.engine.Engine:base.py:1848 [raw sql] ()
INFO     sqlalchemy.engine.Engine:base.py:1848 PRAGMA main.table_info("transfers")
INFO     sqlalchemy.engine.Engine:base.py:1848 [raw sql] ()
INFO     sqlalchemy.engine.Engine:base.py:1848 PRAGMA temp.table_info("transfers")
INFO     sqlalchemy.engine.Engine:base.py:1848 [raw sql] ()
INFO     sqlalchemy.engine.Engine:base.py:1848 PRAGMA main.table_info("bookings")
INFO     sqlalchemy.engine.Engine:base.py:1848 [raw sql] ()
INFO     sqlalchemy.engine.Engine:base.py:1848 PRAGMA temp.table_info("bookings")
INFO     sqlalchemy.engine.Engine:base.py:1848 [raw sql] ()
INFO     sqlalchemy.engine.Engine:base.py:1848 PRAGMA main.table_info("passenger_details")
INFO     sqlalchemy.engine.Engine:base.py:1848 [raw sql] ()
INFO     sqlalchemy.engine.Engine:base.py:1848 PRAGMA temp.table_info("passenger_details")
INFO     sqlalchemy.engine.Engine:base.py:1848 [raw sql] ()
INFO     sqlalchemy.engine.Engine:base.py:1848 PRAGMA main.table_info("unlocked_routes")
INFO     sqlalchemy.engine.Engine:base.py:1848 [raw sql] ()
INFO     sqlalchemy.engine.Engine:base.py:1848 PRAGMA temp.table_info("unlocked_routes")
INFO     sqlalchemy.engine.Engine:base.py:1848 [raw sql] ()
INFO     sqlalchemy.engine.Engine:base.py:1848 PRAGMA main.table_info("disruptions")
INFO     sqlalchemy.engine.Engine:base.py:1848 [raw sql] ()
INFO     sqlalchemy.engine.Engine:base.py:1848 PRAGMA temp.table_info("disruptions")
INFO     sqlalchemy.engine.Engine:base.py:1848 [raw sql] ()
INFO     sqlalchemy.engine.Engine:base.py:1848 PRAGMA main.table_info("seat_inventory")
INFO     sqlalchemy.engine.Engine:base.py:1848 [raw sql] ()
INFO     sqlalchemy.engine.Engine:base.py:1848 PRAGMA temp.table_info("seat_inventory")
INFO     sqlalchemy.engine.Engine:base.py:1848 [raw sql] ()
INFO     sqlalchemy.engine.Engine:base.py:1848 PRAGMA main.table_info("commission_tracking")
INFO     sqlalchemy.engine.Engine:base.py:1848 [raw sql] ()
INFO     sqlalchemy.engine.Engine:base.py:1848 PRAGMA temp.table_info("commission_tracking")
INFO     sqlalchemy.engine.Engine:base.py:1848 [raw sql] ()
INFO     sqlalchemy.engine.Engine:base.py:1848 PRAGMA main.table_info("reviews")
INFO     sqlalchemy.engine.Engine:base.py:1848 [raw sql] ()
INFO     sqlalchemy.engine.Engine:base.py:1848 PRAGMA temp.table_info("reviews")
INFO     sqlalchemy.engine.Engine:base.py:1848 [raw sql] ()
INFO     sqlalchemy.engine.Engine:base.py:1848 PRAGMA main.table_info("payments")
INFO     sqlalchemy.engine.Engine:base.py:1848 [raw sql] ()
INFO     sqlalchemy.engine.Engine:base.py:1848 PRAGMA temp.table_info("payments")
INFO     sqlalchemy.engine.Engine:base.py:1848 [raw sql] ()
INFO     sqlalchemy.engine.Engine:base.py:1848 PRAGMA main.table_info("realtime_data")
INFO     sqlalchemy.engine.Engine:base.py:1848 [raw sql] ()
INFO     sqlalchemy.engine.Engine:base.py:1848 PRAGMA main.table_info("rl_feedback_logs")
INFO     sqlalchemy.engine.Engine:base.py:1848 [raw sql] ()
INFO     sqlalchemy.engine.Engine:base.py:1848 PRAGMA temp.table_info("rl_feedback_logs")
INFO     sqlalchemy.engine.Engine:base.py:1848 [raw sql] ()
INFO     sqlalchemy.engine.Engine:base.py:1848 PRAGMA main.table_info("route_shapes")
INFO     sqlalchemy.engine.Engine:base.py:1848 [raw sql] ()
INFO     sqlalchemy.engine.Engine:base.py:1848 PRAGMA temp.table_info("route_shapes")
INFO     sqlalchemy.engine.Engine:base.py:1848 [raw sql] ()
INFO     sqlalchemy.engine.Engine:base.py:1848 PRAGMA main.table_info("frequencies")
INFO     sqlalchemy.engine.Engine:base.py:1848 [raw sql] ()
INFO     sqlalchemy.engine.Engine:base.py:1848 PRAGMA temp.table_info("frequencies")
INFO     sqlalchemy.engine.Engine:base.py:1848 [raw sql] ()
INFO     sqlalchemy.engine.Engine:base.py:1848 PRAGMA main.table_info("station_facilities")
INFO     sqlalchemy.engine.Engine:base.py:1848 [raw sql] ()
INFO     sqlalchemy.engine.Engine:base.py:1848 PRAGMA temp.table_info("station_facilities")
INFO     sqlalchemy.engine.Engine:base.py:1848 [raw sql] ()
INFO     sqlalchemy.engine.Engine:base.py:1848 PRAGMA main.table_info("cancellation_rules")
INFO     sqlalchemy.engine.Engine:base.py:1848 [raw sql] ()
INFO     sqlalchemy.engine.Engine:base.py:1848 PRAGMA temp.table_info("cancellation_rules")
INFO     sqlalchemy.engine.Engine:base.py:1848 [raw sql] ()
INFO     sqlalchemy.engine.Engine:base.py:1848 PRAGMA main.table_info("waiting_list")
INFO     sqlalchemy.engine.Engine:base.py:1848 [raw sql] ()
INFO     sqlalchemy.engine.Engine:base.py:1848 PRAGMA temp.table_info("waiting_list")
INFO     sqlalchemy.engine.Engine:base.py:1848 [raw sql] ()
INFO     sqlalchemy.engine.Engine:base.py:1848 PRAGMA main.table_info("precalculated_routes")
INFO     sqlalchemy.engine.Engine:base.py:1848 [raw sql] ()
INFO     sqlalchemy.engine.Engine:base.py:1848 PRAGMA temp.table_info("precalculated_routes")
INFO     sqlalchemy.engine.Engine:base.py:1848 [raw sql] ()
INFO     sqlalchemy.engine.Engine:base.py:1848 PRAGMA main.table_info("vehicles")
INFO     sqlalchemy.engine.Engine:base.py:1848 [raw sql] ()
INFO     sqlalchemy.engine.Engine:base.py:1848 PRAGMA temp.table_info("vehicles")
INFO     sqlalchemy.engine.Engine:base.py:1848 [raw sql] ()
INFO     sqlalchemy.engine.Engine:base.py:1848 PRAGMA main.table_info("stations")
INFO     sqlalchemy.engine.Engine:base.py:1848 [raw sql] ()
INFO     sqlalchemy.engine.Engine:base.py:1848 PRAGMA temp.table_info("stations")
INFO     sqlalchemy.engine.Engine:base.py:1848 [raw sql] ()
INFO     sqlalchemy.engine.Engine:base.py:1848 PRAGMA main.table_info("segments")
INFO     sqlalchemy.engine.Engine:base.py:1848 [raw sql] ()
INFO     sqlalchemy.engine.Engine:base.py:1848 PRAGMA temp.table_info("segments")
INFO     sqlalchemy.engine.Engine:base.py:1848 [raw sql] ()
INFO     sqlalchemy.engine.Engine:base.py:1848 PRAGMA main.table_info("station_departures_indexed")
INFO     sqlalchemy.engine.Engine:base.py:1848 [raw sql] ()
INFO     sqlalchemy.engine.Engine:base.py:1848 PRAGMA temp.table_info("station_departures_indexed")
INFO     sqlalchemy.engine.Engine:base.py:1848 [raw sql] ()
INFO     sqlalchemy.engine.Engine:base.py:1848 PRAGMA main.table_info("time_index_keys")
INFO     sqlalchemy.engine.Engine:base.py:1848 [raw sql] ()
INFO     sqlalchemy.engine.Engine:base.py:1848 PRAGMA temp.table_info("time_index_keys")
INFO     sqlalchemy.engine.Engine:base.py:1848 [raw sql] ()
INFO     sqlalchemy.engine.Engine:base.py:1848 PRAGMA main.table_info("station_departures")
INFO     sqlalchemy.engine.Engine:base.py:1848 [raw sql] ()
INFO     sqlalchemy.engine.Engine:base.py:1848 PRAGMA temp.table_info("station_departures")
INFO     sqlalchemy.engine.Engine:base.py:1848 [raw sql] ()
INFO     sqlalchemy.engine.Engine:base.py:1848 PRAGMA main.table_info("stop_departures")
INFO     sqlalchemy.engine.Engine:base.py:1848 [raw sql] ()
INFO     sqlalchemy.engine.Engine:base.py:1848 PRAGMA temp.table_info("stop_departures")
INFO     sqlalchemy.engine.Engine:base.py:1848 [raw sql] ()
INFO     sqlalchemy.engine.Engine:base.py:1848 PRAGMA main.table_info("stations_master")
INFO     sqlalchemy.engine.Engine:base.py:1848 [raw sql] ()
INFO     sqlalchemy.engine.Engine:base.py:1848 PRAGMA temp.table_info("stations_master")
INFO     sqlalchemy.engine.Engine:base.py:1848 [raw sql] ()
INFO     sqlalchemy.engine.Engine:base.py:1848 PRAGMA main.table_info("route_search_logs")
INFO     sqlalchemy.engine.Engine:base.py:1848 [raw sql] ()
INFO     sqlalchemy.engine.Engine:base.py:1848 PRAGMA temp.table_info("route_search_logs")
INFO     sqlalchemy.engine.Engine:base.py:1848 [raw sql] ()
INFO     sqlalchemy.engine.Engine:base.py:1848 PRAGMA main.table_info("train_states")
INFO     sqlalchemy.engine.Engine:base.py:1848 [raw sql] ()
INFO     sqlalchemy.engine.Engine:base.py:1848 PRAGMA temp.table_info("train_states")
INFO     sqlalchemy.engine.Engine:base.py:1848 [raw sql] ()
INFO     sqlalchemy.engine.Engine:base.py:1848 PRAGMA main.table_info("seat_availability")
INFO     sqlalchemy.engine.Engine:base.py:1848 [raw sql] ()
INFO     sqlalchemy.engine.Engine:base.py:1848 PRAGMA main.table_info("trains_master")
INFO     sqlalchemy.engine.Engine:base.py:1848 [raw sql] ()
INFO     sqlalchemy.engine.Engine:base.py:1848 PRAGMA main.table_info("train_stations")
INFO     sqlalchemy.engine.Engine:base.py:1848 [raw sql] ()
INFO     sqlalchemy.engine.Engine:base.py:1848 PRAGMA main.table_info("train_live_updates")
INFO     sqlalchemy.engine.Engine:base.py:1848 [raw sql] ()
INFO     sqlalchemy.engine.Engine:base.py:1848 
DROP TABLE train_stations
INFO     sqlalchemy.engine.Engine:base.py:1848 [no key 0.00020s] ()
INFO     sqlalchemy.engine.Engine:base.py:1848 
DROP TABLE train_live_updates
INFO     sqlalchemy.engine.Engine:base.py:1848 [no key 0.00039s] ()
INFO     sqlalchemy.engine.Engine:base.py:1848 
DROP TABLE trains_master
INFO     sqlalchemy.engine.Engine:base.py:1848 [no key 0.00029s] ()
INFO     sqlalchemy.engine.Engine:base.py:1848 
DROP TABLE seat_availability
INFO     sqlalchemy.engine.Engine:base.py:1848 [no key 0.00039s] ()
INFO     sqlalchemy.engine.Engine:base.py:1848 
DROP TABLE realtime_data
INFO     sqlalchemy.engine.Engine:base.py:1848 [no key 0.00038s] ()
INFO     sqlalchemy.engine.Engine:base.py:1848 
DROP TABLE stops
INFO     sqlalchemy.engine.Engine:base.py:1848 [no key 0.00049s] ()
INFO     sqlalchemy.engine.Engine:base.py:2695 COMMIT
INFO     sqlalchemy.engine.Engine:base.py:2689 BEGIN (implicit)
INFO     sqlalchemy.engine.Engine:base.py:1848 PRAGMA main.table_info("users")
INFO     sqlalchemy.engine.Engine:base.py:1848 [raw sql] ()
INFO     sqlalchemy.engine.Engine:base.py:1848 PRAGMA temp.table_info("users")
INFO     sqlalchemy.engine.Engine:base.py:1848 [raw sql] ()
INFO     sqlalchemy.engine.Engine:base.py:1848 PRAGMA main.table_info("agency")
INFO     sqlalchemy.engine.Engine:base.py:1848 [raw sql] ()
INFO     sqlalchemy.engine.Engine:base.py:1848 PRAGMA temp.table_info("agency")
INFO     sqlalchemy.engine.Engine:base.py:1848 [raw sql] ()
INFO     sqlalchemy.engine.Engine:base.py:1848 PRAGMA main.table_info("stops")
INFO     sqlalchemy.engine.Engine:base.py:1848 [raw sql] ()
INFO     sqlalchemy.engine.Engine:base.py:1848 PRAGMA temp.table_info("stops")
INFO     sqlalchemy.engine.Engine:base.py:1848 [raw sql] ()
INFO     sqlalchemy.engine.Engine:base.py:1848 PRAGMA main.table_info("gtfs_routes")
INFO     sqlalchemy.engine.Engine:base.py:1848 [raw sql] ()
INFO     sqlalchemy.engine.Engine:base.py:1848 PRAGMA temp.table_info("gtfs_routes")
INFO     sqlalchemy.engine.Engine:base.py:1848 [raw sql] ()
INFO     sqlalchemy.engine.Engine:base.py:1848 PRAGMA main.table_info("calendar")
INFO     sqlalchemy.engine.Engine:base.py:1848 [raw sql] ()
INFO     sqlalchemy.engine.Engine:base.py:1848 PRAGMA temp.table_info("calendar")
INFO     sqlalchemy.engine.Engine:base.py:1848 [raw sql] ()
INFO     sqlalchemy.engine.Engine:base.py:1848 PRAGMA main.table_info("calendar_dates")
INFO     sqlalchemy.engine.Engine:base.py:1848 [raw sql] ()
INFO     sqlalchemy.engine.Engine:base.py:1848 PRAGMA temp.table_info("calendar_dates")
INFO     sqlalchemy.engine.Engine:base.py:1848 [raw sql] ()
INFO     sqlalchemy.engine.Engine:base.py:1848 PRAGMA main.table_info("trips")
INFO     sqlalchemy.engine.Engine:base.py:1848 [raw sql] ()
INFO     sqlalchemy.engine.Engine:base.py:1848 PRAGMA temp.table_info("trips")
INFO     sqlalchemy.engine.Engine:base.py:1848 [raw sql] ()
INFO     sqlalchemy.engine.Engine:base.py:1848 PRAGMA main.table_info("stop_times")
INFO     sqlalchemy.engine.Engine:base.py:1848 [raw sql] ()
INFO     sqlalchemy.engine.Engine:base.py:1848 PRAGMA temp.table_info("stop_times")
INFO     sqlalchemy.engine.Engine:base.py:1848 [raw sql] ()
INFO     sqlalchemy.engine.Engine:base.py:1848 PRAGMA main.table_info("coaches")
INFO     sqlalchemy.engine.Engine:base.py:1848 [raw sql] ()
INFO     sqlalchemy.engine.Engine:base.py:1848 PRAGMA temp.table_info("coaches")
INFO     sqlalchemy.engine.Engine:base.py:1848 [raw sql] ()
INFO     sqlalchemy.engine.Engine:base.py:1848 PRAGMA main.table_info("seats")
INFO     sqlalchemy.engine.Engine:base.py:1848 [raw sql] ()
INFO     sqlalchemy.engine.Engine:base.py:1848 PRAGMA temp.table_info("seats")
INFO     sqlalchemy.engine.Engine:base.py:1848 [raw sql] ()
INFO     sqlalchemy.engine.Engine:base.py:1848 PRAGMA main.table_info("fares")
INFO     sqlalchemy.engine.Engine:base.py:1848 [raw sql] ()
INFO     sqlalchemy.engine.Engine:base.py:1848 PRAGMA temp.table_info("fares")
INFO     sqlalchemy.engine.Engine:base.py:1848 [raw sql] ()
INFO     sqlalchemy.engine.Engine:base.py:1848 PRAGMA main.table_info("transfers")
INFO     sqlalchemy.engine.Engine:base.py:1848 [raw sql] ()
INFO     sqlalchemy.engine.Engine:base.py:1848 PRAGMA temp.table_info("transfers")
INFO     sqlalchemy.engine.Engine:base.py:1848 [raw sql] ()
INFO     sqlalchemy.engine.Engine:base.py:1848 PRAGMA main.table_info("bookings")
INFO     sqlalchemy.engine.Engine:base.py:1848 [raw sql] ()
INFO     sqlalchemy.engine.Engine:base.py:1848 PRAGMA temp.table_info("bookings")
INFO     sqlalchemy.engine.Engine:base.py:1848 [raw sql] ()
INFO     sqlalchemy.engine.Engine:base.py:1848 PRAGMA main.table_info("passenger_details")
INFO     sqlalchemy.engine.Engine:base.py:1848 [raw sql] ()
INFO     sqlalchemy.engine.Engine:base.py:1848 PRAGMA temp.table_info("passenger_details")
INFO     sqlalchemy.engine.Engine:base.py:1848 [raw sql] ()
INFO     sqlalchemy.engine.Engine:base.py:1848 PRAGMA main.table_info("unlocked_routes")
INFO     sqlalchemy.engine.Engine:base.py:1848 [raw sql] ()
INFO     sqlalchemy.engine.Engine:base.py:1848 PRAGMA temp.table_info("unlocked_routes")
INFO     sqlalchemy.engine.Engine:base.py:1848 [raw sql] ()
INFO     sqlalchemy.engine.Engine:base.py:1848 PRAGMA main.table_info("disruptions")
INFO     sqlalchemy.engine.Engine:base.py:1848 [raw sql] ()
INFO     sqlalchemy.engine.Engine:base.py:1848 PRAGMA temp.table_info("disruptions")
INFO     sqlalchemy.engine.Engine:base.py:1848 [raw sql] ()
INFO     sqlalchemy.engine.Engine:base.py:1848 PRAGMA main.table_info("seat_inventory")
INFO     sqlalchemy.engine.Engine:base.py:1848 [raw sql] ()
INFO     sqlalchemy.engine.Engine:base.py:1848 PRAGMA temp.table_info("seat_inventory")
INFO     sqlalchemy.engine.Engine:base.py:1848 [raw sql] ()
INFO     sqlalchemy.engine.Engine:base.py:1848 PRAGMA main.table_info("commission_tracking")
INFO     sqlalchemy.engine.Engine:base.py:1848 [raw sql] ()
INFO     sqlalchemy.engine.Engine:base.py:1848 PRAGMA temp.table_info("commission_tracking")
INFO     sqlalchemy.engine.Engine:base.py:1848 [raw sql] ()
INFO     sqlalchemy.engine.Engine:base.py:1848 PRAGMA main.table_info("reviews")
INFO     sqlalchemy.engine.Engine:base.py:1848 [raw sql] ()
INFO     sqlalchemy.engine.Engine:base.py:1848 PRAGMA temp.table_info("reviews")
INFO     sqlalchemy.engine.Engine:base.py:1848 [raw sql] ()
INFO     sqlalchemy.engine.Engine:base.py:1848 PRAGMA main.table_info("payments")
INFO     sqlalchemy.engine.Engine:base.py:1848 [raw sql] ()
INFO     sqlalchemy.engine.Engine:base.py:1848 PRAGMA temp.table_info("payments")
INFO     sqlalchemy.engine.Engine:base.py:1848 [raw sql] ()
INFO     sqlalchemy.engine.Engine:base.py:1848 PRAGMA main.table_info("realtime_data")
INFO     sqlalchemy.engine.Engine:base.py:1848 [raw sql] ()
INFO     sqlalchemy.engine.Engine:base.py:1848 PRAGMA temp.table_info("realtime_data")
INFO     sqlalchemy.engine.Engine:base.py:1848 [raw sql] ()
INFO     sqlalchemy.engine.Engine:base.py:1848 PRAGMA main.table_info("rl_feedback_logs")
INFO     sqlalchemy.engine.Engine:base.py:1848 [raw sql] ()
INFO     sqlalchemy.engine.Engine:base.py:1848 PRAGMA temp.table_info("rl_feedback_logs")
INFO     sqlalchemy.engine.Engine:base.py:1848 [raw sql] ()
INFO     sqlalchemy.engine.Engine:base.py:1848 PRAGMA main.table_info("route_shapes")
INFO     sqlalchemy.engine.Engine:base.py:1848 [raw sql] ()
INFO     sqlalchemy.engine.Engine:base.py:1848 PRAGMA temp.table_info("route_shapes")
INFO     sqlalchemy.engine.Engine:base.py:1848 [raw sql] ()
INFO     sqlalchemy.engine.Engine:base.py:1848 PRAGMA main.table_info("frequencies")
INFO     sqlalchemy.engine.Engine:base.py:1848 [raw sql] ()
INFO     sqlalchemy.engine.Engine:base.py:1848 PRAGMA temp.table_info("frequencies")
INFO     sqlalchemy.engine.Engine:base.py:1848 [raw sql] ()
INFO     sqlalchemy.engine.Engine:base.py:1848 PRAGMA main.table_info("station_facilities")
INFO     sqlalchemy.engine.Engine:base.py:1848 [raw sql] ()
INFO     sqlalchemy.engine.Engine:base.py:1848 PRAGMA temp.table_info("station_facilities")
INFO     sqlalchemy.engine.Engine:base.py:1848 [raw sql] ()
INFO     sqlalchemy.engine.Engine:base.py:1848 PRAGMA main.table_info("cancellation_rules")
INFO     sqlalchemy.engine.Engine:base.py:1848 [raw sql] ()
INFO     sqlalchemy.engine.Engine:base.py:1848 PRAGMA temp.table_info("cancellation_rules")
INFO     sqlalchemy.engine.Engine:base.py:1848 [raw sql] ()
INFO     sqlalchemy.engine.Engine:base.py:1848 PRAGMA main.table_info("waiting_list")
INFO     sqlalchemy.engine.Engine:base.py:1848 [raw sql] ()
INFO     sqlalchemy.engine.Engine:base.py:1848 PRAGMA temp.table_info("waiting_list")
INFO     sqlalchemy.engine.Engine:base.py:1848 [raw sql] ()
INFO     sqlalchemy.engine.Engine:base.py:1848 PRAGMA main.table_info("precalculated_routes")
INFO     sqlalchemy.engine.Engine:base.py:1848 [raw sql] ()
INFO     sqlalchemy.engine.Engine:base.py:1848 PRAGMA temp.table_info("precalculated_routes")
INFO     sqlalchemy.engine.Engine:base.py:1848 [raw sql] ()
INFO     sqlalchemy.engine.Engine:base.py:1848 PRAGMA main.table_info("vehicles")
INFO     sqlalchemy.engine.Engine:base.py:1848 [raw sql] ()
INFO     sqlalchemy.engine.Engine:base.py:1848 PRAGMA temp.table_info("vehicles")
INFO     sqlalchemy.engine.Engine:base.py:1848 [raw sql] ()
INFO     sqlalchemy.engine.Engine:base.py:1848 PRAGMA main.table_info("stations")
INFO     sqlalchemy.engine.Engine:base.py:1848 [raw sql] ()
INFO     sqlalchemy.engine.Engine:base.py:1848 PRAGMA temp.table_info("stations")
INFO     sqlalchemy.engine.Engine:base.py:1848 [raw sql] ()
INFO     sqlalchemy.engine.Engine:base.py:1848 PRAGMA main.table_info("segments")
INFO     sqlalchemy.engine.Engine:base.py:1848 [raw sql] ()
INFO     sqlalchemy.engine.Engine:base.py:1848 PRAGMA temp.table_info("segments")
INFO     sqlalchemy.engine.Engine:base.py:1848 [raw sql] ()
INFO     sqlalchemy.engine.Engine:base.py:1848 PRAGMA main.table_info("station_departures_indexed")
INFO     sqlalchemy.engine.Engine:base.py:1848 [raw sql] ()
INFO     sqlalchemy.engine.Engine:base.py:1848 PRAGMA temp.table_info("station_departures_indexed")
INFO     sqlalchemy.engine.Engine:base.py:1848 [raw sql] ()
INFO     sqlalchemy.engine.Engine:base.py:1848 PRAGMA main.table_info("time_index_keys")
INFO     sqlalchemy.engine.Engine:base.py:1848 [raw sql] ()
INFO     sqlalchemy.engine.Engine:base.py:1848 PRAGMA temp.table_info("time_index_keys")
INFO     sqlalchemy.engine.Engine:base.py:1848 [raw sql] ()
INFO     sqlalchemy.engine.Engine:base.py:1848 PRAGMA main.table_info("station_departures")
INFO     sqlalchemy.engine.Engine:base.py:1848 [raw sql] ()
INFO     sqlalchemy.engine.Engine:base.py:1848 PRAGMA temp.table_info("station_departures")
INFO     sqlalchemy.engine.Engine:base.py:1848 [raw sql] ()
INFO     sqlalchemy.engine.Engine:base.py:1848 PRAGMA main.table_info("stop_departures")
INFO     sqlalchemy.engine.Engine:base.py:1848 [raw sql] ()
INFO     sqlalchemy.engine.Engine:base.py:1848 PRAGMA temp.table_info("stop_departures")
INFO     sqlalchemy.engine.Engine:base.py:1848 [raw sql] ()
INFO     sqlalchemy.engine.Engine:base.py:1848 PRAGMA main.table_info("stations_master")
INFO     sqlalchemy.engine.Engine:base.py:1848 [raw sql] ()
INFO     sqlalchemy.engine.Engine:base.py:1848 PRAGMA temp.table_info("stations_master")
INFO     sqlalchemy.engine.Engine:base.py:1848 [raw sql] ()
INFO     sqlalchemy.engine.Engine:base.py:1848 PRAGMA main.table_info("route_search_logs")
INFO     sqlalchemy.engine.Engine:base.py:1848 [raw sql] ()
INFO     sqlalchemy.engine.Engine:base.py:1848 PRAGMA temp.table_info("route_search_logs")
INFO     sqlalchemy.engine.Engine:base.py:1848 [raw sql] ()
INFO     sqlalchemy.engine.Engine:base.py:1848 PRAGMA main.table_info("train_states")
INFO     sqlalchemy.engine.Engine:base.py:1848 [raw sql] ()
INFO     sqlalchemy.engine.Engine:base.py:1848 PRAGMA temp.table_info("train_states")
INFO     sqlalchemy.engine.Engine:base.py:1848 [raw sql] ()
INFO     sqlalchemy.engine.Engine:base.py:1848 PRAGMA main.table_info("seat_availability")
INFO     sqlalchemy.engine.Engine:base.py:1848 [raw sql] ()
INFO     sqlalchemy.engine.Engine:base.py:1848 PRAGMA temp.table_info("seat_availability")
INFO     sqlalchemy.engine.Engine:base.py:1848 [raw sql] ()
INFO     sqlalchemy.engine.Engine:base.py:1848 PRAGMA main.table_info("trains_master")
INFO     sqlalchemy.engine.Engine:base.py:1848 [raw sql] ()
INFO     sqlalchemy.engine.Engine:base.py:1848 PRAGMA temp.table_info("trains_master")
INFO     sqlalchemy.engine.Engine:base.py:1848 [raw sql] ()
INFO     sqlalchemy.engine.Engine:base.py:1848 PRAGMA main.table_info("train_stations")
INFO     sqlalchemy.engine.Engine:base.py:1848 [raw sql] ()
INFO     sqlalchemy.engine.Engine:base.py:1848 PRAGMA temp.table_info("train_stations")
INFO     sqlalchemy.engine.Engine:base.py:1848 [raw sql] ()
INFO     sqlalchemy.engine.Engine:base.py:1848 PRAGMA main.table_info("train_live_updates")
INFO     sqlalchemy.engine.Engine:base.py:1848 [raw sql] ()
INFO     sqlalchemy.engine.Engine:base.py:1848 PRAGMA temp.table_info("train_live_updates")
INFO     sqlalchemy.engine.Engine:base.py:1848 [raw sql] ()
INFO     sqlalchemy.engine.Engine:base.py:1848 
CREATE TABLE users (
	id VARCHAR(36) NOT NULL, 
	email VARCHAR(255), 
	password_hash VARCHAR(255) NOT NULL, 
	phone_number VARCHAR(20), 
	role VARCHAR(50), 
	created_at DATETIME, 
	PRIMARY KEY (id)
)


INFO     sqlalchemy.engine.Engine:base.py:1848 [no key 0.00024s] ()
INFO     sqlalchemy.engine.Engine:base.py:1848 CREATE UNIQUE INDEX ix_users_email ON users (email)
INFO     sqlalchemy.engine.Engine:base.py:1848 [no key 0.00030s] ()
INFO     sqlalchemy.engine.Engine:base.py:1848 CREATE INDEX ix_users_role ON users (role)
INFO     sqlalchemy.engine.Engine:base.py:1848 [no key 0.00036s] ()
INFO     sqlalchemy.engine.Engine:base.py:1848 
CREATE TABLE agency (
	id INTEGER NOT NULL, 
	agency_id VARCHAR(100) NOT NULL, 
	name VARCHAR(255) NOT NULL, 
	url VARCHAR(255) NOT NULL, 
	timezone VARCHAR(50) NOT NULL, 
	language VARCHAR(10), 
	PRIMARY KEY (id)
)


INFO     sqlalchemy.engine.Engine:base.py:1848 [no key 0.00032s] ()
INFO     sqlalchemy.engine.Engine:base.py:1848 CREATE UNIQUE INDEX ix_agency_agency_id ON agency (agency_id)
INFO     sqlalchemy.engine.Engine:base.py:1848 [no key 0.00033s] ()
INFO     sqlalchemy.engine.Engine:base.py:1848 
CREATE TABLE stops (
	id INTEGER NOT NULL, 
	stop_id VARCHAR(100) NOT NULL, 
	code VARCHAR(100), 
	name VARCHAR(255) NOT NULL, 
	city VARCHAR(255), 
	state VARCHAR(255), 
	latitude FLOAT NOT NULL, 
	longitude FLOAT NOT NULL, 
	geom VARCHAR, 
	location_type INTEGER, 
	parent_station_id INTEGER, 
	safety_score FLOAT NOT NULL, 
	is_major_junction BOOLEAN NOT NULL, 
	facilities_json JSON NOT NULL, 
	wheelchair_accessible BOOLEAN NOT NULL, 
	platform_count INTEGER, 
	distance_to_city_center_km FLOAT, 
	PRIMARY KEY (id), 
	FOREIGN KEY(parent_station_id) REFERENCES stops (id)
)


INFO     sqlalchemy.engine.Engine:base.py:1848 [no key 0.00038s] ()
INFO     sqlalchemy.engine.Engine:base.py:1848 CREATE INDEX idx_stops_name_trgm ON stops (name)
INFO     sqlalchemy.engine.Engine:base.py:1848 [no key 0.00033s] ()
INFO     sqlalchemy.engine.Engine:base.py:1848 CREATE INDEX ix_stops_city ON stops (city)
INFO     sqlalchemy.engine.Engine:base.py:1848 [no key 0.00031s] ()
INFO     sqlalchemy.engine.Engine:base.py:1848 CREATE INDEX idx_stops_geom ON stops (geom)
INFO     sqlalchemy.engine.Engine:base.py:1848 [no key 0.00032s] ()
INFO     sqlalchemy.engine.Engine:base.py:1848 CREATE UNIQUE INDEX ix_stops_stop_id ON stops (stop_id)
INFO     sqlalchemy.engine.Engine:base.py:1848 [no key 0.00050s] ()
INFO     sqlalchemy.engine.Engine:base.py:1848 CREATE INDEX ix_stops_code ON stops (code)
INFO     sqlalchemy.engine.Engine:base.py:1848 [no key 0.00038s] ()
INFO     sqlalchemy.engine.Engine:base.py:1848 CREATE INDEX ix_stops_name ON stops (name)
INFO     sqlalchemy.engine.Engine:base.py:1848 [no key 0.00034s] ()
INFO     sqlalchemy.engine.Engine:base.py:1848 
CREATE TABLE calendar (
	id INTEGER NOT NULL, 
	service_id VARCHAR(100) NOT NULL, 
	monday BOOLEAN NOT NULL, 
	tuesday BOOLEAN NOT NULL, 
	wednesday BOOLEAN NOT NULL, 
	thursday BOOLEAN NOT NULL, 
	friday BOOLEAN NOT NULL, 
	saturday BOOLEAN NOT NULL, 
	sunday BOOLEAN NOT NULL, 
	start_date DATE NOT NULL, 
	end_date DATE NOT NULL, 
	PRIMARY KEY (id)
)


INFO     sqlalchemy.engine.Engine:base.py:1848 [no key 0.00046s] ()
INFO     sqlalchemy.engine.Engine:base.py:1848 CREATE UNIQUE INDEX ix_calendar_service_id ON calendar (service_id)
INFO     sqlalchemy.engine.Engine:base.py:1848 [no key 0.00043s] ()
INFO     sqlalchemy.engine.Engine:base.py:1848 
CREATE TABLE calendar_dates (
	id INTEGER NOT NULL, 
	service_id VARCHAR(100) NOT NULL, 
	date DATE NOT NULL, 
	exception_type INTEGER NOT NULL, 
	PRIMARY KEY (id), 
	CONSTRAINT uq_service_date UNIQUE (service_id, date)
)


INFO     sqlalchemy.engine.Engine:base.py:1848 [no key 0.00046s] ()
INFO     sqlalchemy.engine.Engine:base.py:1848 CREATE INDEX ix_calendar_dates_date ON calendar_dates (date)
INFO     sqlalchemy.engine.Engine:base.py:1848 [no key 0.00032s] ()
INFO     sqlalchemy.engine.Engine:base.py:1848 CREATE INDEX ix_calendar_dates_service_id ON calendar_dates (service_id)
INFO     sqlalchemy.engine.Engine:base.py:1848 [no key 0.00032s] ()
INFO     sqlalchemy.engine.Engine:base.py:1848 
CREATE TABLE realtime_data (
	id VARCHAR(36) NOT NULL, 
	event_type VARCHAR(50) NOT NULL, 
	entity_type VARCHAR(50) NOT NULL, 
	entity_id VARCHAR(100) NOT NULL, 
	data JSON NOT NULL, 
	timestamp DATETIME NOT NULL, 
	source VARCHAR(100) NOT NULL, 
	created_at DATETIME, 
	PRIMARY KEY (id)
)


INFO     sqlalchemy.engine.Engine:base.py:1848 [no key 0.00030s] ()
INFO     sqlalchemy.engine.Engine:base.py:1848 CREATE INDEX ix_realtime_data_entity_id ON realtime_data (entity_id)
INFO     sqlalchemy.engine.Engine:base.py:1848 [no key 0.00030s] ()
INFO     sqlalchemy.engine.Engine:base.py:1848 CREATE INDEX ix_realtime_data_timestamp ON realtime_data (timestamp)
INFO     sqlalchemy.engine.Engine:base.py:1848 [no key 0.00039s] ()
INFO     sqlalchemy.engine.Engine:base.py:1848 CREATE INDEX ix_realtime_data_event_type ON realtime_data (event_type)
INFO     sqlalchemy.engine.Engine:base.py:1848 [no key 0.00029s] ()
INFO     sqlalchemy.engine.Engine:base.py:1848 
CREATE TABLE precalculated_routes (
	id VARCHAR(36) NOT NULL, 
	source VARCHAR(255) NOT NULL, 
	destination VARCHAR(255) NOT NULL, 
	segments JSON NOT NULL, 
	total_duration VARCHAR(50) NOT NULL, 
	total_cost FLOAT NOT NULL, 
	created_at DATETIME, 
	PRIMARY KEY (id)
)


INFO     sqlalchemy.engine.Engine:base.py:1848 [no key 0.00031s] ()
INFO     sqlalchemy.engine.Engine:base.py:1848 CREATE INDEX ix_precalculated_routes_destination ON precalculated_routes (destination)
INFO     sqlalchemy.engine.Engine:base.py:1848 [no key 0.00032s] ()
INFO     sqlalchemy.engine.Engine:base.py:1848 CREATE INDEX ix_precalculated_routes_created_at ON precalculated_routes (created_at)
INFO     sqlalchemy.engine.Engine:base.py:1848 [no key 0.00029s] ()
INFO     sqlalchemy.engine.Engine:base.py:1848 CREATE INDEX ix_precalculated_routes_source ON precalculated_routes (source)
INFO     sqlalchemy.engine.Engine:base.py:1848 [no key 0.00039s] ()
INFO     sqlalchemy.engine.Engine:base.py:1848 
CREATE TABLE vehicles (
	id VARCHAR(36) NOT NULL, 
	vehicle_number VARCHAR(50) NOT NULL, 
	type VARCHAR(50) NOT NULL, 
	operator VARCHAR(255) NOT NULL, 
	capacity INTEGER, 
	PRIMARY KEY (id), 
	CONSTRAINT vehicle_type_check CHECK (type IN ('train', 'bus', 'flight'))
)


INFO     sqlalchemy.engine.Engine:base.py:1848 [no key 0.00043s] ()
INFO     sqlalchemy.engine.Engine:base.py:1848 
CREATE TABLE stations (
	id VARCHAR(36) NOT NULL, 
	name VARCHAR(255) NOT NULL, 
	city VARCHAR(255) NOT NULL, 
	latitude FLOAT NOT NULL, 
	longitude FLOAT NOT NULL, 
	geom VARCHAR, 
	created_at DATETIME, 
	PRIMARY KEY (id)
)


INFO     sqlalchemy.engine.Engine:base.py:1848 [no key 0.00041s] ()
INFO     sqlalchemy.engine.Engine:base.py:1848 CREATE INDEX ix_stations_city ON stations (city)
INFO     sqlalchemy.engine.Engine:base.py:1848 [no key 0.00046s] ()
INFO     sqlalchemy.engine.Engine:base.py:1848 CREATE INDEX ix_stations_name ON stations (name)
INFO     sqlalchemy.engine.Engine:base.py:1848 [no key 0.00033s] ()
INFO     sqlalchemy.engine.Engine:base.py:1848 
CREATE TABLE time_index_keys (
	id INTEGER NOT NULL, 
	entity_type VARCHAR(50) NOT NULL, 
	entity_id VARCHAR(255) NOT NULL, 
	PRIMARY KEY (id), 
	CONSTRAINT uq_time_index_key UNIQUE (entity_type, entity_id)
)


INFO     sqlalchemy.engine.Engine:base.py:1848 [no key 0.00032s] ()
INFO     sqlalchemy.engine.Engine:base.py:1848 CREATE INDEX ix_time_index_keys_entity_type ON time_index_keys (entity_type)
INFO     sqlalchemy.engine.Engine:base.py:1848 [no key 0.00036s] ()
INFO     sqlalchemy.engine.Engine:base.py:1848 CREATE INDEX idx_time_index_entity ON time_index_keys (entity_type, entity_id)
INFO     sqlalchemy.engine.Engine:base.py:1848 [no key 0.00036s] ()
INFO     sqlalchemy.engine.Engine:base.py:1848 CREATE INDEX ix_time_index_keys_entity_id ON time_index_keys (entity_id)
INFO     sqlalchemy.engine.Engine:base.py:1848 [no key 0.00028s] ()
INFO     sqlalchemy.engine.Engine:base.py:1848 
CREATE TABLE stations_master (
	station_code VARCHAR(10) NOT NULL, 
	station_name VARCHAR(255) NOT NULL, 
	city VARCHAR(255), 
	state VARCHAR(255), 
	latitude FLOAT, 
	longitude FLOAT, 
	is_junction BOOLEAN, 
	PRIMARY KEY (station_code)
)


INFO     sqlalchemy.engine.Engine:base.py:1848 [no key 0.00033s] ()
INFO     sqlalchemy.engine.Engine:base.py:1848 CREATE INDEX ix_stations_master_city ON stations_master (city)
INFO     sqlalchemy.engine.Engine:base.py:1848 [no key 0.00042s] ()
INFO     sqlalchemy.engine.Engine:base.py:1848 CREATE INDEX ix_stations_master_station_name ON stations_master (station_name)
INFO     sqlalchemy.engine.Engine:base.py:1848 [no key 0.00030s] ()
INFO     sqlalchemy.engine.Engine:base.py:1848 
CREATE TABLE seat_availability (
	id INTEGER NOT NULL, 
	train_number VARCHAR(50) NOT NULL, 
	class_code VARCHAR(10) NOT NULL, 
	quota VARCHAR(10) NOT NULL, 
	availability_status VARCHAR(100) NOT NULL, 
	waiting_list_number INTEGER, 
	fare FLOAT, 
	travel_date DATETIME NOT NULL, 
	check_date DATETIME, 
	PRIMARY KEY (id)
)


INFO     sqlalchemy.engine.Engine:base.py:1848 [no key 0.00039s] ()
INFO     sqlalchemy.engine.Engine:base.py:1848 CREATE INDEX ix_seat_availability_travel_date ON seat_availability (travel_date)
INFO     sqlalchemy.engine.Engine:base.py:1848 [no key 0.00034s] ()
INFO     sqlalchemy.engine.Engine:base.py:1848 CREATE INDEX idx_seat_avail_train_date ON seat_availability (train_number, travel_date)
INFO     sqlalchemy.engine.Engine:base.py:1848 [no key 0.00029s] ()
INFO     sqlalchemy.engine.Engine:base.py:1848 CREATE INDEX ix_seat_availability_train_number ON seat_availability (train_number)
INFO     sqlalchemy.engine.Engine:base.py:1848 [no key 0.00032s] ()
INFO     sqlalchemy.engine.Engine:base.py:1848 CREATE INDEX idx_seat_avail_check_date ON seat_availability (check_date)
INFO     sqlalchemy.engine.Engine:base.py:1848 [no key 0.00029s] ()
INFO     sqlalchemy.engine.Engine:base.py:1848 CREATE INDEX ix_seat_availability_check_date ON seat_availability (check_date)
INFO     sqlalchemy.engine.Engine:base.py:1848 [no key 0.00036s] ()
INFO     sqlalchemy.engine.Engine:base.py:1848 
CREATE TABLE trains_master (
	train_number VARCHAR(50) NOT NULL, 
	train_name VARCHAR(255), 
	source VARCHAR(100), 
	destination VARCHAR(100), 
	days_of_run JSON, 
	type VARCHAR(100), 
	updated_at DATETIME, 
	PRIMARY KEY (train_number)
)


INFO     sqlalchemy.engine.Engine:base.py:1848 [no key 0.00031s] ()
INFO     sqlalchemy.engine.Engine:base.py:1848 
CREATE TABLE train_live_updates (
	id INTEGER NOT NULL, 
	train_number VARCHAR(50), 
	station_code VARCHAR(100), 
	station_name VARCHAR(255), 
	sequence INTEGER, 
	distance_km FLOAT, 
	scheduled_arrival DATETIME, 
	scheduled_departure DATETIME, 
	actual_arrival DATETIME, 
	actual_departure DATETIME, 
	delay_minutes INTEGER, 
	platform VARCHAR(20), 
	halt_minutes INTEGER, 
	status VARCHAR(100), 
	is_current_station BOOLEAN, 
	recorded_at DATETIME, 
	source VARCHAR(100), 
	PRIMARY KEY (id), 
	CONSTRAINT uic_train_realtime_snapshot UNIQUE (train_number, station_code, recorded_at)
)


INFO     sqlalchemy.engine.Engine:base.py:1848 [no key 0.00045s] ()
INFO     sqlalchemy.engine.Engine:base.py:1848 CREATE INDEX ix_train_live_updates_station_code ON train_live_updates (station_code)
INFO     sqlalchemy.engine.Engine:base.py:1848 [no key 0.00033s] ()
INFO     sqlalchemy.engine.Engine:base.py:1848 CREATE INDEX ix_train_live_updates_train_number ON train_live_updates (train_number)
INFO     sqlalchemy.engine.Engine:base.py:1848 [no key 0.00037s] ()
INFO     sqlalchemy.engine.Engine:base.py:1848 CREATE INDEX ix_train_live_updates_recorded_at ON train_live_updates (recorded_at)
INFO     sqlalchemy.engine.Engine:base.py:1848 [no key 0.00047s] ()
INFO     sqlalchemy.engine.Engine:base.py:1848 
CREATE TABLE gtfs_routes (
	id INTEGER NOT NULL, 
	route_id VARCHAR(100) NOT NULL, 
	agency_id INTEGER NOT NULL, 
	short_name VARCHAR(50), 
	long_name VARCHAR(255) NOT NULL, 
	description VARCHAR(512), 
	url VARCHAR(255), 
	route_type INTEGER NOT NULL, 
	PRIMARY KEY (id), 
	FOREIGN KEY(agency_id) REFERENCES agency (id)
)


INFO     sqlalchemy.engine.Engine:base.py:1848 [no key 0.00043s] ()
INFO     sqlalchemy.engine.Engine:base.py:1848 CREATE INDEX ix_gtfs_routes_agency_id ON gtfs_routes (agency_id)
INFO     sqlalchemy.engine.Engine:base.py:1848 [no key 0.00033s] ()
INFO     sqlalchemy.engine.Engine:base.py:1848 CREATE UNIQUE INDEX ix_gtfs_routes_route_id ON gtfs_routes (route_id)
INFO     sqlalchemy.engine.Engine:base.py:1848 [no key 0.00039s] ()
INFO     sqlalchemy.engine.Engine:base.py:1848 CREATE INDEX ix_gtfs_routes_route_type ON gtfs_routes (route_type)
INFO     sqlalchemy.engine.Engine:base.py:1848 [no key 0.00036s] ()
INFO     sqlalchemy.engine.Engine:base.py:1848 
CREATE TABLE commission_tracking (
	id VARCHAR(36) NOT NULL, 
	user_id VARCHAR(36) NOT NULL, 
	source VARCHAR(255) NOT NULL, 
	destination VARCHAR(255) NOT NULL, 
	travel_date DATE, 
	partner VARCHAR(100) NOT NULL, 
	commission_rate FLOAT NOT NULL, 
	tracking_id VARCHAR(64) NOT NULL, 
	redirect_url TEXT NOT NULL, 
	status VARCHAR(50), 
	redirected_at DATETIME, 
	route_id VARCHAR(36), 
	PRIMARY KEY (id), 
	FOREIGN KEY(user_id) REFERENCES users (id)
)


INFO     sqlalchemy.engine.Engine:base.py:1848 [no key 0.00038s] ()
INFO     sqlalchemy.engine.Engine:base.py:1848 CREATE INDEX ix_commission_tracking_partner ON commission_tracking (partner)
INFO     sqlalchemy.engine.Engine:base.py:1848 [no key 0.00046s] ()
INFO     sqlalchemy.engine.Engine:base.py:1848 CREATE UNIQUE INDEX ix_commission_tracking_tracking_id ON commission_tracking (tracking_id)
INFO     sqlalchemy.engine.Engine:base.py:1848 [no key 0.00034s] ()
INFO     sqlalchemy.engine.Engine:base.py:1848 CREATE INDEX ix_commission_tracking_redirected_at ON commission_tracking (redirected_at)
INFO     sqlalchemy.engine.Engine:base.py:1848 [no key 0.00043s] ()
INFO     sqlalchemy.engine.Engine:base.py:1848 CREATE INDEX ix_commission_tracking_user_id ON commission_tracking (user_id)
INFO     sqlalchemy.engine.Engine:base.py:1848 [no key 0.00042s] ()
INFO     sqlalchemy.engine.Engine:base.py:1848 CREATE INDEX ix_commission_tracking_status ON commission_tracking (status)
INFO     sqlalchemy.engine.Engine:base.py:1848 [no key 0.00040s] ()
INFO     sqlalchemy.engine.Engine:base.py:1848 
CREATE TABLE rl_feedback_logs (
	id VARCHAR(36) NOT NULL, 
	user_id VARCHAR(36), 
	session_id VARCHAR(36) NOT NULL, 
	action VARCHAR(100) NOT NULL, 
	context JSON NOT NULL, 
	reward FLOAT NOT NULL, 
	timestamp DATETIME NOT NULL, 
	created_at DATETIME, 
	PRIMARY KEY (id), 
	FOREIGN KEY(user_id) REFERENCES users (id)
)


INFO     sqlalchemy.engine.Engine:base.py:1848 [no key 0.00047s] ()
INFO     sqlalchemy.engine.Engine:base.py:1848 CREATE INDEX ix_rl_feedback_logs_user_id ON rl_feedback_logs (user_id)
INFO     sqlalchemy.engine.Engine:base.py:1848 [no key 0.00037s] ()
INFO     sqlalchemy.engine.Engine:base.py:1848 CREATE INDEX ix_rl_feedback_logs_session_id ON rl_feedback_logs (session_id)
INFO     sqlalchemy.engine.Engine:base.py:1848 [no key 0.00047s] ()
INFO     sqlalchemy.engine.Engine:base.py:1848 CREATE INDEX ix_rl_feedback_logs_timestamp ON rl_feedback_logs (timestamp)
INFO     sqlalchemy.engine.Engine:base.py:1848 [no key 0.00053s] ()
INFO     sqlalchemy.engine.Engine:base.py:1848 
CREATE TABLE station_facilities (
	id VARCHAR(36) NOT NULL, 
	stop_id INTEGER NOT NULL, 
	wifi_available BOOLEAN, 
	lounge_available BOOLEAN, 
	food_available BOOLEAN, 
	wheelchair_accessible BOOLEAN, 
	parking_available BOOLEAN, 
	baby_care BOOLEAN, 
	medical_clinic BOOLEAN, 
	lost_found BOOLEAN, 
	cloakroom BOOLEAN, 
	opening_time TIME, 
	closing_time TIME, 
	cctv_available BOOLEAN, 
	police_presence BOOLEAN, 
	women_waiting_room BOOLEAN, 
	emergency_contact VARCHAR(20), 
	contact_email VARCHAR(255), 
	created_at DATETIME, 
	updated_at DATETIME, 
	PRIMARY KEY (id), 
	FOREIGN KEY(stop_id) REFERENCES stops (id)
)


INFO     sqlalchemy.engine.Engine:base.py:1848 [no key 0.00033s] ()
INFO     sqlalchemy.engine.Engine:base.py:1848 CREATE INDEX idx_station_facilities_stop ON station_facilities (stop_id)
INFO     sqlalchemy.engine.Engine:base.py:1848 [no key 0.00037s] ()
INFO     sqlalchemy.engine.Engine:base.py:1848 CREATE UNIQUE INDEX ix_station_facilities_stop_id ON station_facilities (stop_id)
INFO     sqlalchemy.engine.Engine:base.py:1848 [no key 0.00031s] ()
INFO     sqlalchemy.engine.Engine:base.py:1848 
CREATE TABLE station_departures (
	id VARCHAR(36) NOT NULL, 
	station_id VARCHAR(36) NOT NULL, 
	bucket_start_minute INTEGER NOT NULL, 
	bitmap BLOB NOT NULL, 
	trips_count INTEGER NOT NULL, 
	created_at DATETIME NOT NULL, 
	PRIMARY KEY (id), 
	CONSTRAINT uq_station_bucket UNIQUE (station_id, bucket_start_minute), 
	FOREIGN KEY(station_id) REFERENCES stations (id)
)


INFO     sqlalchemy.engine.Engine:base.py:1848 [no key 0.00028s] ()
INFO     sqlalchemy.engine.Engine:base.py:1848 CREATE INDEX idx_station_departures_station_bucket ON station_departures (station_id, bucket_start_minute)
INFO     sqlalchemy.engine.Engine:base.py:1848 [no key 0.00042s] ()
INFO     sqlalchemy.engine.Engine:base.py:1848 CREATE INDEX ix_station_departures_station_id ON station_departures (station_id)
INFO     sqlalchemy.engine.Engine:base.py:1848 [no key 0.00068s] ()
INFO     sqlalchemy.engine.Engine:base.py:1848 CREATE INDEX ix_station_departures_bucket_start_minute ON station_departures (bucket_start_minute)
INFO     sqlalchemy.engine.Engine:base.py:1848 [no key 0.00037s] ()
INFO     sqlalchemy.engine.Engine:base.py:1848 
CREATE TABLE stop_departures (
	id VARCHAR(36) NOT NULL, 
	stop_id INTEGER NOT NULL, 
	bucket_start_minute INTEGER NOT NULL, 
	bitmap BLOB NOT NULL, 
	trips_count INTEGER NOT NULL, 
	created_at DATETIME NOT NULL, 
	PRIMARY KEY (id), 
	CONSTRAINT uq_stop_bucket UNIQUE (stop_id, bucket_start_minute), 
	FOREIGN KEY(stop_id) REFERENCES stops (id)
)


INFO     sqlalchemy.engine.Engine:base.py:1848 [no key 0.00041s] ()
INFO     sqlalchemy.engine.Engine:base.py:1848 CREATE INDEX ix_stop_departures_bucket_start_minute ON stop_departures (bucket_start_minute)
INFO     sqlalchemy.engine.Engine:base.py:1848 [no key 0.00034s] ()
INFO     sqlalchemy.engine.Engine:base.py:1848 CREATE INDEX ix_stop_departures_stop_id ON stop_departures (stop_id)
INFO     sqlalchemy.engine.Engine:base.py:1848 [no key 0.00041s] ()
INFO     sqlalchemy.engine.Engine:base.py:1848 CREATE INDEX idx_stop_departures_stop_bucket ON stop_departures (stop_id, bucket_start_minute)
INFO     sqlalchemy.engine.Engine:base.py:1848 [no key 0.00043s] ()
INFO     sqlalchemy.engine.Engine:base.py:1848 
CREATE TABLE route_search_logs (
	id VARCHAR(36) NOT NULL, 
	user_id VARCHAR(36), 
	src VARCHAR(255) NOT NULL, 
	dst VARCHAR(255) NOT NULL, 
	date DATE NOT NULL, 
	routes_shown JSON NOT NULL, 
	route_clicked VARCHAR(36), 
	booking_success BOOLEAN, 
	latency_ms FLOAT NOT NULL, 
	created_at DATETIME, 
	PRIMARY KEY (id), 
	FOREIGN KEY(user_id) REFERENCES users (id)
)


INFO     sqlalchemy.engine.Engine:base.py:1848 [no key 0.00035s] ()
INFO     sqlalchemy.engine.Engine:base.py:1848 CREATE INDEX ix_route_search_logs_user_id ON route_search_logs (user_id)
INFO     sqlalchemy.engine.Engine:base.py:1848 [no key 0.00038s] ()
INFO     sqlalchemy.engine.Engine:base.py:1848 CREATE INDEX idx_route_search_logs_src_dst ON route_search_logs (src, dst)
INFO     sqlalchemy.engine.Engine:base.py:1848 [no key 0.00039s] ()
INFO     sqlalchemy.engine.Engine:base.py:1848 CREATE INDEX idx_route_search_logs_user_id ON route_search_logs (user_id)
INFO     sqlalchemy.engine.Engine:base.py:1848 [no key 0.00030s] ()
INFO     sqlalchemy.engine.Engine:base.py:1848 CREATE INDEX idx_route_search_logs_date ON route_search_logs (date)
INFO     sqlalchemy.engine.Engine:base.py:1848 [no key 0.00040s] ()
INFO     sqlalchemy.engine.Engine:base.py:1848 
CREATE TABLE train_states (
	id VARCHAR(36) NOT NULL, 
	trip_id INTEGER NOT NULL, 
	train_number VARCHAR(50) NOT NULL, 
	current_station_id INTEGER, 
	next_station_id INTEGER, 
	delay_minutes INTEGER NOT NULL, 
	status VARCHAR(20) NOT NULL, 
	platform_number VARCHAR(10), 
	last_updated DATETIME NOT NULL, 
	estimated_arrival DATETIME, 
	estimated_departure DATETIME, 
	occupancy_rate FLOAT NOT NULL, 
	cancelled_stations JSON NOT NULL, 
	created_at DATETIME, 
	updated_at DATETIME, 
	PRIMARY KEY (id), 
	FOREIGN KEY(current_station_id) REFERENCES stops (id), 
	FOREIGN KEY(next_station_id) REFERENCES stops (id)
)


INFO     sqlalchemy.engine.Engine:base.py:1848 [no key 0.00040s] ()
INFO     sqlalchemy.engine.Engine:base.py:1848 CREATE INDEX idx_train_states_trip_id ON train_states (trip_id)
INFO     sqlalchemy.engine.Engine:base.py:1848 [no key 0.00030s] ()
INFO     sqlalchemy.engine.Engine:base.py:1848 CREATE INDEX ix_train_states_train_number ON train_states (train_number)
INFO     sqlalchemy.engine.Engine:base.py:1848 [no key 0.00035s] ()
INFO     sqlalchemy.engine.Engine:base.py:1848 CREATE UNIQUE INDEX ix_train_states_trip_id ON train_states (trip_id)
INFO     sqlalchemy.engine.Engine:base.py:1848 [no key 0.00031s] ()
INFO     sqlalchemy.engine.Engine:base.py:1848 CREATE INDEX ix_train_states_last_updated ON train_states (last_updated)
INFO     sqlalchemy.engine.Engine:base.py:1848 [no key 0.00040s] ()
INFO     sqlalchemy.engine.Engine:base.py:1848 CREATE INDEX idx_train_states_last_updated ON train_states (last_updated)
INFO     sqlalchemy.engine.Engine:base.py:1848 [no key 0.00048s] ()
INFO     sqlalchemy.engine.Engine:base.py:1848 CREATE INDEX idx_train_states_status ON train_states (status)
INFO     sqlalchemy.engine.Engine:base.py:1848 [no key 0.00112s] ()
INFO     sqlalchemy.engine.Engine:base.py:1848 
CREATE TABLE train_stations (
	id INTEGER NOT NULL, 
	train_number VARCHAR(50), 
	station_code VARCHAR(100), 
	station_name VARCHAR(255), 
	sequence INTEGER, 
	arrival VARCHAR(20), 
	departure VARCHAR(20), 
	halt_minutes INTEGER, 
	distance_km FLOAT, 
	day_count INTEGER, 
	PRIMARY KEY (id), 
	CONSTRAINT uix_train_seq UNIQUE (train_number, sequence), 
	FOREIGN KEY(train_number) REFERENCES trains_master (train_number)
)


INFO     sqlalchemy.engine.Engine:base.py:1848 [no key 0.00040s] ()
INFO     sqlalchemy.engine.Engine:base.py:1848 
CREATE TABLE trips (
	id INTEGER NOT NULL, 
	trip_id VARCHAR(255) NOT NULL, 
	route_id INTEGER NOT NULL, 
	service_id VARCHAR(100) NOT NULL, 
	headsign VARCHAR(255), 
	direction_id INTEGER, 
	bike_allowed BOOLEAN NOT NULL, 
	wheelchair_accessible BOOLEAN NOT NULL, 
	trip_headsign VARCHAR(255), 
	PRIMARY KEY (id), 
	FOREIGN KEY(route_id) REFERENCES gtfs_routes (id), 
	FOREIGN KEY(service_id) REFERENCES calendar (service_id)
)


INFO     sqlalchemy.engine.Engine:base.py:1848 [no key 0.00036s] ()
INFO     sqlalchemy.engine.Engine:base.py:1848 CREATE UNIQUE INDEX ix_trips_trip_id ON trips (trip_id)
INFO     sqlalchemy.engine.Engine:base.py:1848 [no key 0.00031s] ()
INFO     sqlalchemy.engine.Engine:base.py:1848 CREATE INDEX ix_trips_service_id ON trips (service_id)
INFO     sqlalchemy.engine.Engine:base.py:1848 [no key 0.00032s] ()
INFO     sqlalchemy.engine.Engine:base.py:1848 CREATE INDEX ix_trips_direction_id ON trips (direction_id)
INFO     sqlalchemy.engine.Engine:base.py:1848 [no key 0.00033s] ()
INFO     sqlalchemy.engine.Engine:base.py:1848 CREATE INDEX ix_trips_route_id ON trips (route_id)
INFO     sqlalchemy.engine.Engine:base.py:1848 [no key 0.00030s] ()
INFO     sqlalchemy.engine.Engine:base.py:1848 
CREATE TABLE transfers (
	id INTEGER NOT NULL, 
	from_stop_id INTEGER NOT NULL, 
	to_stop_id INTEGER NOT NULL, 
	route_id INTEGER, 
	transfer_type INTEGER NOT NULL, 
	min_transfer_time INTEGER NOT NULL, 
	walking_time_minutes INTEGER NOT NULL, 
	PRIMARY KEY (id), 
	CONSTRAINT uq_transfer_route UNIQUE (from_stop_id, to_stop_id, route_id), 
	FOREIGN KEY(from_stop_id) REFERENCES stops (id), 
	FOREIGN KEY(to_stop_id) REFERENCES stops (id), 
	FOREIGN KEY(route_id) REFERENCES gtfs_routes (id)
)


INFO     sqlalchemy.engine.Engine:base.py:1848 [no key 0.00034s] ()
INFO     sqlalchemy.engine.Engine:base.py:1848 
CREATE TABLE route_shapes (
	id VARCHAR(36) NOT NULL, 
	route_id INTEGER NOT NULL, 
	shape_id VARCHAR(100) NOT NULL, 
	geometry VARCHAR, 
	sequence INTEGER NOT NULL, 
	distance_traveled FLOAT NOT NULL, 
	created_at DATETIME, 
	PRIMARY KEY (id), 
	FOREIGN KEY(route_id) REFERENCES gtfs_routes (id), 
	UNIQUE (shape_id)
)


INFO     sqlalchemy.engine.Engine:base.py:1848 [no key 0.00026s] ()
INFO     sqlalchemy.engine.Engine:base.py:1848 CREATE INDEX ix_route_shapes_route_id ON route_shapes (route_id)
INFO     sqlalchemy.engine.Engine:base.py:1848 [no key 0.00038s] ()
INFO     sqlalchemy.engine.Engine:base.py:1848 CREATE INDEX idx_route_shapes_route ON route_shapes (route_id)
INFO     sqlalchemy.engine.Engine:base.py:1848 [no key 0.00030s] ()
INFO     sqlalchemy.engine.Engine:base.py:1848 
CREATE TABLE cancellation_rules (
	id VARCHAR(36) NOT NULL, 
	route_id INTEGER, 
	hours_before_departure INTEGER NOT NULL, 
	refund_percentage FLOAT NOT NULL, 
	is_active BOOLEAN, 
	created_at DATETIME, 
	PRIMARY KEY (id), 
	FOREIGN KEY(route_id) REFERENCES gtfs_routes (id)
)


INFO     sqlalchemy.engine.Engine:base.py:1848 [no key 0.00031s] ()
INFO     sqlalchemy.engine.Engine:base.py:1848 
CREATE TABLE stop_times (
	id INTEGER NOT NULL, 
	trip_id INTEGER NOT NULL, 
	stop_id INTEGER NOT NULL, 
	arrival_time TIME NOT NULL, 
	departure_time TIME NOT NULL, 
	stop_sequence INTEGER NOT NULL, 
	cost FLOAT NOT NULL, 
	pickup_type INTEGER NOT NULL, 
	drop_off_type INTEGER NOT NULL, 
	platform_number VARCHAR(10), 
	PRIMARY KEY (id), 
	CONSTRAINT uq_trip_stop_sequence UNIQUE (trip_id, stop_sequence), 
	CONSTRAINT arrival_before_departure CHECK (arrival_time <= departure_time), 
	FOREIGN KEY(trip_id) REFERENCES trips (id), 
	FOREIGN KEY(stop_id) REFERENCES stops (id)
)


INFO     sqlalchemy.engine.Engine:base.py:1848 [no key 0.00037s] ()
INFO     sqlalchemy.engine.Engine:base.py:1848 CREATE INDEX idx_stop_times_stop_id ON stop_times (stop_id)
INFO     sqlalchemy.engine.Engine:base.py:1848 [no key 0.00034s] ()
INFO     sqlalchemy.engine.Engine:base.py:1848 CREATE INDEX idx_stop_times_trip_id ON stop_times (trip_id)
INFO     sqlalchemy.engine.Engine:base.py:1848 [no key 0.00041s] ()
INFO     sqlalchemy.engine.Engine:base.py:1848 
CREATE TABLE coaches (
	id INTEGER NOT NULL, 
	trip_id INTEGER NOT NULL, 
	coach_number VARCHAR(10) NOT NULL, 
	class_type VARCHAR(50) NOT NULL, 
	total_seats INTEGER, 
	PRIMARY KEY (id), 
	FOREIGN KEY(trip_id) REFERENCES trips (id)
)


INFO     sqlalchemy.engine.Engine:base.py:1848 [no key 0.00036s] ()
INFO     sqlalchemy.engine.Engine:base.py:1848 
CREATE TABLE fares (
	id INTEGER NOT NULL, 
	segment_id INTEGER, 
	trip_id INTEGER, 
	class_type VARCHAR(50) NOT NULL, 
	amount FLOAT NOT NULL, 
	PRIMARY KEY (id), 
	FOREIGN KEY(trip_id) REFERENCES trips (id)
)


INFO     sqlalchemy.engine.Engine:base.py:1848 [no key 0.00047s] ()
INFO     sqlalchemy.engine.Engine:base.py:1848 CREATE INDEX ix_fares_segment_id ON fares (segment_id)
INFO     sqlalchemy.engine.Engine:base.py:1848 [no key 0.00047s] ()
INFO     sqlalchemy.engine.Engine:base.py:1848 
CREATE TABLE bookings (
	id VARCHAR(36) NOT NULL, 
	pnr_number VARCHAR(10) NOT NULL, 
	user_id VARCHAR(36) NOT NULL, 
	travel_date DATE NOT NULL, 
	booking_status VARCHAR(50) NOT NULL, 
	amount_paid FLOAT NOT NULL, 
	booking_details JSON NOT NULL, 
	created_at DATETIME, 
	updated_at DATETIME, 
	route_id VARCHAR(36), 
	trip_id INTEGER, 
	payment_status VARCHAR(50), 
	PRIMARY KEY (id), 
	FOREIGN KEY(user_id) REFERENCES users (id), 
	FOREIGN KEY(route_id) REFERENCES precalculated_routes (id), 
	FOREIGN KEY(trip_id) REFERENCES trips (id)
)


INFO     sqlalchemy.engine.Engine:base.py:1848 [no key 0.00046s] ()
INFO     sqlalchemy.engine.Engine:base.py:1848 CREATE INDEX ix_bookings_created_at ON bookings (created_at)
INFO     sqlalchemy.engine.Engine:base.py:1848 [no key 0.00045s] ()
INFO     sqlalchemy.engine.Engine:base.py:1848 CREATE INDEX ix_bookings_booking_status ON bookings (booking_status)
INFO     sqlalchemy.engine.Engine:base.py:1848 [no key 0.00036s] ()
INFO     sqlalchemy.engine.Engine:base.py:1848 CREATE INDEX idx_bookings_user_travel ON bookings (user_id, travel_date)
INFO     sqlalchemy.engine.Engine:base.py:1848 [no key 0.00032s] ()
INFO     sqlalchemy.engine.Engine:base.py:1848 CREATE INDEX ix_bookings_travel_date ON bookings (travel_date)
INFO     sqlalchemy.engine.Engine:base.py:1848 [no key 0.00040s] ()
INFO     sqlalchemy.engine.Engine:base.py:1848 CREATE INDEX idx_bookings_pnr ON bookings (pnr_number)
INFO     sqlalchemy.engine.Engine:base.py:1848 [no key 0.00031s] ()
INFO     sqlalchemy.engine.Engine:base.py:1848 CREATE INDEX idx_bookings_status ON bookings (booking_status)
INFO     sqlalchemy.engine.Engine:base.py:1848 [no key 0.00034s] ()
INFO     sqlalchemy.engine.Engine:base.py:1848 CREATE UNIQUE INDEX ix_bookings_pnr_number ON bookings (pnr_number)
INFO     sqlalchemy.engine.Engine:base.py:1848 [no key 0.00039s] ()
INFO     sqlalchemy.engine.Engine:base.py:1848 CREATE INDEX ix_bookings_user_id ON bookings (user_id)
INFO     sqlalchemy.engine.Engine:base.py:1848 [no key 0.00035s] ()
INFO     sqlalchemy.engine.Engine:base.py:1848 
CREATE TABLE disruptions (
	id VARCHAR(36) NOT NULL, 
	disruption_type VARCHAR(50) NOT NULL, 
	description TEXT, 
	start_time DATETIME, 
	end_time DATETIME, 
	status VARCHAR(50), 
	created_by_id VARCHAR(36), 
	created_at DATETIME, 
	gtfs_route_id INTEGER, 
	trip_id INTEGER, 
	stop_id INTEGER, 
	PRIMARY KEY (id), 
	FOREIGN KEY(created_by_id) REFERENCES users (id), 
	FOREIGN KEY(gtfs_route_id) REFERENCES gtfs_routes (id), 
	FOREIGN KEY(trip_id) REFERENCES trips (id), 
	FOREIGN KEY(stop_id) REFERENCES stops (id)
)


INFO     sqlalchemy.engine.Engine:base.py:1848 [no key 0.00040s] ()
INFO     sqlalchemy.engine.Engine:base.py:1848 CREATE INDEX ix_disruptions_stop_id ON disruptions (stop_id)
INFO     sqlalchemy.engine.Engine:base.py:1848 [no key 0.00044s] ()
INFO     sqlalchemy.engine.Engine:base.py:1848 CREATE INDEX ix_disruptions_trip_id ON disruptions (trip_id)
INFO     sqlalchemy.engine.Engine:base.py:1848 [no key 0.00031s] ()
INFO     sqlalchemy.engine.Engine:base.py:1848 CREATE INDEX ix_disruptions_gtfs_route_id ON disruptions (gtfs_route_id)
INFO     sqlalchemy.engine.Engine:base.py:1848 [no key 0.00043s] ()
INFO     sqlalchemy.engine.Engine:base.py:1848 CREATE INDEX ix_disruptions_status ON disruptions (status)
INFO     sqlalchemy.engine.Engine:base.py:1848 [no key 0.00031s] ()
INFO     sqlalchemy.engine.Engine:base.py:1848 
CREATE TABLE frequencies (
	id VARCHAR(36) NOT NULL, 
	trip_id INTEGER NOT NULL, 
	start_time TIME NOT NULL, 
	end_time TIME NOT NULL, 
	headway_secs INTEGER NOT NULL, 
	exact_times BOOLEAN, 
	created_at DATETIME, 
	PRIMARY KEY (id), 
	CONSTRAINT uq_trip_start_time UNIQUE (trip_id, start_time), 
	FOREIGN KEY(trip_id) REFERENCES trips (id)
)


INFO     sqlalchemy.engine.Engine:base.py:1848 [no key 0.00043s] ()
INFO     sqlalchemy.engine.Engine:base.py:1848 CREATE INDEX ix_frequencies_trip_id ON frequencies (trip_id)
INFO     sqlalchemy.engine.Engine:base.py:1848 [no key 0.00033s] ()
INFO     sqlalchemy.engine.Engine:base.py:1848 CREATE INDEX idx_frequencies_trip ON frequencies (trip_id)
INFO     sqlalchemy.engine.Engine:base.py:1848 [no key 0.00033s] ()
INFO     sqlalchemy.engine.Engine:base.py:1848 
CREATE TABLE segments (
	id VARCHAR(36) NOT NULL, 
	source_station_id VARCHAR(36) NOT NULL, 
	dest_station_id VARCHAR(36) NOT NULL, 
	vehicle_id VARCHAR(36), 
	trip_id INTEGER, 
	transport_mode VARCHAR(50) NOT NULL, 
	departure_time TIME NOT NULL, 
	arrival_time TIME NOT NULL, 
	arrival_day_offset INTEGER, 
	duration_minutes INTEGER NOT NULL, 
	distance_km FLOAT, 
	cost FLOAT NOT NULL, 
	operating_days VARCHAR(7) NOT NULL, 
	PRIMARY KEY (id), 
	FOREIGN KEY(source_station_id) REFERENCES stations (id), 
	FOREIGN KEY(dest_station_id) REFERENCES stations (id), 
	FOREIGN KEY(vehicle_id) REFERENCES vehicles (id), 
	FOREIGN KEY(trip_id) REFERENCES trips (id)
)


INFO     sqlalchemy.engine.Engine:base.py:1848 [no key 0.00040s] ()
INFO     sqlalchemy.engine.Engine:base.py:1848 CREATE INDEX ix_segments_dest_station_id ON segments (dest_station_id)
INFO     sqlalchemy.engine.Engine:base.py:1848 [no key 0.00043s] ()
INFO     sqlalchemy.engine.Engine:base.py:1848 CREATE INDEX ix_segments_vehicle_id ON segments (vehicle_id)
INFO     sqlalchemy.engine.Engine:base.py:1848 [no key 0.00038s] ()
INFO     sqlalchemy.engine.Engine:base.py:1848 CREATE INDEX ix_segments_trip_id ON segments (trip_id)
INFO     sqlalchemy.engine.Engine:base.py:1848 [no key 0.00038s] ()
INFO     sqlalchemy.engine.Engine:base.py:1848 CREATE INDEX ix_segments_source_station_id ON segments (source_station_id)
INFO     sqlalchemy.engine.Engine:base.py:1848 [no key 0.00036s] ()
INFO     sqlalchemy.engine.Engine:base.py:1848 CREATE INDEX idx_segments_src_dest_dep ON segments (source_station_id, dest_station_id, departure_time)
INFO     sqlalchemy.engine.Engine:base.py:1848 [no key 0.00039s] ()
INFO     sqlalchemy.engine.Engine:base.py:1848 
CREATE TABLE station_departures_indexed (
	id VARCHAR(36) NOT NULL, 
	station_id INTEGER NOT NULL, 
	trip_id INTEGER NOT NULL, 
	departure_time TIME NOT NULL, 
	arrival_time_at_next TIME, 
	next_station_id INTEGER, 
	operating_days VARCHAR(7) NOT NULL, 
	train_number VARCHAR(50), 
	distance_to_next FLOAT, 
	PRIMARY KEY (id), 
	FOREIGN KEY(station_id) REFERENCES stops (id), 
	FOREIGN KEY(trip_id) REFERENCES trips (id), 
	FOREIGN KEY(next_station_id) REFERENCES stops (id)
)


INFO     sqlalchemy.engine.Engine:base.py:1848 [no key 0.00047s] ()
INFO     sqlalchemy.engine.Engine:base.py:1848 CREATE INDEX ix_station_departures_indexed_trip_id ON station_departures_indexed (trip_id)
INFO     sqlalchemy.engine.Engine:base.py:1848 [no key 0.00040s] ()
INFO     sqlalchemy.engine.Engine:base.py:1848 CREATE INDEX idx_station_dep_time ON station_departures_indexed (station_id, departure_time)
INFO     sqlalchemy.engine.Engine:base.py:1848 [no key 0.00042s] ()
INFO     sqlalchemy.engine.Engine:base.py:1848 CREATE INDEX ix_station_departures_indexed_station_id ON station_departures_indexed (station_id)
INFO     sqlalchemy.engine.Engine:base.py:1848 [no key 0.00038s] ()
INFO     sqlalchemy.engine.Engine:base.py:1848 CREATE INDEX idx_station_dep_day ON station_departures_indexed (station_id, operating_days)
INFO     sqlalchemy.engine.Engine:base.py:1848 [no key 0.00045s] ()
INFO     sqlalchemy.engine.Engine:base.py:1848 CREATE INDEX ix_station_departures_indexed_departure_time ON station_departures_indexed (departure_time)
INFO     sqlalchemy.engine.Engine:base.py:1848 [no key 0.00050s] ()
INFO     sqlalchemy.engine.Engine:base.py:1848 
CREATE TABLE seats (
	id INTEGER NOT NULL, 
	coach_id INTEGER NOT NULL, 
	seat_number VARCHAR(10) NOT NULL, 
	is_available BOOLEAN, 
	PRIMARY KEY (id), 
	FOREIGN KEY(coach_id) REFERENCES coaches (id)
)


INFO     sqlalchemy.engine.Engine:base.py:1848 [no key 0.00038s] ()
INFO     sqlalchemy.engine.Engine:base.py:1848 
CREATE TABLE passenger_details (
	id VARCHAR(36) NOT NULL, 
	booking_id VARCHAR(36) NOT NULL, 
	full_name VARCHAR(255) NOT NULL, 
	age INTEGER NOT NULL, 
	gender VARCHAR(10) NOT NULL, 
	phone_number VARCHAR(20), 
	email VARCHAR(255), 
	document_type VARCHAR(50), 
	document_number VARCHAR(50), 
	coach_number VARCHAR(10), 
	seat_number VARCHAR(10), 
	berth_type VARCHAR(20), 
	concession_type VARCHAR(50), 
	concession_discount FLOAT NOT NULL, 
	meal_preference VARCHAR(20), 
	created_at DATETIME, 
	updated_at DATETIME, 
	PRIMARY KEY (id), 
	FOREIGN KEY(booking_id) REFERENCES bookings (id)
)


INFO     sqlalchemy.engine.Engine:base.py:1848 [no key 0.00045s] ()
INFO     sqlalchemy.engine.Engine:base.py:1848 CREATE INDEX ix_passenger_details_booking_id ON passenger_details (booking_id)
INFO     sqlalchemy.engine.Engine:base.py:1848 [no key 0.00040s] ()
INFO     sqlalchemy.engine.Engine:base.py:1848 CREATE INDEX idx_passenger_booking ON passenger_details (booking_id)
INFO     sqlalchemy.engine.Engine:base.py:1848 [no key 0.00039s] ()
INFO     sqlalchemy.engine.Engine:base.py:1848 
CREATE TABLE seat_inventory (
	id VARCHAR(36) NOT NULL, 
	travel_date DATE NOT NULL, 
	coach_type VARCHAR(50), 
	seats_available INTEGER NOT NULL, 
	last_reconciled_at DATETIME, 
	stop_time_id INTEGER NOT NULL, 
	PRIMARY KEY (id), 
	FOREIGN KEY(stop_time_id) REFERENCES stop_times (id)
)


INFO     sqlalchemy.engine.Engine:base.py:1848 [no key 0.00034s] ()
INFO     sqlalchemy.engine.Engine:base.py:1848 CREATE INDEX ix_seat_inventory_coach_type ON seat_inventory (coach_type)
INFO     sqlalchemy.engine.Engine:base.py:1848 [no key 0.00040s] ()
INFO     sqlalchemy.engine.Engine:base.py:1848 CREATE INDEX ix_seat_inventory_travel_date ON seat_inventory (travel_date)
INFO     sqlalchemy.engine.Engine:base.py:1848 [no key 0.00038s] ()
INFO     sqlalchemy.engine.Engine:base.py:1848 CREATE INDEX ix_seat_inventory_stop_time_id ON seat_inventory (stop_time_id)
INFO     sqlalchemy.engine.Engine:base.py:1848 [no key 0.00043s] ()
INFO     sqlalchemy.engine.Engine:base.py:1848 
CREATE TABLE reviews (
	id VARCHAR(36) NOT NULL, 
	user_id VARCHAR(36) NOT NULL, 
	booking_id VARCHAR(36) NOT NULL, 
	rating INTEGER NOT NULL, 
	comment TEXT, 
	created_at DATETIME, 
	PRIMARY KEY (id), 
	CONSTRAINT review_rating_check CHECK (rating >= 1 AND rating <= 5), 
	CONSTRAINT uq_user_booking_review UNIQUE (user_id, booking_id), 
	FOREIGN KEY(user_id) REFERENCES users (id), 
	FOREIGN KEY(booking_id) REFERENCES bookings (id)
)


INFO     sqlalchemy.engine.Engine:base.py:1848 [no key 0.00051s] ()
INFO     sqlalchemy.engine.Engine:base.py:1848 CREATE UNIQUE INDEX ix_reviews_booking_id ON reviews (booking_id)
INFO     sqlalchemy.engine.Engine:base.py:1848 [no key 0.00039s] ()
INFO     sqlalchemy.engine.Engine:base.py:1848 CREATE INDEX ix_reviews_user_id ON reviews (user_id)
INFO     sqlalchemy.engine.Engine:base.py:1848 [no key 0.00029s] ()
INFO     sqlalchemy.engine.Engine:base.py:1848 
CREATE TABLE payments (
	id VARCHAR(36) NOT NULL, 
	booking_id VARCHAR(36), 
	razorpay_order_id VARCHAR(255), 
	razorpay_payment_id VARCHAR(255), 
	status VARCHAR(50), 
	amount FLOAT NOT NULL, 
	created_at DATETIME, 
	updated_at DATETIME, 
	PRIMARY KEY (id), 
	FOREIGN KEY(booking_id) REFERENCES bookings (id)
)


INFO     sqlalchemy.engine.Engine:base.py:1848 [no key 0.00043s] ()
INFO     sqlalchemy.engine.Engine:base.py:1848 CREATE INDEX ix_payments_booking_id ON payments (booking_id)
INFO     sqlalchemy.engine.Engine:base.py:1848 [no key 0.00034s] ()
INFO     sqlalchemy.engine.Engine:base.py:1848 CREATE INDEX ix_payments_razorpay_payment_id ON payments (razorpay_payment_id)
INFO     sqlalchemy.engine.Engine:base.py:1848 [no key 0.00047s] ()
INFO     sqlalchemy.engine.Engine:base.py:1848 CREATE INDEX ix_payments_razorpay_order_id ON payments (razorpay_order_id)
INFO     sqlalchemy.engine.Engine:base.py:1848 [no key 0.00045s] ()
INFO     sqlalchemy.engine.Engine:base.py:1848 
CREATE TABLE waiting_list (
	id VARCHAR(36) NOT NULL, 
	booking_id VARCHAR(36) NOT NULL, 
	position INTEGER NOT NULL, 
	status VARCHAR(50) NOT NULL, 
	notification_sent BOOLEAN, 
	confirmed_at DATETIME, 
	created_at DATETIME, 
	updated_at DATETIME, 
	PRIMARY KEY (id), 
	UNIQUE (booking_id), 
	FOREIGN KEY(booking_id) REFERENCES bookings (id)
)


INFO     sqlalchemy.engine.Engine:base.py:1848 [no key 0.00050s] ()
INFO     sqlalchemy.engine.Engine:base.py:1848 CREATE INDEX idx_waiting_list_booking ON waiting_list (booking_id)
INFO     sqlalchemy.engine.Engine:base.py:1848 [no key 0.00052s] ()
INFO     sqlalchemy.engine.Engine:base.py:1848 CREATE INDEX idx_waiting_list_status ON waiting_list (status)
INFO     sqlalchemy.engine.Engine:base.py:1848 [no key 0.00044s] ()
INFO     sqlalchemy.engine.Engine:base.py:1848 
CREATE TABLE unlocked_routes (
	id VARCHAR(36) NOT NULL, 
	user_id VARCHAR(36) NOT NULL, 
	payment_id VARCHAR(36), 
	unlocked_at DATETIME, 
	route_id VARCHAR(36), 
	PRIMARY KEY (id), 
	FOREIGN KEY(user_id) REFERENCES users (id), 
	FOREIGN KEY(payment_id) REFERENCES payments (id), 
	FOREIGN KEY(route_id) REFERENCES precalculated_routes (id)
)


INFO     sqlalchemy.engine.Engine:base.py:1848 [no key 0.00045s] ()
INFO     sqlalchemy.engine.Engine:base.py:1848 CREATE INDEX ix_unlocked_routes_payment_id ON unlocked_routes (payment_id)
INFO     sqlalchemy.engine.Engine:base.py:1848 [no key 0.00040s] ()
INFO     sqlalchemy.engine.Engine:base.py:1848 CREATE INDEX ix_unlocked_routes_route_id ON unlocked_routes (route_id)
INFO     sqlalchemy.engine.Engine:base.py:1848 [no key 0.00044s] ()
INFO     sqlalchemy.engine.Engine:base.py:1848 CREATE INDEX ix_unlocked_routes_user_id ON unlocked_routes (user_id)
INFO     sqlalchemy.engine.Engine:base.py:1848 [no key 0.00043s] ()
INFO     sqlalchemy.engine.Engine:base.py:2695 COMMIT
------------------------------ Captured log call ------------------------------
INFO     sqlalchemy.engine.Engine:base.py:2689 BEGIN (implicit)\nINFO     sqlalchemy.engine.Engine:base.py:1848 SELECT users.id AS users_id, users.email AS users_email, users.password_hash AS users_password_hash, users.phone_number AS users_phone_number, users.role AS users_role, users.created_at AS users_created_at \nFROM users \nWHERE users.phone_number = ?\n LIMIT ? OFFSET ?\nINFO     sqlalchemy.engine.Engine:base.py:1848 [generated in 0.00042s] ('+911234567890', 1, 0)\nINFO     sqlalchemy.engine.Engine:base.py:1848 INSERT INTO users (id, email, password_hash, phone_number, role, created_at) VALUES (?, ?, ?, ?, ?, ?)\nINFO     sqlalchemy.engine.Engine:base.py:1848 [generated in 0.00050s] ('eb2a63cd-30ac-4d5f-8764-08e7ac9677db', '', '', '+911234567890', 'user', '2026-02-22 19:37:24.592103')\nINFO     sqlalchemy.engine.Engine:base.py:2695 COMMIT\nINFO     sqlalchemy.engine.Engine:base.py:2689 BEGIN (implicit)\nINFO     sqlalchemy.engine.Engine:base.py:1848 SELECT users.id, users.email, users.password_hash, users.phone_number, users.role, users.created_at \nFROM users \nWHERE users.id = ?\nINFO     sqlalchemy.engine.Engine:base.py:1848 [generated in 0.00052s] ('eb2a63cd-30ac-4d5f-8764-08e7ac9677db',)\nINFO     sqlalchemy.engine.Engine:base.py:2692 ROLLBACK\nINFO     sqlalchemy.engine.Engine:base.py:2689 BEGIN (implicit)\nINFO     sqlalchemy.engine.Engine:base.py:1848 SELECT stops.id AS stops_id, stops.stop_id AS stops_stop_id, stops.code AS stops_code, stops.name AS stops_name, stops.city AS stops_city, stops.state AS stops_state, stops.latitude AS stops_latitude, stops.longitude AS stops_longitude, stops.geom AS stops_geom, stops.location_type AS stops_location_type, stops.parent_station_id AS stops_parent_station_id, stops.safety_score AS stops_safety_score, stops.is_major_junction AS stops_is_major_junction, stops.facilities_json AS stops_facilities_json, stops.wheelchair_accessible AS stops_wheelchair_accessible, stops.platform_count AS stops_platform_count, stops.distance_to_city_center_km AS stops_distance_to_city_center_km \nFROM stops \nWHERE stops.is_major_junction = 1 OR stops.code IN (?, ?, ?, ?, ?, ?, ?, ?, ?)\nINFO     sqlalchemy.engine.Engine:base.py:1848 [cached since 3.288s ago] ('NDLS', 'CSMT', 'MAS', 'HWH', 'SBC', 'PNBE', 'LKO', 'ADI', 'BCT')\nINFO     sqlalchemy.engine.Engine:base.py:2692 ROLLBACK\nWARNING  backend.core.route_engine.engine:engine.py:86 \u26a0\ufe0f RAPIDAPI_KEY not found in config. Booking layer disabled.\nINFO     sqlalchemy.engine.Engine:base.py:2689 BEGIN (implicit)\nINFO     sqlalchemy.engine.Engine:base.py:1848 SELECT stop_times.id AS stop_times_id, stop_times.trip_id AS stop_times_trip_id, stop_times.stop_id AS stop_times_stop_id, stop_times.arrival_time AS stop_times_arrival_time, stop_times.departure_time AS stop_times_departure_time, stop_times.stop_sequence AS stop_times_stop_sequence, stop_times.cost AS stop_times_cost, stop_times.pickup_type AS stop_times_pickup_type, stop_times.drop_off_type AS stop_times_drop_off_type, stop_times.platform_number AS stop_times_platform_number \nFROM stop_times \nWHERE stop_times.trip_id = ? ORDER BY stop_times.stop_sequence\nINFO     sqlalchemy.engine.Engine:base.py:1848 [generated in 0.00053s] (1,)\nINFO     sqlalchemy.engine.Engine:base.py:2692 ROLLBACK\nINFO     sqlalchemy.engine.Engine:base.py:2689 BEGIN (implicit)\nINFO     sqlalchemy.engine.Engine:base.py:1848 SELECT users.id AS users_id, users.email AS users_email, users.password_hash AS users_password_hash, users.phone_number AS users_phone_number, users.role AS users_role, users.created_at AS users_created_at \nFROM users \nWHERE users.email = ?\n LIMIT ? OFFSET ?\nINFO     sqlalchemy.engine.Engine:base.py:1848 [generated in 0.00045s] ('+911234567890', 1, 0)\nERROR    backend.database.session:session.py:102 Database session error: \nINFO     sqlalchemy.engine.Engine:base.py:2692 ROLLBACK
---------------------------- Captured log teardown ----------------------------
INFO     sqlalchemy.engine.Engine:base.py:2689 BEGIN (implicit)
INFO     sqlalchemy.engine.Engine:base.py:1848 PRAGMA main.table_info("users")
INFO     sqlalchemy.engine.Engine:base.py:1848 [raw sql] ()
INFO     sqlalchemy.engine.Engine:base.py:1848 PRAGMA main.table_info("agency")
INFO     sqlalchemy.engine.Engine:base.py:1848 [raw sql] ()
INFO     sqlalchemy.engine.Engine:base.py:1848 PRAGMA main.table_info("stops")
INFO     sqlalchemy.engine.Engine:base.py:1848 [raw sql] ()
INFO     sqlalchemy.engine.Engine:base.py:1848 PRAGMA main.table_info("gtfs_routes")
INFO     sqlalchemy.engine.Engine:base.py:1848 [raw sql] ()
INFO     sqlalchemy.engine.Engine:base.py:1848 PRAGMA main.table_info("calendar")
INFO     sqlalchemy.engine.Engine:base.py:1848 [raw sql] ()
INFO     sqlalchemy.engine.Engine:base.py:1848 PRAGMA main.table_info("calendar_dates")
INFO     sqlalchemy.engine.Engine:base.py:1848 [raw sql] ()
INFO     sqlalchemy.engine.Engine:base.py:1848 PRAGMA main.table_info("trips")
INFO     sqlalchemy.engine.Engine:base.py:1848 [raw sql] ()
INFO     sqlalchemy.engine.Engine:base.py:1848 PRAGMA main.table_info("stop_times")
INFO     sqlalchemy.engine.Engine:base.py:1848 [raw sql] ()
INFO     sqlalchemy.engine.Engine:base.py:1848 PRAGMA main.table_info("coaches")
INFO     sqlalchemy.engine.Engine:base.py:1848 [raw sql] ()
INFO     sqlalchemy.engine.Engine:base.py:1848 PRAGMA main.table_info("seats")
INFO     sqlalchemy.engine.Engine:base.py:1848 [raw sql] ()
INFO     sqlalchemy.engine.Engine:base.py:1848 PRAGMA main.table_info("fares")
INFO     sqlalchemy.engine.Engine:base.py:1848 [raw sql] ()
INFO     sqlalchemy.engine.Engine:base.py:1848 PRAGMA main.table_info("transfers")
INFO     sqlalchemy.engine.Engine:base.py:1848 [raw sql] ()
INFO     sqlalchemy.engine.Engine:base.py:1848 PRAGMA main.table_info("bookings")
INFO     sqlalchemy.engine.Engine:base.py:1848 [raw sql] ()
INFO     sqlalchemy.engine.Engine:base.py:1848 PRAGMA main.table_info("passenger_details")
INFO     sqlalchemy.engine.Engine:base.py:1848 [raw sql] ()
INFO     sqlalchemy.engine.Engine:base.py:1848 PRAGMA main.table_info("unlocked_routes")
INFO     sqlalchemy.engine.Engine:base.py:1848 [raw sql] ()
INFO     sqlalchemy.engine.Engine:base.py:1848 PRAGMA main.table_info("disruptions")
INFO     sqlalchemy.engine.Engine:base.py:1848 [raw sql] ()
INFO     sqlalchemy.engine.Engine:base.py:1848 PRAGMA main.table_info("seat_inventory")
INFO     sqlalchemy.engine.Engine:base.py:1848 [raw sql] ()
INFO     sqlalchemy.engine.Engine:base.py:1848 PRAGMA main.table_info("commission_tracking")
INFO     sqlalchemy.engine.Engine:base.py:1848 [raw sql] ()
INFO     sqlalchemy.engine.Engine:base.py:1848 PRAGMA main.table_info("reviews")
INFO     sqlalchemy.engine.Engine:base.py:1848 [raw sql] ()
INFO     sqlalchemy.engine.Engine:base.py:1848 PRAGMA main.table_info("payments")
INFO     sqlalchemy.engine.Engine:base.py:1848 [raw sql] ()
INFO     sqlalchemy.engine.Engine:base.py:1848 PRAGMA main.table_info("realtime_data")
INFO     sqlalchemy.engine.Engine:base.py:1848 [raw sql] ()
INFO     sqlalchemy.engine.Engine:base.py:1848 PRAGMA main.table_info("rl_feedback_logs")
INFO     sqlalchemy.engine.Engine:base.py:1848 [raw sql] ()
INFO     sqlalchemy.engine.Engine:base.py:1848 PRAGMA main.table_info("route_shapes")
INFO     sqlalchemy.engine.Engine:base.py:1848 [raw sql] ()
INFO     sqlalchemy.engine.Engine:base.py:1848 PRAGMA main.table_info("frequencies")
INFO     sqlalchemy.engine.Engine:base.py:1848 [raw sql] ()
INFO     sqlalchemy.engine.Engine:base.py:1848 PRAGMA main.table_info("station_facilities")
INFO     sqlalchemy.engine.Engine:base.py:1848 [raw sql] ()
INFO     sqlalchemy.engine.Engine:base.py:1848 PRAGMA main.table_info("cancellation_rules")
INFO     sqlalchemy.engine.Engine:base.py:1848 [raw sql] ()
INFO     sqlalchemy.engine.Engine:base.py:1848 PRAGMA main.table_info("waiting_list")
INFO     sqlalchemy.engine.Engine:base.py:1848 [raw sql] ()
INFO     sqlalchemy.engine.Engine:base.py:1848 PRAGMA main.table_info("precalculated_routes")
INFO     sqlalchemy.engine.Engine:base.py:1848 [raw sql] ()
INFO     sqlalchemy.engine.Engine:base.py:1848 PRAGMA main.table_info("vehicles")
INFO     sqlalchemy.engine.Engine:base.py:1848 [raw sql] ()
INFO     sqlalchemy.engine.Engine:base.py:1848 PRAGMA main.table_info("stations")
INFO     sqlalchemy.engine.Engine:base.py:1848 [raw sql] ()
INFO     sqlalchemy.engine.Engine:base.py:1848 PRAGMA main.table_info("segments")
INFO     sqlalchemy.engine.Engine:base.py:1848 [raw sql] ()
INFO     sqlalchemy.engine.Engine:base.py:1848 PRAGMA main.table_info("station_departures_indexed")
INFO     sqlalchemy.engine.Engine:base.py:1848 [raw sql] ()
INFO     sqlalchemy.engine.Engine:base.py:1848 PRAGMA main.table_info("time_index_keys")
INFO     sqlalchemy.engine.Engine:base.py:1848 [raw sql] ()
INFO     sqlalchemy.engine.Engine:base.py:1848 PRAGMA main.table_info("station_departures")
INFO     sqlalchemy.engine.Engine:base.py:1848 [raw sql] ()
INFO     sqlalchemy.engine.Engine:base.py:1848 PRAGMA main.table_info("stop_departures")
INFO     sqlalchemy.engine.Engine:base.py:1848 [raw sql] ()
INFO     sqlalchemy.engine.Engine:base.py:1848 PRAGMA main.table_info("stations_master")
INFO     sqlalchemy.engine.Engine:base.py:1848 [raw sql] ()
INFO     sqlalchemy.engine.Engine:base.py:1848 PRAGMA main.table_info("route_search_logs")
INFO     sqlalchemy.engine.Engine:base.py:1848 [raw sql] ()
INFO     sqlalchemy.engine.Engine:base.py:1848 PRAGMA main.table_info("train_states")
INFO     sqlalchemy.engine.Engine:base.py:1848 [raw sql] ()
INFO     sqlalchemy.engine.Engine:base.py:1848 PRAGMA main.table_info("seat_availability")
INFO     sqlalchemy.engine.Engine:base.py:1848 [raw sql] ()
INFO     sqlalchemy.engine.Engine:base.py:1848 PRAGMA main.table_info("trains_master")
INFO     sqlalchemy.engine.Engine:base.py:1848 [raw sql] ()
INFO     sqlalchemy.engine.Engine:base.py:1848 PRAGMA main.table_info("train_stations")
INFO     sqlalchemy.engine.Engine:base.py:1848 [raw sql] ()
INFO     sqlalchemy.engine.Engine:base.py:1848 PRAGMA main.table_info("train_live_updates")
INFO     sqlalchemy.engine.Engine:base.py:1848 [raw sql] ()
INFO     sqlalchemy.engine.Engine:base.py:1848 PRAGMA main.table_info("quota_inventory")
INFO     sqlalchemy.engine.Engine:base.py:1848 [raw sql] ()
INFO     sqlalchemy.engine.Engine:base.py:1848 PRAGMA temp.table_info("quota_inventory")
INFO     sqlalchemy.engine.Engine:base.py:1848 [raw sql] ()
INFO     sqlalchemy.engine.Engine:base.py:1848 PRAGMA main.table_info("waitlist_queue")
INFO     sqlalchemy.engine.Engine:base.py:1848 [raw sql] ()
INFO     sqlalchemy.engine.Engine:base.py:1848 PRAGMA temp.table_info("waitlist_queue")
INFO     sqlalchemy.engine.Engine:base.py:1848 [raw sql] ()
INFO     sqlalchemy.engine.Engine:base.py:1848 
DROP TABLE unlocked_routes
INFO     sqlalchemy.engine.Engine:base.py:1848 [no key 0.00024s] ()
INFO     sqlalchemy.engine.Engine:base.py:1848 
DROP TABLE waiting_list
INFO     sqlalchemy.engine.Engine:base.py:1848 [no key 0.00046s] ()
INFO     sqlalchemy.engine.Engine:base.py:1848 
DROP TABLE payments
INFO     sqlalchemy.engine.Engine:base.py:1848 [no key 0.00042s] ()
INFO     sqlalchemy.engine.Engine:base.py:1848 
DROP TABLE reviews
INFO     sqlalchemy.engine.Engine:base.py:1848 [no key 0.00039s] ()
INFO     sqlalchemy.engine.Engine:base.py:1848 
DROP TABLE seat_inventory
INFO     sqlalchemy.engine.Engine:base.py:1848 [no key 0.00038s] ()
INFO     sqlalchemy.engine.Engine:base.py:1848 
DROP TABLE passenger_details
INFO     sqlalchemy.engine.Engine:base.py:1848 [no key 0.00046s] ()
INFO     sqlalchemy.engine.Engine:base.py:1848 
DROP TABLE seats
INFO     sqlalchemy.engine.Engine:base.py:1848 [no key 0.00042s] ()
INFO     sqlalchemy.engine.Engine:base.py:1848 
DROP TABLE station_departures_indexed
INFO     sqlalchemy.engine.Engine:base.py:1848 [no key 0.00041s] ()
INFO     sqlalchemy.engine.Engine:base.py:1848 
DROP TABLE segments
INFO     sqlalchemy.engine.Engine:base.py:1848 [no key 0.00081s] ()
INFO     sqlalchemy.engine.Engine:base.py:1848 
DROP TABLE frequencies
INFO     sqlalchemy.engine.Engine:base.py:1848 [no key 0.00045s] ()
INFO     sqlalchemy.engine.Engine:base.py:1848 
DROP TABLE disruptions
INFO     sqlalchemy.engine.Engine:base.py:1848 [no key 0.00056s] ()
INFO     sqlalchemy.engine.Engine:base.py:1848 
DROP TABLE bookings
INFO     sqlalchemy.engine.Engine:base.py:1848 [no key 0.00037s] ()
INFO     sqlalchemy.engine.Engine:base.py:1848 
DROP TABLE fares
INFO     sqlalchemy.engine.Engine:base.py:1848 [no key 0.00053s] ()
INFO     sqlalchemy.engine.Engine:base.py:1848 
DROP TABLE coaches
INFO     sqlalchemy.engine.Engine:base.py:1848 [no key 0.00041s] ()
INFO     sqlalchemy.engine.Engine:base.py:1848 
DROP TABLE stop_times
INFO     sqlalchemy.engine.Engine:base.py:1848 [no key 0.00048s] ()
INFO     sqlalchemy.engine.Engine:base.py:1848 
DROP TABLE cancellation_rules
INFO     sqlalchemy.engine.Engine:base.py:1848 [no key 0.00040s] ()
INFO     sqlalchemy.engine.Engine:base.py:1848 
DROP TABLE route_shapes
INFO     sqlalchemy.engine.Engine:base.py:1848 [no key 0.00041s] ()
INFO     sqlalchemy.engine.Engine:base.py:1848 
DROP TABLE transfers
INFO     sqlalchemy.engine.Engine:base.py:1848 [no key 0.00053s] ()
INFO     sqlalchemy.engine.Engine:base.py:1848 
DROP TABLE trips
INFO     sqlalchemy.engine.Engine:base.py:1848 [no key 0.00049s] ()
INFO     sqlalchemy.engine.Engine:base.py:1848 
DROP TABLE train_stations
INFO     sqlalchemy.engine.Engine:base.py:1848 [no key 0.00063s] ()
INFO     sqlalchemy.engine.Engine:base.py:1848 
DROP TABLE train_states
INFO     sqlalchemy.engine.Engine:base.py:1848 [no key 0.00043s] ()
INFO     sqlalchemy.engine.Engine:base.py:1848 
DROP TABLE route_search_logs
INFO     sqlalchemy.engine.Engine:base.py:1848 [no key 0.00032s] ()
INFO     sqlalchemy.engine.Engine:base.py:1848 
DROP TABLE stop_departures
INFO     sqlalchemy.engine.Engine:base.py:1848 [no key 0.00034s] ()
INFO     sqlalchemy.engine.Engine:base.py:1848 
DROP TABLE station_departures
INFO     sqlalchemy.engine.Engine:base.py:1848 [no key 0.00037s] ()
INFO     sqlalchemy.engine.Engine:base.py:1848 
DROP TABLE station_facilities
INFO     sqlalchemy.engine.Engine:base.py:1848 [no key 0.00044s] ()
INFO     sqlalchemy.engine.Engine:base.py:1848 
DROP TABLE rl_feedback_logs
INFO     sqlalchemy.engine.Engine:base.py:1848 [no key 0.00041s] ()
INFO     sqlalchemy.engine.Engine:base.py:1848 
DROP TABLE commission_tracking
INFO     sqlalchemy.engine.Engine:base.py:1848 [no key 0.00040s] ()
INFO     sqlalchemy.engine.Engine:base.py:1848 
DROP TABLE gtfs_routes
INFO     sqlalchemy.engine.Engine:base.py:1848 [no key 0.00043s] ()
INFO     sqlalchemy.engine.Engine:base.py:1848 
DROP TABLE train_live_updates
INFO     sqlalchemy.engine.Engine:base.py:1848 [no key 0.00060s] ()
INFO     sqlalchemy.engine.Engine:base.py:1848 
DROP TABLE trains_master
INFO     sqlalchemy.engine.Engine:base.py:1848 [no key 0.00038s] ()
INFO     sqlalchemy.engine.Engine:base.py:1848 
DROP TABLE seat_availability
INFO     sqlalchemy.engine.Engine:base.py:1848 [no key 0.00050s] ()
INFO     sqlalchemy.engine.Engine:base.py:1848 
DROP TABLE stations_master
INFO     sqlalchemy.engine.Engine:base.py:1848 [no key 0.00050s] ()
INFO     sqlalchemy.engine.Engine:base.py:1848 
DROP TABLE time_index_keys
INFO     sqlalchemy.engine.Engine:base.py:1848 [no key 0.00042s] ()
INFO     sqlalchemy.engine.Engine:base.py:1848 
DROP TABLE stations
INFO     sqlalchemy.engine.Engine:base.py:1848 [no key 0.00064s] ()
INFO     sqlalchemy.engine.Engine:base.py:1848 
DROP TABLE vehicles
INFO     sqlalchemy.engine.Engine:base.py:1848 [no key 0.00054s] ()
INFO     sqlalchemy.engine.Engine:base.py:1848 
DROP TABLE precalculated_routes
INFO     sqlalchemy.engine.Engine:base.py:1848 [no key 0.00048s] ()
INFO     sqlalchemy.engine.Engine:base.py:1848 
DROP TABLE realtime_data
INFO     sqlalchemy.engine.Engine:base.py:1848 [no key 0.00067s] ()
INFO     sqlalchemy.engine.Engine:base.py:1848 
DROP TABLE calendar_dates
INFO     sqlalchemy.engine.Engine:base.py:1848 [no key 0.00056s] ()
INFO     sqlalchemy.engine.Engine:base.py:1848 
DROP TABLE calendar
INFO     sqlalchemy.engine.Engine:base.py:1848 [no key 0.00066s] ()
INFO     sqlalchemy.engine.Engine:base.py:1848 
DROP TABLE stops
INFO     sqlalchemy.engine.Engine:base.py:1848 [no key 0.00101s] ()
INFO     sqlalchemy.engine.Engine:base.py:1848 
DROP TABLE agency
INFO     sqlalchemy.engine.Engine:base.py:1848 [no key 0.00236s] ()
INFO     sqlalchemy.engine.Engine:base.py:1848 
DROP TABLE users
INFO     sqlalchemy.engine.Engine:base.py:1848 [no key 0.00091s] ()
INFO     sqlalchemy.engine.Engine:base.py:2695 COMMIT
============================== warnings summary ===============================
..\..\..\AppData\Local\Programs\Python\Python311\Lib\site-packages\pydantic\_internal\_config.py:268: 16 warnings
  C:\Users\Gaurav Nagar\AppData\Local\Programs\Python\Python311\Lib\site-packages\pydantic\_internal\_config.py:268: PydanticDeprecatedSince20: Support for class-based `config` is deprecated, use ConfigDict instead. Deprecated in Pydantic V2.0 to be removed in V3.0. See Pydantic V2 Migration Guide at https://errors.pydantic.dev/2.5/migration/
    warnings.warn(DEPRECATION_MESSAGE, DeprecationWarning)

..\..\..\AppData\Local\Programs\Python\Python311\Lib\site-packages\pydantic\_internal\_config.py:318
  C:\Users\Gaurav Nagar\AppData\Local\Programs\Python\Python311\Lib\site-packages\pydantic\_internal\_config.py:318: UserWarning: Valid config keys have changed in V2:
  * 'allow_population_by_field_name' has been renamed to 'populate_by_name'
    warnings.warn(message, UserWarning)

routemaster_agent\database\models.py:6
  C:\Users\Gaurav Nagar\OneDrive\Desktop\startupV2\routemaster_agent\database\models.py:6: MovedIn20Warning: The ``declarative_base()`` function is now available as sqlalchemy.orm.declarative_base(). (deprecated since: 2.0) (Background on SQLAlchemy 2.0 at: https://sqlalche.me/e/b8d9)
    Base = declarative_base()

backend\app.py:126
  C:\Users\Gaurav Nagar\OneDrive\Desktop\startupV2\backend\app.py:126: DeprecationWarning: 
          on_event is deprecated, use lifespan event handlers instead.
  
          Read more about it in the
          [FastAPI docs for Lifespan Events](https://fastapi.tiangolo.com/advanced/events/).
          
    @app.on_event("startup")

..\..\..\AppData\Local\Programs\Python\Python311\Lib\site-packages\fastapi\applications.py:4547
..\..\..\AppData\Local\Programs\Python\Python311\Lib\site-packages\fastapi\applications.py:4547
  C:\Users\Gaurav Nagar\AppData\Local\Programs\Python\Python311\Lib\site-packages\fastapi\applications.py:4547: DeprecationWarning: 
          on_event is deprecated, use lifespan event handlers instead.
  
          Read more about it in the
          [FastAPI docs for Lifespan Events](https://fastapi.tiangolo.com/advanced/events/).
          
    return self.router.on_event(event_type)

backend\app.py:265
  C:\Users\Gaurav Nagar\OneDrive\Desktop\startupV2\backend\app.py:265: DeprecationWarning: 
          on_event is deprecated, use lifespan event handlers instead.
  
          Read more about it in the
          [FastAPI docs for Lifespan Events](https://fastapi.tiangolo.com/advanced/events/).
          
    @app.on_event("shutdown")

-- Docs: https://docs.pytest.org/en/stable/how-to/capture-warnings.html
=========================== short test summary info ===========================
FAILED backend/tests/test_integration_audit.py::test_full_user_flow_and_ws - ...
!!!!!!!!!!!!!!!!!!!!!!!!!! stopping after 1 failures !!!!!!!!!!!!!!!!!!!!!!!!!!
======================= 1 failed, 22 warnings in 5.89s ========================
